$ docker run --rm --network df-run-9ff31e0f146244278cf8414ced7374e8 -v /home/prashant/projects/dark-factory-wearedevs:/work:ro -v /home/prashant/projects/band-work/result/evidence/harness/final/stage-3:/out -e PYTHONDONTWRITEBYTECODE=1 -e PYTEST_DISABLE_PLUGIN_AUTOLOAD=1 -e COLUMNS=200 -w /work df-harness-runner python -m pytest pocketful/test/stage_4 --base-url http://df-svc-7dcefdd74b0d:8080 -p harness.plugin --rootdir pocketful/test -q -x --previous-base-url http://df-svc-7dcefdd74b0d:8080 --harness-summary /out/stage-4.counts.json

F
=============================================================================================== FAILURES ===============================================================================================
_______________________________________________________________________________ test_other_payments_carry_refund_of_null _______________________________________________________________________________

world = namespace(ada=<harness.http.Api object at 0x790101bfadb0>, bob=<harness.http.Api object at 0x790100f93a40>)

    def test_other_payments_carry_refund_of_null(world):
>       assert pay(world.ada)["refund_of"] is None
               ^^^^^^^^^^^^^^^^^^^^^^^^^^^
E       KeyError: 'refund_of'

pocketful/test/stage_4/test_sample.py:44: KeyError
=========================================================================================== warnings summary ===========================================================================================
../usr/local/lib/python3.12/site-packages/_pytest/cacheprovider.py:469
  /usr/local/lib/python3.12/site-packages/_pytest/cacheprovider.py:469: PytestCacheWarning: could not create cache path /work/pocketful/test/.pytest_cache/v/cache/nodeids: [Errno 30] Read-only file system: '/work/pocketful/test/pytest-cache-files-_hvimru6'
    config.cache.set("cache/nodeids", sorted(self.cached_nodeids))

../usr/local/lib/python3.12/site-packages/_pytest/cacheprovider.py:423
  /usr/local/lib/python3.12/site-packages/_pytest/cacheprovider.py:423: PytestCacheWarning: could not create cache path /work/pocketful/test/.pytest_cache/v/cache/lastfailed: [Errno 30] Read-only file system: '/work/pocketful/test/pytest-cache-files-90t2q1xv'
    config.cache.set("cache/lastfailed", self.lastfailed)

-- Docs: https://docs.pytest.org/en/stable/how-to/capture-warnings.html
======================================================================================= short test summary info ========================================================================================
FAILED pocketful/test/stage_4/test_sample.py::test_other_payments_carry_refund_of_null - KeyError: 'refund_of'
!!!!!!!!!!!!!!!!!!!!!!!!!!!!!!!!!!!!!!!!!!!!!!!!!!!!!!!!!!!!!!!!!!!!!!!!!!!!!!!!!!!!!! stopping after 1 failures !!!!!!!!!!!!!!!!!!!!!!!!!!!!!!!!!!!!!!!!!!!!!!!!!!!!!!!!!!!!!!!!!!!!!!!!!!!!!!!!!!!!!!!
1 failed, 2 warnings in 0.13s

