$ /home/prashant/projects/band-work/result/.venv/bin/python -m pytest /home/prashant/projects/band-work/result/stage-1/tests -q -p no:cacheprovider --junitxml=/home/prashant/projects/band-work/result/evidence/gates/s1/adhoc-g2-20261004T140837-8a76.junit.xml  (exit 1)
ipant_handles_type_errors():
        """R-1-179"""
        fixture, handles, tokens = _n_user_fixture(2)
    
        r = api_post("/splits", json={"amount": 10}, headers={**auth(tokens[0]), **idem(unique("k"))})
>       assert_error(r, 422, "validation_failed")

stage-1/tests/test_splits.py:158: 
_ _ _ _ _ _ _ _ _ _ _ _ _ _ _ _ _ _ _ _ _ _ _ _ _ _ _ _ _ _ _ _ _ _ _ _ _ _ _ _ 

resp = <Response [404 Not Found]>, status = 422, code = 'validation_failed'

    def assert_error(resp: httpx.Response, status: int, code: str):
>       assert resp.status_code == status, f"expected {status} got {resp.status_code}: {resp.text}"
E       AssertionError: expected 422 got 404: {"error": {"code": "not_found", "message": "no such endpoint: POST /splits"}}
E       assert 404 == 422
E        +  where 404 = <Response [404 Not Found]>.status_code

stage-1/tests/conftest.py:165: AssertionError
______________ test_each_split_independent_balances_sum_preserved ______________

    def test_each_split_independent_balances_sum_preserved():
        """R-1-180, R-1-001"""
        fixture, handles, tokens = _n_user_fixture(4, balance=1000)
        seeded_total = sum(u["balance"] for u in fixture["users"])
    
        for round_i in range(3):
            r = api_post("/splits", json={"amount": 100 + round_i, "participant_handles": handles},
                         headers={**auth(tokens[0]), **idem(unique(f"split{round_i}"))})
>           assert r.status_code == 201, r.text
E           AssertionError: {"error": {"code": "not_found", "message": "no such endpoint: POST /splits"}}
E           assert 404 == 201
E            +  where 404 = <Response [404 Not Found]>.status_code

stage-1/tests/test_splits.py:181: AssertionError
=========================== short test summary info ============================
FAILED stage-1/tests/adversarial/test_n1_6_adversarial.py::test_unrelated_third_party_pay_is_403_not_404
FAILED stage-1/tests/adversarial/test_n1_6_adversarial.py::test_unrelated_third_party_decline_is_403_not_404
FAILED stage-1/tests/adversarial/test_n1_6_adversarial.py::test_unrelated_third_party_cancel_is_403_not_404
FAILED stage-1/tests/test_auth.py::test_password_not_stored_in_plaintext_via_export
FAILED stage-1/tests/test_errors_precedence.py::test_forbidden_non_operator_settlement
FAILED stage-1/tests/test_errors_precedence.py::test_precedence_permission_before_malformed_body
FAILED stage-1/tests/test_export_import.py::test_export_shape_unauthenticated
FAILED stage-1/tests/test_export_import.py::test_import_unauthenticated_and_full_replace
FAILED stage-1/tests/test_export_import.py::test_import_accepts_unmodified_export_regardless_of_origin
FAILED stage-1/tests/test_export_import.py::test_import_is_replacement_not_merge_idempotent
FAILED stage-1/tests/test_export_import.py::test_import_malformed_and_invalid_body
FAILED stage-1/tests/test_export_import.py::test_export_import_preserves_accounts_tokens_balances_requests
FAILED stage-1/tests/test_export_import.py::test_export_is_atomic_readonly_snapshot
FAILED stage-1/tests/test_export_import.py::test_export_import_preserves_settlement_operator_and_membership
FAILED stage-1/tests/test_idempotency.py::test_five_paths_require_idempotency_key
FAILED stage-1/tests/test_idempotency.py::test_body_equality_array_order_matters
FAILED stage-1/tests/test_payments_activity.py::test_split_itself_not_a_feed_item
FAILED stage-1/tests/test_payments_activity.py::test_settlement_member_payment_follows_feed_visibility_rule
FAILED stage-1/tests/test_reset_fixture.py::test_reset_accepts_full_fixture_shape
FAILED stage-1/tests/test_settlements.py::test_settlement_requires_operator_and_key
FAILED stage-1/tests/test_settlements.py::test_settlement_body_shape_and_defaults
FAILED stage-1/tests/test_settlements.py::test_settlement_batch_shape_errors
FAILED stage-1/tests/test_settlements.py::test_settlement_per_entry_errors - ...
FAILED stage-1/tests/test_settlements.py::test_affordable_net_zero_batch_succeeds_even_if_single_leg_would_not
FAILED stage-1/tests/test_settlements.py::test_unaffordable_net_batch_rejected_and_changes_nothing
FAILED stage-1/tests/test_settlements.py::test_settlement_atomic_all_or_nothing
FAILED stage-1/tests/test_settlements.py::test_failed_settlement_claims_no_key_and_creates_nothing
FAILED stage-1/tests/test_settlements.py::test_successful_settlement_response_shape
FAILED stage-1/tests/test_settlements.py::test_replaying_settlement_moves_no_additional_money
FAILED stage-1/tests/test_settlements.py::test_settlement_ignores_unknown_fields
FAILED stage-1/tests/test_settlements.py::test_operator_self_transfer_entries_permitted
FAILED stage-1/tests/test_splits.py::test_split_creates_requests_for_everyone_but_caller
FAILED stage-1/tests/test_splits.py::test_split_response_shape - AssertionErr...
FAILED stage-1/tests/test_splits.py::test_shares_sum_exactly_to_amount - Asse...
FAILED stage-1/tests/test_splits.py::test_share_arithmetic_matches_spec_examples[1000-3-expected0]
FAILED stage-1/tests/test_splits.py::test_share_arithmetic_matches_spec_examples[1-3-expected1]
FAILED stage-1/tests/test_splits.py::test_share_arithmetic_matches_spec_examples[10-3-expected2]
FAILED stage-1/tests/test_splits.py::test_share_arithmetic_matches_spec_examples[999-3-expected3]
FAILED stage-1/tests/test_splits.py::test_share_arithmetic_matches_spec_examples[5-5-expected4]
FAILED stage-1/tests/test_splits.py::test_reordering_participants_changes_who_gets_extra_unit
FAILED stage-1/tests/test_splits.py::test_zero_share_is_legal_and_still_creates_request
FAILED stage-1/tests/test_splits.py::test_split_only_caller_participant - Ass...
FAILED stage-1/tests/test_splits.py::test_split_checks_no_balance_and_moves_no_money
FAILED stage-1/tests/test_splits.py::test_split_errors - AssertionError: expe...
FAILED stage-1/tests/test_splits.py::test_split_participant_handles_type_errors
FAILED stage-1/tests/test_splits.py::test_each_split_independent_balances_sum_preserved
46 failed, 204 passed in 25.58s



RESULT: FAIL — 204 passed, 46 failed, 0 errors, 0 skipped
