$ docker build --label redline-gate=1 -t redline-gate-6d386ff7e1 /home/prashant/projects/band-work/result/stage-1  (exit 0)

#0 building with "default" instance using docker driver

#1 [internal] load build definition from Dockerfile
#1 transferring dockerfile: 176B done
#1 DONE 0.0s

#2 [internal] load metadata for docker.io/library/python:3.12-slim
#2 DONE 0.9s

#3 [internal] load .dockerignore
#3 transferring context: 2B done
#3 DONE 0.0s

#4 [internal] load build context
#4 transferring context: 172.77kB done
#4 DONE 0.0s

#5 [1/4] FROM docker.io/library/python:3.12-slim@sha256:02108f5d322dd89f1c9e552442c25acb0543dfdbc455693a5599624f20d9155d
#5 resolve docker.io/library/python:3.12-slim@sha256:02108f5d322dd89f1c9e552442c25acb0543dfdbc455693a5599624f20d9155d 0.0s done
#5 DONE 0.0s

#6 [2/4] WORKDIR /app
#6 CACHED

#7 [3/4] COPY main.py ./main.py
#7 CACHED

#8 [4/4] COPY service ./service
#8 DONE 0.0s

#9 exporting to image
#9 exporting layers 0.0s done
#9 writing image sha256:738dbae88a506c640608091a1e1e8a9084ddc016e1583cd9f343a296bdc27708 done
#9 naming to docker.io/library/redline-gate-6d386ff7e1 done
#9 DONE 0.1s

$ docker network create --internal redline-net-68da667f61  (exit 0)
5630be5fc7f3d9f14f7ef001f7d51bc31398dc9065f8f70e80c9b8796db9cd14


$ docker run -d --network redline-net-68da667f61 --cpus 2 --memory 2g -e PORT=8080 redline-gate-6d386ff7e1  (exit 0)
3de117a8414e059e4cfc044decb1b9d6d7a96dee8f2dcb94c8b396d4e0615955



RESULT: PASS — built and healthy offline at http://172.23.0.2:8080/health
--- service log (tail) ---

