$ docker build --label redline-gate=1 -t redline-gate-1d8058a9ae /tmp/redline-wt-0i0suela/stage-1  (exit 0)

#0 building with "default" instance using docker driver

#1 [internal] load build definition from Dockerfile
#1 transferring dockerfile: 176B done
#1 DONE 0.0s

#2 [internal] load metadata for docker.io/library/python:3.12-slim
#2 DONE 0.9s

#3 [internal] load .dockerignore
#3 transferring context: 2B done
#3 DONE 0.0s

#4 [1/4] FROM docker.io/library/python:3.12-slim@sha256:dddfd7e07f9d15aeeca61529320492139d21cac7f0070c00609243e51e4e0016
#4 DONE 0.0s

#5 [internal] load build context
#5 transferring context: 63.19kB done
#5 DONE 0.0s

#6 [2/4] WORKDIR /app
#6 CACHED

#7 [3/4] COPY main.py ./main.py
#7 CACHED

#8 [4/4] COPY service ./service
#8 DONE 0.0s

#9 exporting to image
#9 exporting layers 0.0s done
#9 writing image sha256:7a09c3afe34c291f0cf88578853f3d4c1d1c76e8aa0c8a6678b11320c2bf7f35 0.0s done
#9 naming to docker.io/library/redline-gate-1d8058a9ae done
#9 DONE 0.1s

$ docker network create --internal redline-net-4a3b74ece7  (exit 0)
e86f60b2ad66558838a02add52f22e6fb3c31da6a6ec422f3e98bf191e10c4cb


$ docker run -d --network redline-net-4a3b74ece7 --cpus 2 --memory 2g -e PORT=8080 redline-gate-1d8058a9ae  (exit 0)
f383b0efca8109f205d380acebcf1d6ec439431592e1b67cc46dfd5b9a9f54e4



RESULT: PASS — built and healthy offline at http://172.23.0.2:8080/health
--- service log (tail) ---

