$ /home/prashant/projects/band-work/result/.venv/bin/python -m pytest /home/prashant/projects/band-work/result/stage-1/tests -q -p no:cacheprovider --junitxml=/home/prashant/projects/band-work/result/evidence/gates/s1/adhoc-g2-20261004T140627-63f8.junit.xml  (exit 1)
h(tokens[0]), **idem(unique("k"))})
>       assert r.status_code == 201, r.text
E       AssertionError: {"error": {"code": "not_found", "message": "no such endpoint: POST /settlements"}}
E       assert 404 == 201
E        +  where 404 = <Response [404 Not Found]>.status_code

stage-1/tests/test_settlements.py:172: AssertionError
_____________ test_replaying_settlement_moves_no_additional_money ______________

    def test_replaying_settlement_moves_no_additional_money():
        """R-1-233"""
        fixture, ids, handles, tokens = _setup(n=2, balance=1000)
        key = unique("settle-key")
        body = {"transfers": [{"from_handle": handles[0], "to_handle": handles[1], "amount": 10}]}
        r1 = api_post("/settlements", json=body, headers={**auth(tokens[0]), **idem(key)})
>       assert r1.status_code == 201, r1.text
E       AssertionError: {"error": {"code": "not_found", "message": "no such endpoint: POST /settlements"}}
E       assert 404 == 201
E        +  where 404 = <Response [404 Not Found]>.status_code

stage-1/tests/test_settlements.py:195: AssertionError
____________________ test_settlement_ignores_unknown_fields ____________________

    def test_settlement_ignores_unknown_fields():
        """R-1-234, R-1-022"""
        fixture, ids, handles, tokens = _setup(n=2, balance=1000)
        body = {"transfers": [{"from_handle": handles[0], "to_handle": handles[1], "amount": 10, "mystery": True}],
                "another_unknown_field": 123}
        r = api_post("/settlements", json=body, headers={**auth(tokens[0]), **idem(unique("k"))})
>       assert r.status_code == 201, r.text
E       AssertionError: {"error": {"code": "not_found", "message": "no such endpoint: POST /settlements"}}
E       assert 404 == 201
E        +  where 404 = <Response [404 Not Found]>.status_code

stage-1/tests/test_settlements.py:210: AssertionError
________________ test_operator_self_transfer_entries_permitted _________________

    def test_operator_self_transfer_entries_permitted():
        """R-1-236"""
        fixture, ids, handles, tokens = _setup(n=2, balance=1000, operators=2)
        # operator's own handle appears as from_handle in one entry and to_handle in another,
        # but never both within the SAME entry.
        body = {"transfers": [
            {"from_handle": handles[0], "to_handle": handles[1], "amount": 10},
            {"from_handle": handles[1], "to_handle": handles[0], "amount": 4},
        ]}
        r = api_post("/settlements", json=body, headers={**auth(tokens[0]), **idem(unique("k"))})
>       assert r.status_code == 201, r.text
E       AssertionError: {"error": {"code": "not_found", "message": "no such endpoint: POST /settlements"}}
E       assert 404 == 201
E        +  where 404 = <Response [404 Not Found]>.status_code

stage-1/tests/test_settlements.py:223: AssertionError
=========================== short test summary info ============================
FAILED stage-1/tests/test_auth.py::test_password_not_stored_in_plaintext_via_export
FAILED stage-1/tests/test_errors_precedence.py::test_forbidden_non_operator_settlement
FAILED stage-1/tests/test_errors_precedence.py::test_precedence_permission_before_malformed_body
FAILED stage-1/tests/test_export_import.py::test_export_shape_unauthenticated
FAILED stage-1/tests/test_export_import.py::test_import_unauthenticated_and_full_replace
FAILED stage-1/tests/test_export_import.py::test_import_accepts_unmodified_export_regardless_of_origin
FAILED stage-1/tests/test_export_import.py::test_import_is_replacement_not_merge_idempotent
FAILED stage-1/tests/test_export_import.py::test_import_malformed_and_invalid_body
FAILED stage-1/tests/test_export_import.py::test_export_import_preserves_accounts_tokens_balances_requests
FAILED stage-1/tests/test_export_import.py::test_export_is_atomic_readonly_snapshot
FAILED stage-1/tests/test_export_import.py::test_export_import_preserves_settlement_operator_and_membership
FAILED stage-1/tests/test_idempotency.py::test_absent_vs_default_present_is_different_body
FAILED stage-1/tests/test_idempotency.py::test_key_reused_after_4xx_failure_is_first_use
FAILED stage-1/tests/test_idempotency.py::test_replay_after_resource_changed_still_returns_original
FAILED stage-1/tests/test_payments_activity.py::test_settlement_member_payment_follows_feed_visibility_rule
FAILED stage-1/tests/test_requests.py::test_request_lifecycle_terminal_states
FAILED stage-1/tests/test_requests.py::test_pay_request_payer_only_shape - As...
FAILED stage-1/tests/test_requests.py::test_pay_request_visibility_is_payers_choice
FAILED stage-1/tests/test_requests.py::test_pay_body_distinguishes_empty_from_explicit_default
FAILED stage-1/tests/test_requests.py::test_replaying_successful_pay_never_409s
FAILED stage-1/tests/test_requests.py::test_decline_request - AssertionError:...
FAILED stage-1/tests/test_reset_fixture.py::test_reset_accepts_full_fixture_shape
FAILED stage-1/tests/test_settlements.py::test_settlement_requires_operator_and_key
FAILED stage-1/tests/test_settlements.py::test_settlement_body_shape_and_defaults
FAILED stage-1/tests/test_settlements.py::test_settlement_batch_shape_errors
FAILED stage-1/tests/test_settlements.py::test_settlement_per_entry_errors - ...
FAILED stage-1/tests/test_settlements.py::test_affordable_net_zero_batch_succeeds_even_if_single_leg_would_not
FAILED stage-1/tests/test_settlements.py::test_unaffordable_net_batch_rejected_and_changes_nothing
FAILED stage-1/tests/test_settlements.py::test_settlement_atomic_all_or_nothing
FAILED stage-1/tests/test_settlements.py::test_failed_settlement_claims_no_key_and_creates_nothing
FAILED stage-1/tests/test_settlements.py::test_successful_settlement_response_shape
FAILED stage-1/tests/test_settlements.py::test_replaying_settlement_moves_no_additional_money
FAILED stage-1/tests/test_settlements.py::test_settlement_ignores_unknown_fields
FAILED stage-1/tests/test_settlements.py::test_operator_self_transfer_entries_permitted
34 failed, 204 passed in 26.34s



RESULT: FAIL — 204 passed, 34 failed, 0 errors, 0 skipped
