$ docker build --label redline-gate=1 -t redline-gate-6d386ff7e1 /home/prashant/projects/band-work/result/stage-1  (exit 0)

#0 building with "default" instance using docker driver

#1 [internal] load build definition from Dockerfile
#1 transferring dockerfile: 176B done
#1 DONE 0.0s

#2 [internal] load metadata for docker.io/library/python:3.12-slim
#2 DONE 0.0s

#3 [internal] load .dockerignore
#3 transferring context: 2B done
#3 DONE 0.0s

#4 [1/4] FROM docker.io/library/python:3.12-slim
#4 DONE 0.0s

#5 [internal] load build context
#5 transferring context: 211.34kB done
#5 DONE 0.0s

#6 [2/4] WORKDIR /app
#6 CACHED

#7 [3/4] COPY main.py ./main.py
#7 CACHED

#8 [4/4] COPY service ./service
#8 DONE 0.0s

#9 exporting to image
#9 exporting layers 0.0s done
#9 writing image sha256:fe8baba47051fa4694f9878b64d48ea78e649ccfa109ed78107582ae19e7e61e done
#9 naming to docker.io/library/redline-gate-6d386ff7e1 done
#9 DONE 0.0s

$ docker network create --internal redline-net-1e1759130a  (exit 0)
4997008e55dfe760299e709f896338eb27736ce1ce0951b971b6b8868b0bb485


$ docker run -d --network redline-net-1e1759130a --cpus 2 --memory 2g -e PORT=8080 redline-gate-6d386ff7e1  (exit 0)
a1b2f91de8c2f49c6fa89486c219b37b9cac09a83a2d5fa416757d4578cffcb2



RESULT: PASS — built and healthy offline at http://172.27.0.2:8080/health
--- service log (tail) ---

