$ /home/prashant/projects/band-work/result/.venv/bin/python -m pytest /tmp/redline-wt-ylctaela/stage-1/tests -q -p no:cacheprovider --junitxml=/home/prashant/projects/band-work/result/evidence/gates/s1/adhoc-g2-20261004T154751-9804.junit.xml  (exit 1)
........................................................................ [ 22%]
........................................................................ [ 45%]
........F............................................................... [ 68%]
........................................................................ [ 91%]
..........................                                               [100%]
=================================== FAILURES ===================================
_______________________ test_over_long_header_block_400 ________________________

    def test_over_long_header_block_400():
        """R-1-079, R-1-060: an over-long header block is a client-caused
        framing error, with the same non-empty-message requirement."""
        padding = "".join(f"X-Pad-{i}: {'a' * 1000}\r\n" for i in range(200))
        request = f"GET /health HTTP/1.1\r\nHost: test\r\n{padding}Connection: close\r\n\r\n".encode()
        raw = _send_raw(request)
        assert _status_code(raw) == 400
        assert b"<html" not in raw.lower()
>       body = _error_body(raw)
               ^^^^^^^^^^^^^^^^

/tmp/redline-wt-ylctaela/stage-1/tests/test_http_framing.py:81: 
_ _ _ _ _ _ _ _ _ _ _ _ _ _ _ _ _ _ _ _ _ _ _ _ _ _ _ _ _ _ _ _ _ _ _ _ _ _ _ _ 
/tmp/redline-wt-ylctaela/stage-1/tests/test_http_framing.py:55: in _error_body
    return json.loads(body.decode("utf-8"))
           ^^^^^^^^^^^^^^^^^^^^^^^^^^^^^^^^
../../../.local/share/uv/python/cpython-3.12.13-linux-x86_64-gnu/lib/python3.12/json/__init__.py:346: in loads
    return _default_decoder.decode(s)
           ^^^^^^^^^^^^^^^^^^^^^^^^^^
../../../.local/share/uv/python/cpython-3.12.13-linux-x86_64-gnu/lib/python3.12/json/decoder.py:338: in decode
    obj, end = self.raw_decode(s, idx=_w(s, 0).end())
               ^^^^^^^^^^^^^^^^^^^^^^^^^^^^^^^^^^^^^^
_ _ _ _ _ _ _ _ _ _ _ _ _ _ _ _ _ _ _ _ _ _ _ _ _ _ _ _ _ _ _ _ _ _ _ _ _ _ _ _ 

self = <json.decoder.JSONDecoder object at 0x7413a6c89370>, s = '', idx = 0

    def raw_decode(self, s, idx=0):
        """Decode a JSON document from ``s`` (a ``str`` beginning with
        a JSON document) and return a 2-tuple of the Python
        representation and the index in ``s`` where the document ended.
    
        This can be used to decode a JSON document from a string that may
        have extraneous data at the end.
    
        """
        try:
            obj, end = self.scan_once(s, idx)
        except StopIteration as err:
>           raise JSONDecodeError("Expecting value", s, err.value) from None
E           json.decoder.JSONDecodeError: Expecting value: line 1 column 1 (char 0)

../../../.local/share/uv/python/cpython-3.12.13-linux-x86_64-gnu/lib/python3.12/json/decoder.py:356: JSONDecodeError
=========================== short test summary info ============================
FAILED ../../../../../tmp/redline-wt-ylctaela/stage-1/tests/test_http_framing.py::test_over_long_header_block_400
1 failed, 313 passed in 179.65s (0:02:59)



RESULT: FAIL — 313 passed, 1 failed, 0 errors, 0 skipped
