$ docker build --label redline-gate=1 -t redline-gate-6d386ff7e1 /home/prashant/projects/band-work/result/stage-1  (exit 0)

#0 building with "default" instance using docker driver

#1 [internal] load build definition from Dockerfile
#1 transferring dockerfile: 176B done
#1 DONE 0.0s

#2 [internal] load metadata for docker.io/library/python:3.12-slim
#2 DONE 0.4s

#3 [internal] load .dockerignore
#3 transferring context: 2B done
#3 DONE 0.0s

#4 [internal] load build context
#4 transferring context: 205.59kB done
#4 DONE 0.0s

#5 [1/4] FROM docker.io/library/python:3.12-slim@sha256:02108f5d322dd89f1c9e552442c25acb0543dfdbc455693a5599624f20d9155d
#5 resolve docker.io/library/python:3.12-slim@sha256:02108f5d322dd89f1c9e552442c25acb0543dfdbc455693a5599624f20d9155d 0.0s done
#5 DONE 0.0s

#6 [2/4] WORKDIR /app
#6 CACHED

#7 [3/4] COPY main.py ./main.py
#7 CACHED

#8 [4/4] COPY service ./service
#8 CACHED

#9 exporting to image
#9 exporting layers done
#9 writing image sha256:4730259610ecb8555bad745440b9b8691040ed6f7b322dd3735de3af93b04201 done
#9 naming to docker.io/library/redline-gate-6d386ff7e1 done
#9 DONE 0.0s

$ docker network create --internal redline-net-ccd891007f  (exit 0)
a6f0a9a1a96765aeb02ac4d89400582e4296c35b58b486ffc1c60ddfbd8e8042


$ docker run -d --network redline-net-ccd891007f --cpus 2 --memory 2g -e PORT=8080 redline-gate-6d386ff7e1  (exit 0)
31580c0e6087abc917e65af4712a1062f62b3c78e82a59a601a3dd9e026b6cea



RESULT: PASS — built and healthy offline at http://172.23.0.2:8080/health
--- service log (tail) ---

