$ docker build --label redline-gate=1 -t redline-gate-f0ed733826 /tmp/redline-wt-ganqk_pz/stage-1  (exit 0)

#0 building with "default" instance using docker driver

#1 [internal] load build definition from Dockerfile
#1 transferring dockerfile: 176B done
#1 DONE 0.0s

#2 [internal] load metadata for docker.io/library/python:3.12-slim
#2 DONE 1.5s

#3 [internal] load .dockerignore
#3 transferring context: 2B done
#3 DONE 0.0s

#4 [1/4] FROM docker.io/library/python:3.12-slim@sha256:dddfd7e07f9d15aeeca61529320492139d21cac7f0070c00609243e51e4e0016
#4 DONE 0.0s

#5 [internal] load build context
#5 transferring context: 47.38kB done
#5 DONE 0.0s

#6 [3/4] COPY main.py ./main.py
#6 CACHED

#7 [2/4] WORKDIR /app
#7 CACHED

#8 [4/4] COPY service ./service
#8 CACHED

#9 exporting to image
#9 exporting layers done
#9 writing image sha256:e120e3d1a23863bb532ff69fc37f5ce3cc78e7eddad6e5dcc49d355578f7f1dc done
#9 naming to docker.io/library/redline-gate-f0ed733826 done
#9 DONE 0.0s

$ docker network create --internal redline-net-201709b895  (exit 0)
ab95038b675e1ee180fb89fb6498267064f2f50a79dddb54706ff4a59329905e


$ docker run -d --network redline-net-201709b895 --cpus 2 --memory 2g -e PORT=8080 redline-gate-f0ed733826  (exit 0)
3edc96d9011e746242108d26fc7acc47fd887586f6c37be76d6438e64c4506de



RESULT: PASS — built and healthy offline at http://172.22.0.2:8080/health
--- service log (tail) ---

