$ docker build --label redline-gate=1 -t redline-gate-3fcea21e10 /tmp/redline-wt-v31qumvl/stage-1  (exit 0)

#0 building with "default" instance using docker driver

#1 [internal] load build definition from Dockerfile
#1 transferring dockerfile: 176B done
#1 DONE 0.0s

#2 [internal] load metadata for docker.io/library/python:3.12-slim
#2 DONE 1.7s

#3 [internal] load .dockerignore
#3 transferring context: 2B done
#3 DONE 0.0s

#4 [1/4] FROM docker.io/library/python:3.12-slim@sha256:dddfd7e07f9d15aeeca61529320492139d21cac7f0070c00609243e51e4e0016
#4 DONE 0.0s

#5 [internal] load build context
#5 transferring context: 47.38kB done
#5 DONE 0.0s

#6 [2/4] WORKDIR /app
#6 CACHED

#7 [3/4] COPY main.py ./main.py
#7 CACHED

#8 [4/4] COPY service ./service
#8 DONE 0.0s

#9 exporting to image
#9 exporting layers 0.0s done
#9 writing image sha256:e120e3d1a23863bb532ff69fc37f5ce3cc78e7eddad6e5dcc49d355578f7f1dc done
#9 naming to docker.io/library/redline-gate-3fcea21e10 done
#9 DONE 0.1s

$ docker network create --internal redline-net-c0afd1c828  (exit 0)
19dea0e1135c9e5be637c88d427fb0a8c7e3cd8842295cbcc10438127cc22a4f


$ docker run -d --network redline-net-c0afd1c828 --cpus 2 --memory 2g -e PORT=8080 redline-gate-3fcea21e10  (exit 0)
d4d0d87f569d2978ce88f664fb98b038e760449a02f02fa623181896ce07891b



RESULT: PASS — built and healthy offline at http://172.22.0.2:8080/health
--- service log (tail) ---

