$ docker build --label redline-gate=1 -t redline-gate-09ae21f774 /tmp/redline-wt-g4zvnd58/stage-1  (exit 0)

#0 building with "default" instance using docker driver

#1 [internal] load build definition from Dockerfile
#1 transferring dockerfile: 176B done
#1 DONE 0.0s

#2 [internal] load metadata for docker.io/library/python:3.12-slim
#2 DONE 0.0s

#3 [internal] load .dockerignore
#3 transferring context: 2B done
#3 DONE 0.0s

#4 [1/4] FROM docker.io/library/python:3.12-slim
#4 DONE 0.0s

#5 [internal] load build context
#5 transferring context: 83.50kB done
#5 DONE 0.0s

#6 [2/4] WORKDIR /app
#6 CACHED

#7 [3/4] COPY main.py ./main.py
#7 CACHED

#8 [4/4] COPY service ./service
#8 CACHED

#9 exporting to image
#9 exporting layers done
#9 writing image sha256:dfb7ea2daba4f5f34ef0a2b098a106f4a15712111aca60cc8bc20a5e11d90126 done
#9 naming to docker.io/library/redline-gate-09ae21f774 done
#9 DONE 0.0s

$ docker network create --internal redline-net-7c5fbb6262  (exit 0)
664e66d00da82df32704015cafa9c5f91a949c25703e827828378ba186eb0e59


$ docker run -d --network redline-net-7c5fbb6262 --cpus 2 --memory 2g -e PORT=8080 redline-gate-09ae21f774  (exit 0)
7f697ee94665342e15cb8c75c091a0b1b2c7cb401917e53bdeef5762f5a7626b



RESULT: PASS — no earlier stage folder; nothing to regress
--- service log (tail) ---

