$ docker build --label redline-gate=1 -t redline-gate-e0545ff2f7 /tmp/redline-wt-rso97yvk/stage-1  (exit 0)

#0 building with "default" instance using docker driver

#1 [internal] load build definition from Dockerfile
#1 DONE 0.0s

#1 [internal] load build definition from Dockerfile
#1 transferring dockerfile: 176B done
#1 DONE 0.0s

#2 [internal] load metadata for docker.io/library/python:3.12-slim
#2 DONE 0.0s

#3 [internal] load .dockerignore
#3 transferring context: 2B done
#3 DONE 0.0s

#4 [1/4] FROM docker.io/library/python:3.12-slim
#4 DONE 0.0s

#5 [internal] load build context
#5 transferring context: 83.50kB done
#5 DONE 0.0s

#6 [2/4] WORKDIR /app
#6 CACHED

#7 [3/4] COPY main.py ./main.py
#7 CACHED

#8 [4/4] COPY service ./service
#8 CACHED

#9 exporting to image
#9 exporting layers done
#9 writing image sha256:dfb7ea2daba4f5f34ef0a2b098a106f4a15712111aca60cc8bc20a5e11d90126 done
#9 naming to docker.io/library/redline-gate-e0545ff2f7 done
#9 DONE 0.0s

$ docker network create --internal redline-net-08c4a32082  (exit 0)
2188f350b195f7123ce453b29586e30359da284ae27a77cd30151ab48f6b8672


$ docker run -d --network redline-net-08c4a32082 --cpus 2 --memory 2g -e PORT=8080 redline-gate-e0545ff2f7  (exit 0)
5dfaa3e4779043f9f567679f19e429742f51d791ce28913c015f0857784265f5



RESULT: PASS — built and healthy offline at http://172.25.0.2:8080/health
--- service log (tail) ---

