$ /home/prashant/projects/band-work/result/.venv/bin/python -m pytest /tmp/redline-wt-rso97yvk/stage-1/tests -q -p no:cacheprovider --junitxml=/home/prashant/projects/band-work/result/evidence/gates/s1/close-g2-20261004T154456-6c7b.junit.xml  (exit 1)
: f"Bearer {login_token(new_email)}"}).json()["balance"]
                                                                         ^^^^^^^^^^^^^^^^^^^^^^

/tmp/redline-wt-rso97yvk/stage-1/tests/adversarial/test_n1_10_2_adversarial.py:230: 
_ _ _ _ _ _ _ _ _ _ _ _ _ _ _ _ _ _ _ _ _ _ _ _ _ _ _ _ _ _ _ _ _ _ _ _ _ _ _ _ 

email = 'postimp4fafe7279679@example.com', password = 'password123'

    def login_token(email: str, password: str = "password123") -> str:
        r = login(email, password)
>       assert r.status_code == 200, f"login failed: {r.status_code} {r.text}"
E       AssertionError: login failed: 401 {"error": {"code": "unauthenticated", "message": "missing or unknown bearer token"}}
E       assert 401 == 200
E        +  where 401 = <Response [401 Unauthorized]>.status_code

/tmp/redline-wt-rso97yvk/stage-1/tests/conftest.py:110: AssertionError
_______________________ test_over_long_request_line_400 ________________________

    def test_over_long_request_line_400():
        """R-1-079, R-1-060: an over-long request line is a client-caused
        framing error, never a dropped connection and never a framework's own
        error page — and the envelope's message must be a non-empty string like
        every other error response."""
        long_path = "/" + ("a" * 100_000)
        request = f"GET {long_path} HTTP/1.1\r\nHost: test\r\nConnection: close\r\n\r\n".encode()
        raw = _send_raw(request)
        assert _status_code(raw) == 400
        assert b"<html" not in raw.lower(), "no HTML error page may ever be emitted"
>       body = _error_body(raw)
               ^^^^^^^^^^^^^^^^

/tmp/redline-wt-rso97yvk/stage-1/tests/test_http_framing.py:68: 
_ _ _ _ _ _ _ _ _ _ _ _ _ _ _ _ _ _ _ _ _ _ _ _ _ _ _ _ _ _ _ _ _ _ _ _ _ _ _ _ 
/tmp/redline-wt-rso97yvk/stage-1/tests/test_http_framing.py:55: in _error_body
    return json.loads(body.decode("utf-8"))
           ^^^^^^^^^^^^^^^^^^^^^^^^^^^^^^^^
../../../.local/share/uv/python/cpython-3.12.13-linux-x86_64-gnu/lib/python3.12/json/__init__.py:346: in loads
    return _default_decoder.decode(s)
           ^^^^^^^^^^^^^^^^^^^^^^^^^^
../../../.local/share/uv/python/cpython-3.12.13-linux-x86_64-gnu/lib/python3.12/json/decoder.py:338: in decode
    obj, end = self.raw_decode(s, idx=_w(s, 0).end())
               ^^^^^^^^^^^^^^^^^^^^^^^^^^^^^^^^^^^^^^
_ _ _ _ _ _ _ _ _ _ _ _ _ _ _ _ _ _ _ _ _ _ _ _ _ _ _ _ _ _ _ _ _ _ _ _ _ _ _ _ 

self = <json.decoder.JSONDecoder object at 0x778881889370>, s = '', idx = 0

    def raw_decode(self, s, idx=0):
        """Decode a JSON document from ``s`` (a ``str`` beginning with
        a JSON document) and return a 2-tuple of the Python
        representation and the index in ``s`` where the document ended.
    
        This can be used to decode a JSON document from a string that may
        have extraneous data at the end.
    
        """
        try:
            obj, end = self.scan_once(s, idx)
        except StopIteration as err:
>           raise JSONDecodeError("Expecting value", s, err.value) from None
E           json.decoder.JSONDecodeError: Expecting value: line 1 column 1 (char 0)

../../../.local/share/uv/python/cpython-3.12.13-linux-x86_64-gnu/lib/python3.12/json/decoder.py:356: JSONDecodeError
_______________________ test_over_long_header_block_400 ________________________

    def test_over_long_header_block_400():
        """R-1-079, R-1-060: an over-long header block is a client-caused
        framing error, with the same non-empty-message requirement."""
        padding = "".join(f"X-Pad-{i}: {'a' * 1000}\r\n" for i in range(200))
        request = f"GET /health HTTP/1.1\r\nHost: test\r\n{padding}Connection: close\r\n\r\n".encode()
        raw = _send_raw(request)
        assert _status_code(raw) == 400
        assert b"<html" not in raw.lower()
>       body = _error_body(raw)
               ^^^^^^^^^^^^^^^^

/tmp/redline-wt-rso97yvk/stage-1/tests/test_http_framing.py:81: 
_ _ _ _ _ _ _ _ _ _ _ _ _ _ _ _ _ _ _ _ _ _ _ _ _ _ _ _ _ _ _ _ _ _ _ _ _ _ _ _ 
/tmp/redline-wt-rso97yvk/stage-1/tests/test_http_framing.py:55: in _error_body
    return json.loads(body.decode("utf-8"))
           ^^^^^^^^^^^^^^^^^^^^^^^^^^^^^^^^
../../../.local/share/uv/python/cpython-3.12.13-linux-x86_64-gnu/lib/python3.12/json/__init__.py:346: in loads
    return _default_decoder.decode(s)
           ^^^^^^^^^^^^^^^^^^^^^^^^^^
_ _ _ _ _ _ _ _ _ _ _ _ _ _ _ _ _ _ _ _ _ _ _ _ _ _ _ _ _ _ _ _ _ _ _ _ _ _ _ _ 

self = <json.decoder.JSONDecoder object at 0x778881889370>
s = '{"error": {"code": "malformed_request", "message": "Too many headers"}}{"error": {"code": "malformed_request", "message": "Bad HTTP/0.9 request type (\'X-Pad-100:\')"}}'
_w = <built-in method match of re.Pattern object at 0x778881576670>

    def decode(self, s, _w=WHITESPACE.match):
        """Return the Python representation of ``s`` (a ``str`` instance
        containing a JSON document).
    
        """
        obj, end = self.raw_decode(s, idx=_w(s, 0).end())
        end = _w(s, end).end()
        if end != len(s):
>           raise JSONDecodeError("Extra data", s, end)
E           json.decoder.JSONDecodeError: Extra data: line 1 column 72 (char 71)

../../../.local/share/uv/python/cpython-3.12.13-linux-x86_64-gnu/lib/python3.12/json/decoder.py:341: JSONDecodeError
=========================== short test summary info ============================
FAILED ../../../../../tmp/redline-wt-rso97yvk/stage-1/tests/adversarial/test_n1_10_2_adversarial.py::test_reset_landing_while_waiters_are_parked_on_an_in_flight_claim
FAILED ../../../../../tmp/redline-wt-rso97yvk/stage-1/tests/adversarial/test_n1_10_2_adversarial.py::test_import_landing_while_waiters_are_parked_on_an_in_flight_claim
FAILED ../../../../../tmp/redline-wt-rso97yvk/stage-1/tests/test_http_framing.py::test_over_long_request_line_400
FAILED ../../../../../tmp/redline-wt-rso97yvk/stage-1/tests/test_http_framing.py::test_over_long_header_block_400
4 failed, 310 passed in 178.39s (0:02:58)



RESULT: FAIL — 310 passed, 4 failed, 0 errors, 0 skipped
