$ docker build --label redline-gate=1 -t redline-mut-ff69ce58-base /tmp/redline-mut-id3015am/stage-1  (exit 0)

#0 building with "default" instance using docker driver

#1 [internal] load build definition from Dockerfile
#1 transferring dockerfile: 176B done
#1 DONE 0.0s

#2 [internal] load metadata for docker.io/library/python:3.12-slim
#2 DONE 0.3s

#3 [internal] load .dockerignore
#3 transferring context: 2B done
#3 DONE 0.0s

#4 [internal] load build context
#4 transferring context: 1.09kB done
#4 DONE 0.0s

#5 [1/4] FROM docker.io/library/python:3.12-slim@sha256:02108f5d322dd89f1c9e552442c25acb0543dfdbc455693a5599624f20d9155d
#5 resolve docker.io/library/python:3.12-slim@sha256:02108f5d322dd89f1c9e552442c25acb0543dfdbc455693a5599624f20d9155d 0.0s done
#5 DONE 0.0s

#6 [3/4] COPY main.py ./main.py
#6 CACHED

#7 [2/4] WORKDIR /app
#7 CACHED

#8 [4/4] COPY service ./service
#8 CACHED

#9 exporting to image
#9 exporting layers done
#9 writing image sha256:bafd67b733670e12495a42a16576326fc527c208d84c9947901c3eb36c888c36 done
#9 naming to docker.io/library/redline-mut-ff69ce58-base done
#9 DONE 0.0s

$ docker network create --internal redline-net-4efedc8dd5  (exit 0)
4e8de77042a12494a5dec9121a8729cabfe9482d0b5acaf22ccd24cff6a1b81e


$ docker run -d --network redline-net-4efedc8dd5 --cpus 2 --memory 2g -e PORT=8080 redline-mut-ff69ce58-base  (exit 0)
cd54f5243218a53fd79b38f9ce629e0282649ca8ba2d3c0d97b0b51b1d20d395


$ /home/prashant/projects/band-work/result/.venv/bin/python -m pytest /tmp/redline-mut-id3015am/stage-1/tests -q -p no:cacheprovider --junitxml=/home/prashant/projects/band-work/result/evidence/gates/s1/close-g6-20261004T142419-a5fd.junit.xml  (exit 0)
........................................................................ [ 26%]
........................................................................ [ 52%]
........................................................................ [ 78%]
...........................................................              [100%]
275 passed in 27.26s


--- service log (tail) ---

$ docker build --label redline-gate=1 -t redline-mut-ff69ce58-1 /tmp/redline-mut-id3015am/stage-1  (exit 0)

#0 building with "default" instance using docker driver

#1 [internal] load build definition from Dockerfile
#1 transferring dockerfile: 176B done
#1 DONE 0.0s

#2 [internal] load metadata for docker.io/library/python:3.12-slim
#2 DONE 1.1s

#3 [internal] load .dockerignore
#3 transferring context: 2B done
#3 DONE 0.0s

#4 [internal] load build context
#4 transferring context: 81.09kB done
#4 DONE 0.0s

#5 [1/4] FROM docker.io/library/python:3.12-slim@sha256:02108f5d322dd89f1c9e552442c25acb0543dfdbc455693a5599624f20d9155d
#5 resolve docker.io/library/python:3.12-slim@sha256:02108f5d322dd89f1c9e552442c25acb0543dfdbc455693a5599624f20d9155d 0.0s done
#5 DONE 0.0s

#6 [2/4] WORKDIR /app
#6 CACHED

#7 [3/4] COPY main.py ./main.py
#7 CACHED

#8 [4/4] COPY service ./service
#8 DONE 0.0s

#9 exporting to image
#9 exporting layers
#9 exporting layers 0.0s done
#9 writing image sha256:07df4d7112ee09c1c2871a63094848ec383093b5af883f8e941554cf05612edd done
#9 naming to docker.io/library/redline-mut-ff69ce58-1 done
#9 DONE 0.0s

$ docker network create --internal redline-net-2431368d47  (exit 0)
8400a20900cb7a8ceacedfe9546576d4f4a8d0d3e2578cc7504eb5a6c3b6d2c0


$ docker run -d --network redline-net-2431368d47 --cpus 2 --memory 2g -e PORT=8080 redline-mut-ff69ce58-1  (exit 0)
19b77c4175dfb8d405bfedae3977167a76eef09b6f14b6a39fe7d14679307bbf


$ /home/prashant/projects/band-work/result/.venv/bin/python -m pytest /tmp/redline-mut-id3015am/stage-1/tests -q -p no:cacheprovider --junitxml=/home/prashant/projects/band-work/result/evidence/gates/s1/close-g6-20261004T142419-a5fd.junit.xml -x  (exit 0)
........................................................................ [ 26%]
........................................................................ [ 52%]
........................................................................ [ 78%]
...........................................................              [100%]
275 passed in 26.77s


--- service log (tail) ---

#1 service/errors.py:10 [or to and]: SURVIVED
   - self.message = message or code.replace("_", " ")
   + self.message = message and code.replace("_", " ")
$ docker build --label redline-gate=1 -t redline-mut-ff69ce58-2 /tmp/redline-mut-id3015am/stage-1  (exit 0)

#0 building with "default" instance using docker driver

#1 [internal] load build definition from Dockerfile
#1 transferring dockerfile: 176B done
#1 DONE 0.0s

#2 [internal] load metadata for docker.io/library/python:3.12-slim
#2 DONE 0.4s

#3 [internal] load .dockerignore
#3 transferring context: 2B done
#3 DONE 0.0s

#4 [internal] load build context
#4 transferring context: 12.50kB done
#4 DONE 0.0s

#5 [1/4] FROM docker.io/library/python:3.12-slim@sha256:02108f5d322dd89f1c9e552442c25acb0543dfdbc455693a5599624f20d9155d
#5 resolve docker.io/library/python:3.12-slim@sha256:02108f5d322dd89f1c9e552442c25acb0543dfdbc455693a5599624f20d9155d 0.0s done
#5 DONE 0.0s

#6 [2/4] WORKDIR /app
#6 CACHED

#7 [3/4] COPY main.py ./main.py
#7 CACHED

#8 [4/4] COPY service ./service
#8 DONE 0.0s

#9 exporting to image
#9 exporting layers 0.0s done
#9 writing image sha256:dcff4d2a79e4d953a12068cbe09fa8ffbabc38d9cb50edd5b0c4d5d16ae303a5 done
#9 naming to docker.io/library/redline-mut-ff69ce58-2 done
#9 DONE 0.1s

$ docker network create --internal redline-net-5c9200df41  (exit 0)
2142bb5c57e477f0732e96ce80c633075737d1ccbdc3bbfe35e1f268ace521af


$ docker run -d --network redline-net-5c9200df41 --cpus 2 --memory 2g -e PORT=8080 redline-mut-ff69ce58-2  (exit 0)
5c065ae4399e8ebc6d58ff82ed108ef5570b9d856971d7ac6d0c6424689861ef


$ /home/prashant/projects/band-work/result/.venv/bin/python -m pytest /tmp/redline-mut-id3015am/stage-1/tests -q -p no:cacheprovider --junitxml=/home/prashant/projects/band-work/result/evidence/gates/s1/close-g6-20261004T142419-a5fd.junit.xml -x  (exit 0)
........................................................................ [ 26%]
........................................................................ [ 52%]
........................................................................ [ 78%]
...........................................................              [100%]
275 passed in 29.08s


--- service log (tail) ---

#2 service/server.py:127 [cmp > to >=]: SURVIVED
   - raw_body = self.rfile.read(length) if length > 0 else b""
   + raw_body = self.rfile.read(length) if length >= 0 else b""
$ docker build --label redline-gate=1 -t redline-mut-ff69ce58-3 /tmp/redline-mut-id3015am/stage-1  (exit 0)

#0 building with "default" instance using docker driver

#1 [internal] load build definition from Dockerfile
#1 transferring dockerfile: 176B done
#1 DONE 0.0s

#2 [internal] load metadata for docker.io/library/python:3.12-slim
#2 DONE 1.1s

#3 [internal] load .dockerignore
#3 transferring context: 2B done
#3 DONE 0.0s

#4 [internal] load build context
#4 transferring context: 11.10kB done
#4 DONE 0.0s

#5 [1/4] FROM docker.io/library/python:3.12-slim@sha256:02108f5d322dd89f1c9e552442c25acb0543dfdbc455693a5599624f20d9155d
#5 resolve docker.io/library/python:3.12-slim@sha256:02108f5d322dd89f1c9e552442c25acb0543dfdbc455693a5599624f20d9155d 0.0s done
#5 DONE 0.0s

#6 [2/4] WORKDIR /app
#6 CACHED

#7 [3/4] COPY main.py ./main.py
#7 CACHED

#8 [4/4] COPY service ./service
#8 DONE 0.0s

#9 exporting to image
#9 exporting layers 0.0s done
#9 writing image sha256:5e45b67087a364b6240bbbd3203a43f969bc20a8dca5d17da3209981d63d23bb done
#9 naming to docker.io/library/redline-mut-ff69ce58-3 done
#9 DONE 0.0s

$ docker network create --internal redline-net-72638d0305  (exit 0)
0e46f95b93d9e3c5cdbcd13f2c439212ac4466a14cfa4e4ec4d846e7d123bc4d


$ docker run -d --network redline-net-72638d0305 --cpus 2 --memory 2g -e PORT=8080 redline-mut-ff69ce58-3  (exit 0)
8a26ed0cd719d29555be7f0acf4d8d36149af7a1e7469609ad9db7d4d4f5cf33


$ /home/prashant/projects/band-work/result/.venv/bin/python -m pytest /tmp/redline-mut-id3015am/stage-1/tests -q -p no:cacheprovider --junitxml=/home/prashant/projects/band-work/result/evidence/gates/s1/close-g6-20261004T142419-a5fd.junit.xml -x  (exit 1)
......E
==================================== ERRORS ====================================
_____ ERROR at setup of test_concurrent_identical_payment_exactly_one_201 ______

    @pytest.fixture
    def two_users():
        """A fresh two-user fixture: alice (balance 10000) and bob (balance 0).
        Used by @adversary's suite via pytest fixture injection — keep this
        signature and these balances stable; it is not this file's helper to
        change the defaults of (see two_user_fixture below for that one)."""
        a_id, b_id = unique("u"), unique("u")
        a_handle, b_handle = unique_handle("alice"), unique_handle("bob")
        fixture = make_fixture([
            user(a_id, a_handle, balance=10_000),
            user(b_id, b_handle, balance=0),
        ])
        reset_ok(fixture)
>       a_token = login_token(fixture["users"][0]["email"])
                  ^^^^^^^^^^^^^^^^^^^^^^^^^^^^^^^^^^^^^^^^^

/tmp/redline-mut-id3015am/stage-1/tests/conftest.py:142: 
_ _ _ _ _ _ _ _ _ _ _ _ _ _ _ _ _ _ _ _ _ _ _ _ _ _ _ _ _ _ _ _ _ _ _ _ _ _ _ _ 

email = 'alice2e443a0e6@example.com', password = 'password123'

    def login_token(email: str, password: str = "password123") -> str:
        r = login(email, password)
>       assert r.status_code == 200, f"login failed: {r.status_code} {r.text}"
E       AssertionError: login failed: 401 {"error": {"code": "unauthenticated", "message": "missing or unknown bearer token"}}
E       assert 401 == 200
E        +  where 401 = <Response [401 Unauthorized]>.status_code

/tmp/redline-mut-id3015am/stage-1/tests/conftest.py:110: AssertionError
=========================== short test summary info ============================
ERROR ../../../../../tmp/redline-mut-id3015am/stage-1/tests/adversarial/test_n1_5_adversarial.py::test_concurrent_identical_payment_exactly_one_201
!!!!!!!!!!!!!!!!!!!!!!!!!! stopping after 1 failures !!!!!!!!!!!!!!!!!!!!!!!!!!!
6 passed, 1 error in 0.65s


--- service log (tail) ---

#3 service/passwords.py:24 [ne to eq]: killed
   - if scheme != "pbkdf2":
   + if scheme == "pbkdf2":
$ docker build --label redline-gate=1 -t redline-mut-ff69ce58-4 /tmp/redline-mut-id3015am/stage-1  (exit 0)

#0 building with "default" instance using docker driver

#1 [internal] load build definition from Dockerfile
#1 transferring dockerfile: 176B done
#1 DONE 0.0s

#2 [internal] load metadata for docker.io/library/python:3.12-slim
#2 DONE 0.4s

#3 [internal] load .dockerignore
#3 transferring context: 2B done
#3 DONE 0.0s

#4 [internal] load build context
#4 transferring context: 3.77kB done
#4 DONE 0.0s

#5 [1/4] FROM docker.io/library/python:3.12-slim@sha256:02108f5d322dd89f1c9e552442c25acb0543dfdbc455693a5599624f20d9155d
#5 resolve docker.io/library/python:3.12-slim@sha256:02108f5d322dd89f1c9e552442c25acb0543dfdbc455693a5599624f20d9155d 0.0s done
#5 DONE 0.0s

#6 [2/4] WORKDIR /app
#6 CACHED

#7 [3/4] COPY main.py ./main.py
#7 CACHED

#8 [4/4] COPY service ./service
#8 DONE 0.0s

#9 exporting to image
#9 exporting layers 0.0s done
#9 writing image sha256:b1a1a4d6252062d67759a8292776eca75bf17e563386fd4b44223482137f5eef done
#9 naming to docker.io/library/redline-mut-ff69ce58-4 done
#9 DONE 0.0s

$ docker network create --internal redline-net-dae455d361  (exit 0)
b2b9ddc2b329533c185e5bb7e20444b47df627bb3a0d69ad38826ecd74ab6f99


$ docker run -d --network redline-net-dae455d361 --cpus 2 --memory 2g -e PORT=8080 redline-mut-ff69ce58-4  (exit 0)
0b3b6563446bf8b93df72ce3795f1e78a9201b4926653cbb7fcaa04b277ac0d1


$ /home/prashant/projects/band-work/result/.venv/bin/python -m pytest /tmp/redline-mut-id3015am/stage-1/tests -q -p no:cacheprovider --junitxml=/home/prashant/projects/band-work/result/evidence/gates/s1/close-g6-20261004T142419-a5fd.junit.xml -x  (exit 0)
........................................................................ [ 26%]
........................................................................ [ 52%]
........................................................................ [ 78%]
...........................................................              [100%]
275 passed in 28.92s


--- service log (tail) ---

#4 service/routes/activity.py:24 [true to false]: SURVIVED
   - visible.sort(key=lambda p: p["seq"], reverse=True)
   + visible.sort(key=lambda p: p["seq"], reverse=False)
$ docker build --label redline-gate=1 -t redline-mut-ff69ce58-5 /tmp/redline-mut-id3015am/stage-1  (exit 0)

#0 building with "default" instance using docker driver

#1 [internal] load build definition from Dockerfile
#1 transferring dockerfile: 176B done
#1 DONE 0.0s

#2 [internal] load metadata for docker.io/library/python:3.12-slim
#2 DONE 0.9s

#3 [internal] load .dockerignore
#3 transferring context: 2B done
#3 DONE 0.0s

#4 [internal] load build context
#4 transferring context: 9.83kB done
#4 DONE 0.0s

#5 [1/4] FROM docker.io/library/python:3.12-slim@sha256:02108f5d322dd89f1c9e552442c25acb0543dfdbc455693a5599624f20d9155d
#5 resolve docker.io/library/python:3.12-slim@sha256:02108f5d322dd89f1c9e552442c25acb0543dfdbc455693a5599624f20d9155d 0.0s done
#5 DONE 0.0s

#6 [2/4] WORKDIR /app
#6 CACHED

#7 [3/4] COPY main.py ./main.py
#7 CACHED

#8 [4/4] COPY service ./service
#8 DONE 0.0s

#9 exporting to image
#9 exporting layers 0.0s done
#9 writing image sha256:d9e90222cc3eee5a400d4ac0d21584c55281a86504b8b2d94d4fdbbc865a165b done
#9 naming to docker.io/library/redline-mut-ff69ce58-5 done
#9 DONE 0.1s

$ docker network create --internal redline-net-2b236e558a  (exit 0)
3131aa247b6f8a80d1069cd0351911989f41dcc941a1e22aca4043213d67b08b


$ docker run -d --network redline-net-2b236e558a --cpus 2 --memory 2g -e PORT=8080 redline-mut-ff69ce58-5  (exit 0)
5a0740e24ced1b05f13cf336b84f0b41141649f7b1bef0e6e56bda92de5883c6


$ /home/prashant/projects/band-work/result/.venv/bin/python -m pytest /tmp/redline-mut-id3015am/stage-1/tests -q -p no:cacheprovider --junitxml=/home/prashant/projects/band-work/result/evidence/gates/s1/close-g6-20261004T142419-a5fd.junit.xml -x  (exit 0)
........................................................................ [ 26%]
........................................................................ [ 52%]
........................................................................ [ 78%]
...........................................................              [100%]
275 passed in 29.53s


--- service log (tail) ---

#5 service/routes/requests.py:151 [true to false]: SURVIVED
   - has_body = True
   + has_body = False
$ docker build --label redline-gate=1 -t redline-mut-ff69ce58-6 /tmp/redline-mut-id3015am/stage-1  (exit 0)

#0 building with "default" instance using docker driver

#1 [internal] load build definition from Dockerfile
#1 transferring dockerfile: 176B done
#1 DONE 0.0s

#2 [internal] load metadata for docker.io/library/python:3.12-slim
#2 DONE 0.4s

#3 [internal] load .dockerignore
#3 transferring context: 2B done
#3 DONE 0.0s

#4 [internal] load build context
#4 transferring context: 81.09kB done
#4 DONE 0.0s

#5 [1/4] FROM docker.io/library/python:3.12-slim@sha256:02108f5d322dd89f1c9e552442c25acb0543dfdbc455693a5599624f20d9155d
#5 resolve docker.io/library/python:3.12-slim@sha256:02108f5d322dd89f1c9e552442c25acb0543dfdbc455693a5599624f20d9155d 0.0s done
#5 DONE 0.0s

#6 [2/4] WORKDIR /app
#6 CACHED

#7 [3/4] COPY main.py ./main.py
#7 CACHED

#8 [4/4] COPY service ./service
#8 DONE 0.0s

#9 exporting to image
#9 exporting layers 0.0s done
#9 writing image sha256:0b0d619bf4363c0df61950dc28924f9aca426c70189f5bb51f153c8b5e468da3 done
#9 naming to docker.io/library/redline-mut-ff69ce58-6 done
#9 DONE 0.0s

$ docker network create --internal redline-net-88abcd62c5  (exit 0)
c7c1251752a5f963c36e0780d4de85648547a9a14ff86c6eaedd3857ccfc93f0


$ docker run -d --network redline-net-88abcd62c5 --cpus 2 --memory 2g -e PORT=8080 redline-mut-ff69ce58-6  (exit 0)
dc2a4cfd4791eaab48cc0d8197c1f6c8e0eab5ae2a3bebb91eb8da177c945c9a


$ /home/prashant/projects/band-work/result/.venv/bin/python -m pytest /tmp/redline-mut-id3015am/stage-1/tests -q -p no:cacheprovider --junitxml=/home/prashant/projects/band-work/result/evidence/gates/s1/close-g6-20261004T142419-a5fd.junit.xml -x  (exit 0)
........................................................................ [ 26%]
........................................................................ [ 52%]
........................................................................ [ 78%]
...........................................................              [100%]
275 passed in 27.74s


--- service log (tail) ---

#6 service/fixtures.py:23 [or to and]: SURVIVED
   - if not isinstance(value, str) or not value:
   + if not isinstance(value, str) and not value:
$ docker build --label redline-gate=1 -t redline-mut-ff69ce58-7 /tmp/redline-mut-id3015am/stage-1  (exit 0)

#0 building with "default" instance using docker driver

#1 [internal] load build definition from Dockerfile
#1 transferring dockerfile: 176B done
#1 DONE 0.0s

#2 [internal] load metadata for docker.io/library/python:3.12-slim
#2 DONE 0.4s

#3 [internal] load .dockerignore
#3 transferring context: 2B done
#3 DONE 0.0s

#4 [internal] load build context
#4 transferring context: 14.61kB done
#4 DONE 0.0s

#5 [1/4] FROM docker.io/library/python:3.12-slim@sha256:02108f5d322dd89f1c9e552442c25acb0543dfdbc455693a5599624f20d9155d
#5 resolve docker.io/library/python:3.12-slim@sha256:02108f5d322dd89f1c9e552442c25acb0543dfdbc455693a5599624f20d9155d 0.0s done
#5 DONE 0.0s

#6 [2/4] WORKDIR /app
#6 CACHED

#7 [3/4] COPY main.py ./main.py
#7 CACHED

#8 [4/4] COPY service ./service
#8 DONE 0.0s

#9 exporting to image
#9 exporting layers 0.0s done
#9 writing image sha256:da357e178d43f87c0293abeff1d0878e0f9b7e5bf3571f3c23de1de29fbd87cd done
#9 naming to docker.io/library/redline-mut-ff69ce58-7 done
#9 DONE 0.1s

$ docker network create --internal redline-net-8832b8c8e8  (exit 0)
e2620ec21077b3f56cc3222ff1d1db5a5062c3086de5efa9df9e4c252e1bf140


$ docker run -d --network redline-net-8832b8c8e8 --cpus 2 --memory 2g -e PORT=8080 redline-mut-ff69ce58-7  (exit 0)
ef3f290d39eec97fba72c2f179965003d07825535efd7071f0ae685a9df03e32


$ /home/prashant/projects/band-work/result/.venv/bin/python -m pytest /tmp/redline-mut-id3015am/stage-1/tests -q -p no:cacheprovider --junitxml=/home/prashant/projects/band-work/result/evidence/gates/s1/close-g6-20261004T142419-a5fd.junit.xml -x  (exit 1)
........................................................................ [ 26%]
..................................................................F
=================================== FAILURES ===================================
___________________ test_five_paths_require_idempotency_key ____________________

    def test_five_paths_require_idempotency_key():
        """R-1-100, R-1-062"""
        fixture, token_a, token_b = _two_user_fixture()
        b_handle = fixture["users"][1]["handle"]
    
        r = api_post("/payments", json={"to_handle": b_handle, "amount": 10}, headers=auth(token_a))
        assert_error(r, 400, "missing_idempotency_key")
    
        r = api_post("/requests", json={"payer_handle": b_handle, "amount": 10}, headers=auth(token_a))
>       assert_error(r, 400, "missing_idempotency_key")

/tmp/redline-mut-id3015am/stage-1/tests/test_idempotency.py:20: 
_ _ _ _ _ _ _ _ _ _ _ _ _ _ _ _ _ _ _ _ _ _ _ _ _ _ _ _ _ _ _ _ _ _ _ _ _ _ _ _ 

resp = <Response [201 Created]>, status = 400, code = 'missing_idempotency_key'

    def assert_error(resp: httpx.Response, status: int, code: str):
>       assert resp.status_code == status, f"expected {status} got {resp.status_code}: {resp.text}"
E       AssertionError: expected 400 got 201: {"request_id": "uo01-XDiA3F50esVx52-zQ", "requester_id": "ub3d36887902", "requester_handle": "ab3d36887904", "payer_id": "ub3d36887903", "payer_handle": "bb3d36887905", "amount": 10, "currency": "EUR", "note": "", "status": "pending", "payment_id": null, "created_at": "2026-10-04T14:27:44+00:00"}
E       assert 201 == 400
E        +  where 201 = <Response [201 Created]>.status_code

/tmp/redline-mut-id3015am/stage-1/tests/conftest.py:188: AssertionError
=========================== short test summary info ============================
FAILED ../../../../../tmp/redline-mut-id3015am/stage-1/tests/test_idempotency.py::test_five_paths_require_idempotency_key
!!!!!!!!!!!!!!!!!!!!!!!!!! stopping after 1 failures !!!!!!!!!!!!!!!!!!!!!!!!!!!
1 failed, 138 passed in 17.31s


--- service log (tail) ---

#7 service/routes/requests.py:33 [true to false]: killed
   - requires_idempotency_key = True
   + requires_idempotency_key = False
$ docker build --label redline-gate=1 -t redline-mut-ff69ce58-8 /tmp/redline-mut-id3015am/stage-1  (exit 0)

#0 building with "default" instance using docker driver

#1 [internal] load build definition from Dockerfile
#1 transferring dockerfile: 176B done
#1 DONE 0.0s

#2 [internal] load metadata for docker.io/library/python:3.12-slim
#2 DONE 0.4s

#3 [internal] load .dockerignore
#3 transferring context: 2B done
#3 DONE 0.0s

#4 [internal] load build context
#4 transferring context: 16.47kB done
#4 DONE 0.0s

#5 [1/4] FROM docker.io/library/python:3.12-slim@sha256:02108f5d322dd89f1c9e552442c25acb0543dfdbc455693a5599624f20d9155d
#5 resolve docker.io/library/python:3.12-slim@sha256:02108f5d322dd89f1c9e552442c25acb0543dfdbc455693a5599624f20d9155d 0.0s done
#5 DONE 0.0s

#6 [2/4] WORKDIR /app
#6 CACHED

#7 [3/4] COPY main.py ./main.py
#7 CACHED

#8 [4/4] COPY service ./service
#8 DONE 0.0s

#9 exporting to image
#9 exporting layers 0.0s done
#9 writing image sha256:f3bb317b88c8805955d1c289841f108cdeab8bfd23b72421f6f3898d3a85858e done
#9 naming to docker.io/library/redline-mut-ff69ce58-8 done
#9 DONE 0.1s

$ docker network create --internal redline-net-548738874a  (exit 0)
9f5d758c3a7e8582efe541e182595f8a9c748abe9bc1254215da37e86a7a5dcf


$ docker run -d --network redline-net-548738874a --cpus 2 --memory 2g -e PORT=8080 redline-mut-ff69ce58-8  (exit 0)
f2f5c716c95d0e87d7edc211721f475fa741b9157e9514d7ac94b1888cfe4101


$ /home/prashant/projects/band-work/result/.venv/bin/python -m pytest /tmp/redline-mut-id3015am/stage-1/tests -q -p no:cacheprovider --junitxml=/home/prashant/projects/band-work/result/evidence/gates/s1/close-g6-20261004T142419-a5fd.junit.xml -x  (exit 1)
.........F
=================================== FAILURES ===================================
______________ test_idempotency_bool_vs_number_conflict_over_http ______________

two_users = {'fixture': {'currency': 'EUR', 'minor_units': 2, 'users': [{'id': 'u0a55028a48', 'email': 'alice0a55028a50@example.co...andle': 'bob0a55028a51', 'token': 'TYl2HEF8sUR4kElJ4FHeuXBOFLbQ-net6e_5ft7Qic0', 'email': 'bob0a55028a51@example.com'}}

    def test_idempotency_bool_vs_number_conflict_over_http(two_users):
        """R-1-106/R-1-110, over real HTTP (migrated from the white-box
        test_n1_4_adversarial.py now that /payments makes this reachable):
        a key claimed with `{"amount": 1, ...}` and replayed with
        `{"amount": true, ...}` must be `409 idempotency_key_reuse`, not a
        `200` replay (Python's bare `==` would say `1 == True`) and not a
        `422` from amount-type validation either — R-1-110 resolves the key
        *before* field validation, so the conflict must win over the
        validation error the second body would otherwise earn on its own.
        """
        a, b = two_users["a"], two_users["b"]
        key = unique("boolconflict")
    
        r1 = _pay(a["token"], b["handle"], 1, key)
        assert r1.status_code == 201, r1.text
    
        r2 = api_post("/payments", json={"to_handle": b["handle"], "amount": True},
                      headers=auth_idem(a["token"], key))
>       assert_error(r2, 409, "idempotency_key_reuse")

/tmp/redline-mut-id3015am/stage-1/tests/adversarial/test_n1_5_adversarial.py:121: 
_ _ _ _ _ _ _ _ _ _ _ _ _ _ _ _ _ _ _ _ _ _ _ _ _ _ _ _ _ _ _ _ _ _ _ _ _ _ _ _ 

resp = <Response [200 OK]>, status = 409, code = 'idempotency_key_reuse'

    def assert_error(resp: httpx.Response, status: int, code: str):
>       assert resp.status_code == status, f"expected {status} got {resp.status_code}: {resp.text}"
E       AssertionError: expected 409 got 200: {"payment_id": "2k-wgljZ75dj5q85F1tf5w", "from_user_id": "u0a55028a48", "from_handle": "alice0a55028a50", "to_user_id": "u0a55028a49", "to_handle": "bob0a55028a51", "amount": 1, "currency": "EUR", "note": "", "visibility": "public", "request_id": null, "created_at": "2026-10-04T14:27:47+00:00", "settlement_id": null}
E       assert 200 == 409
E        +  where 200 = <Response [200 OK]>.status_code

/tmp/redline-mut-id3015am/stage-1/tests/conftest.py:188: AssertionError
=========================== short test summary info ============================
FAILED ../../../../../tmp/redline-mut-id3015am/stage-1/tests/adversarial/test_n1_5_adversarial.py::test_idempotency_bool_vs_number_conflict_over_http
!!!!!!!!!!!!!!!!!!!!!!!!!! stopping after 1 failures !!!!!!!!!!!!!!!!!!!!!!!!!!!
1 failed, 9 passed in 2.00s


--- service log (tail) ---

#8 service/idempotency.py:53 [and to or]: killed
   - return isinstance(a, bool) and isinstance(b, bool) and a == b
   + return isinstance(a, bool) and isinstance(b, bool) or a == b
$ docker build --label redline-gate=1 -t redline-mut-ff69ce58-9 /tmp/redline-mut-id3015am/stage-1  (exit 0)

#0 building with "default" instance using docker driver

#1 [internal] load build definition from Dockerfile
#1 transferring dockerfile: 176B done
#1 DONE 0.0s

#2 [internal] load metadata for docker.io/library/python:3.12-slim
#2 DONE 0.4s

#3 [internal] load .dockerignore
#3 transferring context: 2B done
#3 DONE 0.0s

#4 [internal] load build context
#4 transferring context: 11.96kB done
#4 DONE 0.0s

#5 [1/4] FROM docker.io/library/python:3.12-slim@sha256:02108f5d322dd89f1c9e552442c25acb0543dfdbc455693a5599624f20d9155d
#5 resolve docker.io/library/python:3.12-slim@sha256:02108f5d322dd89f1c9e552442c25acb0543dfdbc455693a5599624f20d9155d 0.0s done
#5 DONE 0.0s

#6 [2/4] WORKDIR /app
#6 CACHED

#7 [3/4] COPY main.py ./main.py
#7 CACHED

#8 [4/4] COPY service ./service
#8 DONE 0.0s

#9 exporting to image
#9 exporting layers 0.0s done
#9 writing image sha256:246e7c2d2c5b711c675e03a5d5723d31cb9f8cb22a507fa49077b9b4fd884976 done
#9 naming to docker.io/library/redline-mut-ff69ce58-9 done
#9 DONE 0.1s

$ docker network create --internal redline-net-df41ec6f75  (exit 0)
51553ce5b3ff31c638e750ecbd0a95c275f23b7bd129a15ddb41c5023b17ed9b


$ docker run -d --network redline-net-df41ec6f75 --cpus 2 --memory 2g -e PORT=8080 redline-mut-ff69ce58-9  (exit 0)
1b02c25188cc982fe590ef366751bfc3727761257ac73821e309d497c2caa8e7


$ /home/prashant/projects/band-work/result/.venv/bin/python -m pytest /tmp/redline-mut-id3015am/stage-1/tests -q -p no:cacheprovider --junitxml=/home/prashant/projects/band-work/result/evidence/gates/s1/close-g6-20261004T142419-a5fd.junit.xml -x  (exit 1)
........................................................................ [ 26%]
........................................................................ [ 52%]
.......................................F
=================================== FAILURES ===================================
______________________ test_request_ignores_payer_balance ______________________

    def test_request_ignores_payer_balance():
        """R-1-151"""
        fixture, token_a, token_b = _two_user_fixture(balance_a=0, balance_b=0)
        b_handle = fixture["users"][1]["handle"]
        r = api_post("/requests", json={"payer_handle": b_handle, "amount": 1_000_000},
                     headers={**auth(token_a), **idem(unique("k"))})
        assert r.status_code == 201, r.text
        req_id = r.json()["request_id"]
    
        # the request is created despite the payer's zero balance, and sits pending
        pay_attempt = api_post(f"/requests/{req_id}/pay", json={}, headers={**auth(token_b), **idem(unique("k"))})
        assert_error(pay_attempt, 409, "insufficient_funds")
        still = api_get("/requests", headers=auth(token_a))
        matching = [x for x in still.json()["requests"] if x["request_id"] == req_id]
>       assert matching and matching[0]["status"] == "pending"
E       assert ([])

/tmp/redline-mut-id3015am/stage-1/tests/test_requests.py:39: AssertionError
=========================== short test summary info ============================
FAILED ../../../../../tmp/redline-mut-id3015am/stage-1/tests/test_requests.py::test_request_ignores_payer_balance
!!!!!!!!!!!!!!!!!!!!!!!!!! stopping after 1 failures !!!!!!!!!!!!!!!!!!!!!!!!!!!
1 failed, 183 passed in 21.72s


--- service log (tail) ---

#9 service/routes/requests_read.py:69 [plus to minus]: killed
   - page = visible[offset:offset + limit]
   + page = visible[offset:offset - limit]
$ docker build --label redline-gate=1 -t redline-mut-ff69ce58-10 /tmp/redline-mut-id3015am/stage-1  (exit 0)

#0 building with "default" instance using docker driver

#1 [internal] load build definition from Dockerfile
#1 transferring dockerfile: 176B done
#1 DONE 0.0s

#2 [internal] load metadata for docker.io/library/python:3.12-slim
#2 DONE 0.4s

#3 [internal] load .dockerignore
#3 transferring context: 2B done
#3 DONE 0.0s

#4 [internal] load build context
#4 transferring context: 7.80kB done
#4 DONE 0.0s

#5 [1/4] FROM docker.io/library/python:3.12-slim@sha256:02108f5d322dd89f1c9e552442c25acb0543dfdbc455693a5599624f20d9155d
#5 resolve docker.io/library/python:3.12-slim@sha256:02108f5d322dd89f1c9e552442c25acb0543dfdbc455693a5599624f20d9155d 0.0s done
#5 DONE 0.0s

#6 [2/4] WORKDIR /app
#6 CACHED

#7 [3/4] COPY main.py ./main.py
#7 CACHED

#8 [4/4] COPY service ./service
#8 DONE 0.0s

#9 exporting to image
#9 exporting layers 0.0s done
#9 writing image sha256:2b486077bdf0511f590221f0822eb3ef211ea3fd570383ce6c903404ff929c66 done
#9 naming to docker.io/library/redline-mut-ff69ce58-10 done
#9 DONE 0.1s

$ docker network create --internal redline-net-07077d0b6a  (exit 0)
c1c48bded612efba22f94ff716714ef284ee6a313529e5d7d3e882e4d95aa578


$ docker run -d --network redline-net-07077d0b6a --cpus 2 --memory 2g -e PORT=8080 redline-mut-ff69ce58-10  (exit 0)
4c9665b9e18a91a6d17d305fe103fe3c785fbdbeedff9ce8a565d5595066afbb


$ /home/prashant/projects/band-work/result/.venv/bin/python -m pytest /tmp/redline-mut-id3015am/stage-1/tests -q -p no:cacheprovider --junitxml=/home/prashant/projects/band-work/result/evidence/gates/s1/close-g6-20261004T142419-a5fd.junit.xml -x  (exit 1)
.......F
=================================== FAILURES ===================================
______________ test_concurrent_overdraft_race_never_goes_negative ______________

two_users = {'fixture': {'currency': 'EUR', 'minor_units': 2, 'users': [{'id': 'ud5f23e929', 'email': 'aliced5f23e9211@example.com...andle': 'bobd5f23e9212', 'token': 'ftxgrGrJaUk9eq_UxU5UeEMG8u45N05Qv6LBUA4GPJo', 'email': 'bobd5f23e9212@example.com'}}

    def test_concurrent_overdraft_race_never_goes_negative(two_users):
        """R-1-002: 30 concurrent payments of 1000 each from a payer with
        balance 10000 (room for exactly 10) using 30 *different* idempotency
        keys. Exactly 10 must succeed, the rest 409 insufficient_funds, and
        the payer's final balance must never be negative and must equal
        exactly balance - (successes * amount)."""
        a, b = two_users["a"], two_users["b"]
    
        def attempt(i):
            return _pay(a["token"], b["handle"], 1000, unique(f"od{i}"))
    
        with ThreadPoolExecutor(30) as pool:
            responses = list(pool.map(attempt, range(30)))
    
        statuses = Counter(r.status_code for r in responses)
>       assert statuses[201] == 10, f"expected exactly 10 successful payments, got {dict(statuses)}"
E       AssertionError: expected exactly 10 successful payments, got {201: 30}
E       assert 30 == 10

/tmp/redline-mut-id3015am/stage-1/tests/adversarial/test_n1_5_adversarial.py:66: AssertionError
=========================== short test summary info ============================
FAILED ../../../../../tmp/redline-mut-id3015am/stage-1/tests/adversarial/test_n1_5_adversarial.py::test_concurrent_overdraft_race_never_goes_negative
!!!!!!!!!!!!!!!!!!!!!!!!!! stopping after 1 failures !!!!!!!!!!!!!!!!!!!!!!!!!!!
1 failed, 7 passed in 1.59s


--- service log (tail) ---

#10 service/routes/payments.py:80 [minus to plus]: killed
   - STORE.wallets[payer["id"]] = payer_balance - amount
   + STORE.wallets[payer["id"]] = payer_balance + amount

RESULT: FAIL — killed 5/10 valid mutants (50%, need 80%); 0 stillborn; 159 candidates; survivors: #1 service/errors.py:10 [or to and], #2 service/server.py:127 [cmp > to >=], #4 service/routes/activity.py:24 [true to false]
