$ docker build --label redline-gate=1 -t redline-gate-509c0500cf /tmp/redline-wt-cyvkaacy/stage-1  (exit 0)

#0 building with "default" instance using docker driver

#1 [internal] load build definition from Dockerfile
#1 transferring dockerfile: 176B done
#1 DONE 0.0s

#2 [internal] load metadata for docker.io/library/python:3.12-slim
#2 DONE 1.9s

#3 [internal] load .dockerignore
#3 transferring context: 2B done
#3 DONE 0.0s

#4 [internal] load build context
#4 transferring context: 83.10kB done
#4 DONE 0.0s

#5 [1/4] FROM docker.io/library/python:3.12-slim@sha256:02108f5d322dd89f1c9e552442c25acb0543dfdbc455693a5599624f20d9155d
#5 resolve docker.io/library/python:3.12-slim@sha256:02108f5d322dd89f1c9e552442c25acb0543dfdbc455693a5599624f20d9155d 0.0s done
#5 DONE 0.0s

#6 [2/4] WORKDIR /app
#6 CACHED

#7 [3/4] COPY main.py ./main.py
#7 CACHED

#8 [4/4] COPY service ./service
#8 DONE 0.0s

#9 exporting to image
#9 exporting layers 0.0s done
#9 writing image sha256:aa9fffa83c42d512c139e19559e423080b1ca326e03b503c49cd0b71ab5c0322 done
#9 naming to docker.io/library/redline-gate-509c0500cf done
#9 DONE 0.0s

$ docker network create --internal redline-net-899976c2e9  (exit 0)
cf231f1d2ccf9563371ff8c6b5595f3d6a4cd435fb3521198c0a550caa84cb87


$ docker run -d --network redline-net-899976c2e9 --cpus 2 --memory 2g -e PORT=8080 redline-gate-509c0500cf  (exit 0)
c835ca4882c8b1808a7035e070dc19abb7e804829bb7151508635c0e006042d3



RESULT: PASS — built and healthy offline at http://172.22.0.2:8080/health
--- service log (tail) ---

