$ docker build --label redline-gate=1 -t redline-gate-6d386ff7e1 /home/prashant/projects/band-work/result/stage-1  (exit 0)

#0 building with "default" instance using docker driver

#1 [internal] load build definition from Dockerfile
#1 transferring dockerfile: 176B done
#1 DONE 0.0s

#2 [internal] load metadata for docker.io/library/python:3.12-slim
#2 DONE 0.9s

#3 [internal] load .dockerignore
#3 transferring context: 2B done
#3 DONE 0.0s

#4 [1/4] FROM docker.io/library/python:3.12-slim@sha256:dddfd7e07f9d15aeeca61529320492139d21cac7f0070c00609243e51e4e0016
#4 DONE 0.0s

#5 [internal] load build context
#5 transferring context: 23.03kB done
#5 DONE 0.0s

#6 [2/4] WORKDIR /app
#6 CACHED

#7 [3/4] COPY main.py ./main.py
#7 CACHED

#8 [4/4] COPY service ./service
#8 DONE 0.0s

#9 exporting to image
#9 exporting layers 0.0s done
#9 writing image sha256:91335bc79d0a7f87b4013a817b7a7139a7f6456bf23ed42fe52dec08abc3e2be done
#9 naming to docker.io/library/redline-gate-6d386ff7e1 done
#9 DONE 0.1s

$ docker network create --internal redline-net-ea3ee83ade  (exit 0)
e19b3472fd9017f20b56908e27abdef54bab3fc05767ee3d17a13fd4c0999742


$ docker run -d --network redline-net-ea3ee83ade --cpus 2 --memory 2g -e PORT=8080 redline-gate-6d386ff7e1  (exit 0)
2a006ebaa17460e169a5d80f5fe798725200cf5537ae7ae3241b9214738ed597



RESULT: PASS — built and healthy offline at http://172.21.0.2:8080/health
--- service log (tail) ---

