$ docker build --label redline-gate=1 -t redline-gate-8ee3d62c8c /tmp/redline-wt-d_qnd8dq/stage-1  (exit 0)

#0 building with "default" instance using docker driver

#1 [internal] load build definition from Dockerfile
#1 transferring dockerfile: 176B done
#1 DONE 0.0s

#2 [internal] load metadata for docker.io/library/python:3.12-slim
#2 DONE 0.4s

#3 [internal] load .dockerignore
#3 transferring context: 2B done
#3 DONE 0.0s

#4 [1/4] FROM docker.io/library/python:3.12-slim@sha256:dddfd7e07f9d15aeeca61529320492139d21cac7f0070c00609243e51e4e0016
#4 DONE 0.0s

#5 [internal] load build context
#5 transferring context: 38.95kB done
#5 DONE 0.0s

#6 [2/4] WORKDIR /app
#6 CACHED

#7 [3/4] COPY main.py ./main.py
#7 CACHED

#8 [4/4] COPY service ./service
#8 CACHED

#9 exporting to image
#9 exporting layers done
#9 writing image sha256:a1d4bebf794ba6e1effcf51d938de5a0c039d079590dabe31dc90933211aca23 done
#9 naming to docker.io/library/redline-gate-8ee3d62c8c done
#9 DONE 0.0s

$ docker network create --internal redline-net-d94fc14075  (exit 0)
50874c42ac92a0e54c6ac4c2b63b02ca132dfe7ff10db60a1448a24a1ef96ea8


$ docker run -d --network redline-net-d94fc14075 --cpus 2 --memory 2g -e PORT=8080 redline-gate-8ee3d62c8c  (exit 0)
1e4cefc28b974ff9a0f2a06dd6d2a3dc382426e504fbf95e53875227c09f28f8



RESULT: PASS — built and healthy offline at http://172.23.0.2:8080/health
--- service log (tail) ---

