$ docker build --label redline-gate=1 -t redline-gate-6d386ff7e1 /home/prashant/projects/band-work/result/stage-1  (exit 0)

#0 building with "default" instance using docker driver

#1 [internal] load build definition from Dockerfile
#1 transferring dockerfile: 176B done
#1 DONE 0.0s

#2 [internal] load metadata for docker.io/library/python:3.12-slim
#2 DONE 1.7s

#3 [internal] load .dockerignore
#3 transferring context: 2B done
#3 DONE 0.0s

#4 [1/4] FROM docker.io/library/python:3.12-slim@sha256:dddfd7e07f9d15aeeca61529320492139d21cac7f0070c00609243e51e4e0016
#4 DONE 0.0s

#5 [2/4] WORKDIR /app
#5 CACHED

#6 [internal] load build context
#6 transferring context: 75.72kB done
#6 DONE 0.0s

#7 [3/4] COPY main.py ./main.py
#7 DONE 0.0s

#8 [4/4] COPY service ./service
#8 DONE 0.0s

#9 exporting to image
#9 exporting layers 0.0s done
#9 writing image sha256:10e9f99d3652d90131aaa293918c1f17c41972d9d95c729aa429c9854672a904 done
#9 naming to docker.io/library/redline-gate-6d386ff7e1 done
#9 DONE 0.1s

$ docker network create --internal redline-net-8d2ccd3720  (exit 0)
1181d99f20918362d036dfb77dbb928ac09b2d791e14079b88ea29498eea14f4


$ docker run -d --network redline-net-8d2ccd3720 --cpus 2 --memory 2g -e PORT=8080 redline-gate-6d386ff7e1  (exit 0)
7d5b8e24a705c95c6bce448d2cfead2adfca2c5662ee7a80f536c986c881b91d



RESULT: PASS — built and healthy offline at http://172.20.0.2:8080/health
--- service log (tail) ---

