$ docker build --label redline-gate=1 -t redline-gate-62f3cc8f02 /tmp/redline-wt-qmbwxirb/stage-1  (exit 0)

#0 building with "default" instance using docker driver

#1 [internal] load build definition from Dockerfile
#1 transferring dockerfile: 176B done
#1 DONE 0.0s

#2 [internal] load metadata for docker.io/library/python:3.12-slim
#2 DONE 1.0s

#3 [internal] load .dockerignore
#3 transferring context: 2B done
#3 DONE 0.0s

#4 [1/4] FROM docker.io/library/python:3.12-slim@sha256:dddfd7e07f9d15aeeca61529320492139d21cac7f0070c00609243e51e4e0016
#4 DONE 0.0s

#5 [internal] load build context
#5 transferring context: 19.95kB done
#5 DONE 0.0s

#6 [2/4] WORKDIR /app
#6 CACHED

#7 [3/4] COPY main.py ./main.py
#7 CACHED

#8 [4/4] COPY service ./service
#8 DONE 0.0s

#9 exporting to image
#9 exporting layers 0.0s done
#9 writing image sha256:3e0b2458efbccc40f609da04cacf52240937a66e892701464b392911a4903a89 done
#9 naming to docker.io/library/redline-gate-62f3cc8f02 done
#9 DONE 0.1s

$ docker network create --internal redline-net-bad78af476  (exit 0)
9588927f9d1099f334712d53c4a70774acfa1895641d1ce3dd02698d06b9a3a4


$ docker run -d --network redline-net-bad78af476 --cpus 2 --memory 2g -e PORT=8080 redline-gate-62f3cc8f02  (exit 0)
0b564b9c921fbccce3f4bc9654639edb6ca441512b735e5978ac99c587086944



RESULT: PASS — built and healthy offline at http://172.20.0.2:8080/health
--- service log (tail) ---

