$ docker build --label redline-gate=1 -t redline-gate-8399d05017 /tmp/redline-wt-s1e0hrpd/stage-1  (exit 0)

#0 building with "default" instance using docker driver

#1 [internal] load build definition from Dockerfile
#1 transferring dockerfile: 176B done
#1 DONE 0.0s

#2 [internal] load metadata for docker.io/library/python:3.12-slim
#2 DONE 1.0s

#3 [internal] load .dockerignore
#3 transferring context: 2B done
#3 DONE 0.0s

#4 [1/4] FROM docker.io/library/python:3.12-slim@sha256:dddfd7e07f9d15aeeca61529320492139d21cac7f0070c00609243e51e4e0016
#4 DONE 0.0s

#5 [internal] load build context
#5 transferring context: 44.39kB done
#5 DONE 0.0s

#6 [3/4] COPY main.py ./main.py
#6 CACHED

#7 [2/4] WORKDIR /app
#7 CACHED

#8 [4/4] COPY service ./service
#8 CACHED

#9 exporting to image
#9 exporting layers done
#9 writing image sha256:633d521c5688f451fcd3bf672d688626ac191dced9deffdb165818d8cc688411 0.0s done
#9 naming to docker.io/library/redline-gate-8399d05017 done
#9 DONE 0.0s

$ docker network create --internal redline-net-8d11526ad8  (exit 0)
e8c411913245797d6e30f566848098f2015c88b837d9493630d26758986883ad


$ docker run -d --network redline-net-8d11526ad8 --cpus 2 --memory 2g -e PORT=8080 redline-gate-8399d05017  (exit 0)
7abc0f8b1392cccd84bf6d815471bdaa3f127010542e82049147c5ba52a423fd



RESULT: PASS — built and healthy offline at http://172.22.0.2:8080/health
--- service log (tail) ---

