$ docker build --label redline-gate=1 -t redline-gate-da65bb33eb /tmp/redline-wt-x0brl30r/stage-1  (exit 0)

#0 building with "default" instance using docker driver

#1 [internal] load build definition from Dockerfile
#1 transferring dockerfile: 176B done
#1 DONE 0.0s

#2 [internal] load metadata for docker.io/library/python:3.12-slim
#2 DONE 0.4s

#3 [internal] load .dockerignore
#3 transferring context: 2B done
#3 DONE 0.0s

#4 [1/4] FROM docker.io/library/python:3.12-slim@sha256:dddfd7e07f9d15aeeca61529320492139d21cac7f0070c00609243e51e4e0016
#4 DONE 0.0s

#5 [internal] load build context
#5 transferring context: 38.95kB done
#5 DONE 0.0s

#6 [2/4] WORKDIR /app
#6 CACHED

#7 [3/4] COPY main.py ./main.py
#7 CACHED

#8 [4/4] COPY service ./service
#8 DONE 0.0s

#9 exporting to image
#9 exporting layers 0.0s done
#9 writing image sha256:a1d4bebf794ba6e1effcf51d938de5a0c039d079590dabe31dc90933211aca23 done
#9 naming to docker.io/library/redline-gate-da65bb33eb
#9 naming to docker.io/library/redline-gate-da65bb33eb done
#9 DONE 0.0s

$ docker network create --internal redline-net-a55e76fd81  (exit 0)
ad4b16d347e934d77690b7eced87ab7a3c4476619e6699909332819f89cf2105


$ docker run -d --network redline-net-a55e76fd81 --cpus 2 --memory 2g -e PORT=8080 redline-gate-da65bb33eb  (exit 0)
31e78e0791b5320a3cde4986a1f5281a4845335f9b8fa6a1d1dcc499dfe0e2b2



RESULT: PASS — built and healthy offline at http://172.23.0.2:8080/health
--- service log (tail) ---

