$ docker build --label redline-gate=1 -t redline-gate-6d386ff7e1 /home/prashant/projects/band-work/result/stage-1  (exit 0)

#0 building with "default" instance using docker driver

#1 [internal] load build definition from Dockerfile
#1 transferring dockerfile: 176B done
#1 DONE 0.0s

#2 [internal] load metadata for docker.io/library/python:3.12-slim
#2 DONE 1.3s

#3 [internal] load .dockerignore
#3 transferring context: 2B done
#3 DONE 0.0s

#4 [1/4] FROM docker.io/library/python:3.12-slim@sha256:dddfd7e07f9d15aeeca61529320492139d21cac7f0070c00609243e51e4e0016
#4 DONE 0.0s

#5 [internal] load build context
#5 transferring context: 6.05kB done
#5 DONE 0.0s

#6 [2/4] WORKDIR /app
#6 CACHED

#7 [3/4] COPY main.py ./main.py
#7 CACHED

#8 [4/4] COPY service ./service
#8 DONE 0.1s

#9 exporting to image
#9 exporting layers 0.0s done
#9 writing image sha256:26c5aae087121047e4e9fbf3340580fa61994449f6c392d72eb5a7559d8fd699 done
#9 naming to docker.io/library/redline-gate-6d386ff7e1 done
#9 DONE 0.1s

$ docker network create --internal redline-net-c6188fb427  (exit 0)
c4f22136bde1f62942926d64635f27cc986de5e9147e2627e757e1271a86ed66


$ docker run -d --network redline-net-c6188fb427 --cpus 2 --memory 2g -e PORT=8080 redline-gate-6d386ff7e1  (exit 0)
52b52086c8b6e911edb065a6380a38cdfe76ce0fa5c176dbe24f08d957bb54d9



RESULT: PASS — built and healthy offline at http://172.21.0.2:8080/health
--- service log (tail) ---

