$ docker build --label redline-gate=1 -t redline-gate-6d386ff7e1 /home/prashant/projects/band-work/result/stage-1  (exit 0)

#0 building with "default" instance using docker driver

#1 [internal] load build definition from Dockerfile
#1 transferring dockerfile: 176B done
#1 DONE 0.0s

#2 [internal] load metadata for docker.io/library/python:3.12-slim
#2 DONE 0.9s

#3 [internal] load .dockerignore
#3 transferring context: 2B done
#3 DONE 0.0s

#4 [1/4] FROM docker.io/library/python:3.12-slim@sha256:dddfd7e07f9d15aeeca61529320492139d21cac7f0070c00609243e51e4e0016
#4 DONE 0.0s

#5 [internal] load build context
#5 transferring context: 9.61kB done
#5 DONE 0.0s

#6 [2/4] WORKDIR /app
#6 CACHED

#7 [3/4] COPY main.py ./main.py
#7 CACHED

#8 [4/4] COPY service ./service
#8 DONE 0.0s

#9 exporting to image
#9 exporting layers 0.0s done
#9 writing image sha256:e3daf31df15e95bcc98207db85c7eb84b0850d356c0d4655eb1bedc40d61262b done
#9 naming to docker.io/library/redline-gate-6d386ff7e1 done
#9 DONE 0.0s

$ docker network create --internal redline-net-e8badf2fcd  (exit 0)
a96b662beb94991c8f745d8faf09599bc825b369b1536b991479446442157622


$ docker run -d --network redline-net-e8badf2fcd --cpus 2 --memory 2g -e PORT=8080 redline-gate-6d386ff7e1  (exit 0)
4cf416c015577ee9e4e83a4183a08e76c23b8c5c18b3338ad04dd11d2bc96fa5



RESULT: PASS — built and healthy offline at http://172.20.0.2:8080/health
--- service log (tail) ---

