$ /home/prashant/projects/band-work/result/.venv/bin/python -m pytest /tmp/redline-wt-7xlqwyl2/stage-1/tests -q -p no:cacheprovider --junitxml=/home/prashant/projects/band-work/result/evidence/gates/s1/N1-2-g2-20261004T131902-c35a.junit.xml  (exit 1)
from_explicit_default
FAILED ../../../../../tmp/redline-wt-7xlqwyl2/stage-1/tests/test_requests.py::test_pay_not_pending_insufficient_funds_forbidden_not_found
FAILED ../../../../../tmp/redline-wt-7xlqwyl2/stage-1/tests/test_requests.py::test_replaying_successful_pay_never_409s
FAILED ../../../../../tmp/redline-wt-7xlqwyl2/stage-1/tests/test_requests.py::test_decline_request
FAILED ../../../../../tmp/redline-wt-7xlqwyl2/stage-1/tests/test_requests.py::test_cancel_request
FAILED ../../../../../tmp/redline-wt-7xlqwyl2/stage-1/tests/test_requests.py::test_decline_and_cancel_move_no_money
FAILED ../../../../../tmp/redline-wt-7xlqwyl2/stage-1/tests/test_requests.py::test_get_requests_visible_only_to_participants
FAILED ../../../../../tmp/redline-wt-7xlqwyl2/stage-1/tests/test_requests.py::test_get_requests_direction_filter
FAILED ../../../../../tmp/redline-wt-7xlqwyl2/stage-1/tests/test_requests.py::test_get_requests_status_filter_and_unknown_value_422
FAILED ../../../../../tmp/redline-wt-7xlqwyl2/stage-1/tests/test_requests.py::test_get_requests_pagination_defaults_and_has_more
FAILED ../../../../../tmp/redline-wt-7xlqwyl2/stage-1/tests/test_reset_fixture.py::test_amount_accepts_integral_numeric_forms
FAILED ../../../../../tmp/redline-wt-7xlqwyl2/stage-1/tests/test_reset_fixture.py::test_amount_boolean_or_string_rejected_422
FAILED ../../../../../tmp/redline-wt-7xlqwyl2/stage-1/tests/test_reset_fixture.py::test_amount_non_integral_rejected_422
FAILED ../../../../../tmp/redline-wt-7xlqwyl2/stage-1/tests/test_reset_fixture.py::test_seeded_user_starts_with_given_balance_and_can_transact
FAILED ../../../../../tmp/redline-wt-7xlqwyl2/stage-1/tests/test_reset_fixture.py::test_reset_accepts_full_fixture_shape
FAILED ../../../../../tmp/redline-wt-7xlqwyl2/stage-1/tests/test_reset_fixture.py::test_reset_omits_optional_collections
FAILED ../../../../../tmp/redline-wt-7xlqwyl2/stage-1/tests/test_reset_fixture.py::test_seeded_pending_request_is_payable_non_pending_is_not
FAILED ../../../../../tmp/redline-wt-7xlqwyl2/stage-1/tests/test_runtime.py::test_timestamps_are_rfc3339_with_offset
FAILED ../../../../../tmp/redline-wt-7xlqwyl2/stage-1/tests/test_runtime.py::test_unknown_request_body_fields_ignored
FAILED ../../../../../tmp/redline-wt-7xlqwyl2/stage-1/tests/test_runtime.py::test_assigned_ids_are_opaque_and_bounded
FAILED ../../../../../tmp/redline-wt-7xlqwyl2/stage-1/tests/test_runtime.py::test_seeded_ids_used_verbatim
FAILED ../../../../../tmp/redline-wt-7xlqwyl2/stage-1/tests/test_settlements.py::test_settlement_requires_operator_and_key
FAILED ../../../../../tmp/redline-wt-7xlqwyl2/stage-1/tests/test_settlements.py::test_operator_grants_only_settlement_execution
FAILED ../../../../../tmp/redline-wt-7xlqwyl2/stage-1/tests/test_settlements.py::test_settlement_body_shape_and_defaults
FAILED ../../../../../tmp/redline-wt-7xlqwyl2/stage-1/tests/test_settlements.py::test_settlement_batch_shape_errors
FAILED ../../../../../tmp/redline-wt-7xlqwyl2/stage-1/tests/test_settlements.py::test_settlement_per_entry_errors
FAILED ../../../../../tmp/redline-wt-7xlqwyl2/stage-1/tests/test_settlements.py::test_affordable_net_zero_batch_succeeds_even_if_single_leg_would_not
FAILED ../../../../../tmp/redline-wt-7xlqwyl2/stage-1/tests/test_settlements.py::test_unaffordable_net_batch_rejected_and_changes_nothing
FAILED ../../../../../tmp/redline-wt-7xlqwyl2/stage-1/tests/test_settlements.py::test_settlement_atomic_all_or_nothing
FAILED ../../../../../tmp/redline-wt-7xlqwyl2/stage-1/tests/test_settlements.py::test_failed_settlement_claims_no_key_and_creates_nothing
FAILED ../../../../../tmp/redline-wt-7xlqwyl2/stage-1/tests/test_settlements.py::test_successful_settlement_response_shape
FAILED ../../../../../tmp/redline-wt-7xlqwyl2/stage-1/tests/test_settlements.py::test_replaying_settlement_moves_no_additional_money
FAILED ../../../../../tmp/redline-wt-7xlqwyl2/stage-1/tests/test_settlements.py::test_settlement_ignores_unknown_fields
FAILED ../../../../../tmp/redline-wt-7xlqwyl2/stage-1/tests/test_settlements.py::test_operator_self_transfer_entries_permitted
FAILED ../../../../../tmp/redline-wt-7xlqwyl2/stage-1/tests/test_splits.py::test_split_creates_requests_for_everyone_but_caller
FAILED ../../../../../tmp/redline-wt-7xlqwyl2/stage-1/tests/test_splits.py::test_split_response_shape
FAILED ../../../../../tmp/redline-wt-7xlqwyl2/stage-1/tests/test_splits.py::test_shares_sum_exactly_to_amount
FAILED ../../../../../tmp/redline-wt-7xlqwyl2/stage-1/tests/test_splits.py::test_share_arithmetic_matches_spec_examples[1000-3-expected0]
FAILED ../../../../../tmp/redline-wt-7xlqwyl2/stage-1/tests/test_splits.py::test_share_arithmetic_matches_spec_examples[1-3-expected1]
FAILED ../../../../../tmp/redline-wt-7xlqwyl2/stage-1/tests/test_splits.py::test_share_arithmetic_matches_spec_examples[10-3-expected2]
FAILED ../../../../../tmp/redline-wt-7xlqwyl2/stage-1/tests/test_splits.py::test_share_arithmetic_matches_spec_examples[999-3-expected3]
FAILED ../../../../../tmp/redline-wt-7xlqwyl2/stage-1/tests/test_splits.py::test_share_arithmetic_matches_spec_examples[5-5-expected4]
FAILED ../../../../../tmp/redline-wt-7xlqwyl2/stage-1/tests/test_splits.py::test_reordering_participants_changes_who_gets_extra_unit
FAILED ../../../../../tmp/redline-wt-7xlqwyl2/stage-1/tests/test_splits.py::test_zero_share_is_legal_and_still_creates_request
FAILED ../../../../../tmp/redline-wt-7xlqwyl2/stage-1/tests/test_splits.py::test_split_only_caller_participant
FAILED ../../../../../tmp/redline-wt-7xlqwyl2/stage-1/tests/test_splits.py::test_split_checks_no_balance_and_moves_no_money
FAILED ../../../../../tmp/redline-wt-7xlqwyl2/stage-1/tests/test_splits.py::test_split_errors
FAILED ../../../../../tmp/redline-wt-7xlqwyl2/stage-1/tests/test_splits.py::test_split_participant_handles_type_errors
FAILED ../../../../../tmp/redline-wt-7xlqwyl2/stage-1/tests/test_splits.py::test_each_split_independent_balances_sum_preserved
141 failed, 57 passed, 8 warnings in 16.41s



RESULT: FAIL — 57 passed, 141 failed, 0 errors, 0 skipped
