$ docker build --label redline-gate=1 -t redline-gate-6d386ff7e1 /home/prashant/projects/band-work/result/stage-1  (exit 0)

#0 building with "default" instance using docker driver

#1 [internal] load build definition from Dockerfile
#1 transferring dockerfile: 176B done
#1 DONE 0.0s

#2 [internal] load metadata for docker.io/library/python:3.12-slim
#2 DONE 0.9s

#3 [internal] load .dockerignore
#3 transferring context: 2B done
#3 DONE 0.0s

#4 [1/4] FROM docker.io/library/python:3.12-slim@sha256:dddfd7e07f9d15aeeca61529320492139d21cac7f0070c00609243e51e4e0016
#4 DONE 0.0s

#5 [internal] load build context
#5 transferring context: 9.11kB done
#5 DONE 0.0s

#6 [2/4] WORKDIR /app
#6 CACHED

#7 [3/4] COPY main.py ./main.py
#7 CACHED

#8 [4/4] COPY service ./service
#8 DONE 0.0s

#9 exporting to image
#9 exporting layers 0.0s done
#9 writing image sha256:fee9e5e44c7aea03feeb226b47a1d6546249ed6c309f45891fd37cd69c9b2c3c done
#9 naming to docker.io/library/redline-gate-6d386ff7e1 done
#9 DONE 0.1s

$ docker network create --internal redline-net-f069f0a376  (exit 0)
cff864d76fdabb55b4ac421bba5ddca6fb90b0698373504b46cf32d2bed6d745


$ docker run -d --network redline-net-f069f0a376 --cpus 2 --memory 2g -e PORT=8080 redline-gate-6d386ff7e1  (exit 0)
0303781532d215241d977d61dd2a5281341f6e40a030327140e4d0258ebe3f58



RESULT: PASS — built and healthy offline at http://172.22.0.2:8080/health
--- service log (tail) ---

