$ docker build --label redline-gate=1 -t redline-gate-71b8f0f502 /tmp/redline-wt-zfskmokh/stage-1  (exit 0)

#0 building with "default" instance using docker driver

#1 [internal] load build definition from Dockerfile
#1 transferring dockerfile: 176B done
#1 DONE 0.0s

#2 [internal] load metadata for docker.io/library/python:3.12-slim
#2 DONE 0.9s

#3 [internal] load .dockerignore
#3 transferring context: 2B done
#3 DONE 0.0s

#4 [1/4] FROM docker.io/library/python:3.12-slim@sha256:dddfd7e07f9d15aeeca61529320492139d21cac7f0070c00609243e51e4e0016
#4 DONE 0.0s

#5 [internal] load build context
#5 transferring context: 44.39kB done
#5 DONE 0.0s

#6 [2/4] WORKDIR /app
#6 CACHED

#7 [3/4] COPY main.py ./main.py
#7 CACHED

#8 [4/4] COPY service ./service
#8 CACHED

#9 exporting to image
#9 exporting layers done
#9 writing image sha256:633d521c5688f451fcd3bf672d688626ac191dced9deffdb165818d8cc688411 done
#9 naming to docker.io/library/redline-gate-71b8f0f502 done
#9 DONE 0.0s

$ docker network create --internal redline-net-6d4e9f3c85  (exit 0)
b789b6ab81707e667483dc62ca932652d25c45fae349bd3924bb77ce3153c210


$ docker run -d --network redline-net-6d4e9f3c85 --cpus 2 --memory 2g -e PORT=8080 redline-gate-71b8f0f502  (exit 0)
a018c06ecf5d5765f58efc054654a3efff93fa40fbabe9065ae142929978b84a



RESULT: PASS — built and healthy offline at http://172.22.0.2:8080/health
--- service log (tail) ---

