$ docker build --label redline-gate=1 -t redline-gate-6d386ff7e1 /home/prashant/projects/band-work/result/stage-1  (exit 0)

#0 building with "default" instance using docker driver

#1 [internal] load build definition from Dockerfile
#1 transferring dockerfile: 176B done
#1 DONE 0.0s

#2 [internal] load metadata for docker.io/library/python:3.12-slim
#2 DONE 1.1s

#3 [internal] load .dockerignore
#3 transferring context: 2B done
#3 DONE 0.0s

#4 [1/4] FROM docker.io/library/python:3.12-slim@sha256:dddfd7e07f9d15aeeca61529320492139d21cac7f0070c00609243e51e4e0016
#4 DONE 0.0s

#5 [internal] load build context
#5 transferring context: 3.17kB done
#5 DONE 0.0s

#6 [2/4] WORKDIR /app
#6 CACHED

#7 [3/4] COPY main.py ./main.py
#7 CACHED

#8 [4/4] COPY service ./service
#8 CACHED

#9 exporting to image
#9 exporting layers done
#9 writing image sha256:249b79d924b11aaaa12be8f56ab93d5ae7296091846b9c5ee8902fb893b6e290 done
#9 naming to docker.io/library/redline-gate-6d386ff7e1 done
#9 DONE 0.0s

$ docker network create --internal redline-net-cd072403dd  (exit 0)
c7a98aec08230f9e72e2e80930241f8d6801369fbde0caa8b7ba4191046a8ad0


$ docker run -d --network redline-net-cd072403dd --cpus 2 --memory 2g -e PORT=8080 redline-gate-6d386ff7e1  (exit 0)
7a79febdf31d2ed1d5c230a4964e09a9ecb5bdb24aeb9f0e62736e4eb43afbb1



RESULT: PASS — built and healthy offline at http://172.22.0.2:8080/health
--- service log (tail) ---

