$ docker build --label redline-gate=1 -t redline-mut-80ac7528-base /tmp/redline-mut-ubg7ea1z/stage-1  (exit 0)

#0 building with "default" instance using docker driver

#1 [internal] load build definition from Dockerfile
#1 transferring dockerfile: 176B done
#1 DONE 0.0s

#2 [internal] load metadata for docker.io/library/python:3.12-slim
#2 DONE 0.0s

#3 [internal] load .dockerignore
#3 transferring context: 2B done
#3 DONE 0.0s

#4 [1/4] FROM docker.io/library/python:3.12-slim
#4 DONE 0.0s

#5 [internal] load build context
#5 transferring context: 208.05kB done
#5 DONE 0.0s

#6 [2/4] WORKDIR /app
#6 CACHED

#7 [3/4] COPY main.py ./main.py
#7 CACHED

#8 [4/4] COPY service ./service
#8 CACHED

#9 exporting to image
#9 exporting layers done
#9 writing image sha256:649864faded6a9f8fe7bd9485e325a991813f18cc22c60c22416f1aa559e82b5 done
#9 naming to docker.io/library/redline-mut-80ac7528-base done
#9 DONE 0.0s

$ docker network create --internal redline-net-090db15c5d  (exit 0)
eed6230eef57794a3f078a150646aa381f0e814d5528295356535566afd3716c


$ docker run -d --network redline-net-090db15c5d --cpus 2 --memory 2g -e PORT=8080 redline-mut-80ac7528-base  (exit 0)
ee8d33f9c5e593a917957b18b608838f75df20383a85e83d824d5487b0778d13


$ /home/prashant/projects/band-work/result/.venv/bin/python -m pytest /tmp/redline-mut-ubg7ea1z/stage-1/tests -q -p no:cacheprovider --junitxml=/home/prashant/projects/band-work/result/evidence/gates/s1/N1-T.8-g6-20261004T152314-d86b.junit.xml  (exit 1)
........................................................................ [ 23%]
........................................................................ [ 47%]
........................F............................................... [ 70%]
........................................................................ [ 94%]
..................                                                       [100%]
=================================== FAILURES ===================================
___________ test_r_1_108_concurrent_losers_get_winner_body_payments ____________

    def test_r_1_108_concurrent_losers_get_winner_body_payments():
        """R-1-108, stated strictly: for N concurrent identical requests with an
        unused key, exactly one returns 201 and the REST return 200 with the
        IDENTICAL body — not merely "one 201 and the rest aren't 201". A
        service that gave up waiting on the in-flight winner and answered a
        loser with a timeout, a 409, a 503 or an empty body would violate this
        and a looser assertion (checking only the 201 count) would miss it."""
        fixture, token_a, _ = _two_user_fixture(balance_a=10_000)
        b_handle = fixture["users"][1]["handle"]
        key = unique("concurrent-strict")
        body = {"to_handle": b_handle, "amount": 37, "note": "strict-108"}
        n = 8
        results = [None] * n
        lock = threading.Lock()
    
        def go(i):
            r = api_post("/payments", json=body, headers={**auth(token_a), **idem(key)})
            with lock:
                results[i] = r
    
        threads = [threading.Thread(target=go, args=(i,)) for i in range(n)]
        for t in threads:
            t.start()
        for t in threads:
            t.join()
    
        statuses = Counter(r.status_code for r in results)
        assert statuses == Counter({201: 1, 200: n - 1}), \
            f"expected exactly {{201: 1, 200: {n - 1}}}, got {dict(statuses)}"
    
        winner_body = next(r.json() for r in results if r.status_code == 201)
        for r in results:
            assert r.json() == winner_body, f"every response must carry the identical body: {r.json()} vs {winner_body}"
    
        balance_a = api_get("/me", headers=auth(token_a)).json()["balance"]
        balance_b = api_get("/me", headers=auth(login_token(fixture["users"][1]["email"]))).json()["balance"]
        assert balance_a == 10_000 - 37
>       assert balance_b == 37
E       assert 10037 == 37

stage-1/tests/test_idempotency.py:349: AssertionError
=========================== short test summary info ============================
FAILED ../../../../../tmp/redline-mut-ubg7ea1z/stage-1/tests/test_idempotency.py::test_r_1_108_concurrent_losers_get_winner_body_payments
1 failed, 305 passed in 34.45s


--- service log (tail) ---


RESULT: FAIL — baseline not green: the unmutated code must pass its own tests before mutants can be judged
