$ docker build --label redline-gate=1 -t redline-gate-89010cc2a7 /tmp/redline-wt-bahc3l4c/stage-4  (exit 0)

#0 building with "default" instance using docker driver

#1 [internal] load build definition from Dockerfile
#1 transferring dockerfile: 176B done
#1 DONE 0.0s

#2 [internal] load metadata for docker.io/library/python:3.12-slim
#2 DONE 0.0s

#3 [internal] load .dockerignore
#3 transferring context: 2B done
#3 DONE 0.0s

#4 [1/4] FROM docker.io/library/python:3.12-slim
#4 DONE 0.0s

#5 [internal] load build context
#5 transferring context: 269.44kB done
#5 DONE 0.0s

#6 [2/4] WORKDIR /app
#6 CACHED

#7 [3/4] COPY main.py ./main.py
#7 CACHED

#8 [4/4] COPY service ./service
#8 DONE 0.0s

#9 exporting to image
#9 exporting layers 0.0s done
#9 writing image sha256:1e92f19bf85945c7de61283b7dddaa573a95d3eec33e758a438c21173d4cfdb5 done
#9 naming to docker.io/library/redline-gate-89010cc2a7 done
#9 DONE 0.0s

$ docker network create --internal redline-net-71a992b352  (exit 0)
025e3a1430bc9036e7f63b8d086356ef46ef333878bc63f77350e3db72175368


$ docker run -d --network redline-net-71a992b352 --cpus 2 --memory 2g -e PORT=8080 redline-gate-89010cc2a7  (exit 0)
010a76ab6b9edbc4d8529b0d9d8addfd408447f1380ffebe4c3108bf35bf139d



RESULT: PASS — built and healthy offline at http://192.168.160.2:8080/health
--- service log (tail) ---

