$ docker build --label redline-gate=1 -t redline-gate-159fb35e54 /tmp/redline-wt-jzd1eizm/stage-4  (exit 0)

#0 building with "default" instance using docker driver

#1 [internal] load build definition from Dockerfile
#1 transferring dockerfile: 176B done
#1 DONE 0.0s

#2 [internal] load metadata for docker.io/library/python:3.12-slim
#2 DONE 0.0s

#3 [internal] load .dockerignore
#3 transferring context: 2B done
#3 DONE 0.0s

#4 [1/4] FROM docker.io/library/python:3.12-slim
#4 DONE 0.0s

#5 [internal] load build context
#5 transferring context: 248.43kB done
#5 DONE 0.0s

#6 [2/4] WORKDIR /app
#6 CACHED

#7 [3/4] COPY main.py ./main.py
#7 CACHED

#8 [4/4] COPY service ./service
#8 DONE 0.0s

#9 exporting to image
#9 exporting layers 0.0s done
#9 writing image sha256:54abd9a79ce8adc9bc373c2531e088240d1f333d9c9061e616506fdc658ea282 done
#9 naming to docker.io/library/redline-gate-159fb35e54 done
#9 DONE 0.1s

$ docker network create --internal redline-net-d0f42aa165  (exit 0)
61dc0504cbeb4db8f3d67106ffc3fd55fcbc6919393e3fdb2197c5fbf194850e


$ docker run -d --network redline-net-d0f42aa165 --cpus 2 --memory 2g -e PORT=8080 redline-gate-159fb35e54  (exit 0)
ca4858b8e139f2df6dbd3057278c96be0efb44578db5d0213f062d0a7982ffed



RESULT: PASS — built and healthy offline at http://192.168.160.2:8080/health
--- service log (tail) ---

