$ docker build --label redline-gate=1 -t redline-gate-3fdad467e7 /home/prashant/projects/band-work/result/stage-4  (exit 0)

#0 building with "default" instance using docker driver

#1 [internal] load build definition from Dockerfile
#1 transferring dockerfile: 176B done
#1 DONE 0.0s

#2 [internal] load metadata for docker.io/library/python:3.12-slim
#2 DONE 0.0s

#3 [internal] load .dockerignore
#3 transferring context: 2B done
#3 DONE 0.0s

#4 [1/4] FROM docker.io/library/python:3.12-slim
#4 DONE 0.0s

#5 [internal] load build context
#5 transferring context: 629.67kB done
#5 DONE 0.0s

#6 [2/4] WORKDIR /app
#6 CACHED

#7 [3/4] COPY main.py ./main.py
#7 CACHED

#8 [4/4] COPY service ./service
#8 DONE 0.0s

#9 exporting to image
#9 exporting layers 0.0s done
#9 writing image sha256:19af1a7edbb5712d83e77ea123396688579d62d41bdc9834607c895fc5086665 done
#9 naming to docker.io/library/redline-gate-3fdad467e7 done
#9 DONE 0.1s

$ docker network create --internal redline-net-956ab798da  (exit 0)
2fd03002b8b41e58e22567f8da4988271fc498d93b702ed17c4d0114e31904af


$ docker run -d --network redline-net-956ab798da --cpus 2 --memory 2g -e PORT=8080 redline-gate-3fdad467e7  (exit 0)
34481f5593644ee9f3ca59f2f03a9fae25fd2db3747afe74c3c65a6b9ee758d3



RESULT: PASS — built and healthy offline at http://192.168.192.2:8080/health
--- service log (tail) ---

