$ docker build --label redline-gate=1 -t redline-gate-3fdad467e7 /home/prashant/projects/band-work/result/stage-4  (exit 0)

#0 building with "default" instance using docker driver

#1 [internal] load build definition from Dockerfile
#1 transferring dockerfile: 176B done
#1 DONE 0.0s

#2 [internal] load metadata for docker.io/library/python:3.12-slim
#2 DONE 0.0s

#3 [internal] load .dockerignore
#3 transferring context: 2B done
#3 DONE 0.0s

#4 [1/4] FROM docker.io/library/python:3.12-slim
#4 DONE 0.0s

#5 [internal] load build context
#5 transferring context: 625.89kB done
#5 DONE 0.0s

#6 [2/4] WORKDIR /app
#6 CACHED

#7 [3/4] COPY main.py ./main.py
#7 CACHED

#8 [4/4] COPY service ./service
#8 DONE 0.0s

#9 exporting to image
#9 exporting layers 0.0s done
#9 writing image sha256:910f1a7c7699e15a875cc91642f1313db03f6fe77f93c8dc93b7c7ec96eda34c done
#9 naming to docker.io/library/redline-gate-3fdad467e7 done
#9 DONE 0.0s

$ docker network create --internal redline-net-a2e7d00526  (exit 0)
f093820b216af126949a725632383d41fcfadfd3ccbe8f7c60a1e63c343b53d0


$ docker run -d --network redline-net-a2e7d00526 --cpus 2 --memory 2g -e PORT=8080 redline-gate-3fdad467e7  (exit 0)
49af5b1b59d4d3bc13fb6faefafec25551eec0d8d0c8ef39b4522a22954de03a



RESULT: PASS — built and healthy offline at http://192.168.208.2:8080/health
--- service log (tail) ---

