$ docker build --label redline-gate=1 -t redline-gate-210ee1a139 /tmp/redline-wt-kmos8mjy/stage-4  (exit 0)

#0 building with "default" instance using docker driver

#1 [internal] load build definition from Dockerfile
#1 transferring dockerfile: 176B done
#1 DONE 0.0s

#2 [internal] load metadata for docker.io/library/python:3.12-slim
#2 DONE 0.0s

#3 [internal] load .dockerignore
#3 transferring context: 2B done
#3 DONE 0.0s

#4 [1/4] FROM docker.io/library/python:3.12-slim
#4 DONE 0.0s

#5 [internal] load build context
#5 transferring context: 328.35kB 0.0s done
#5 DONE 0.0s

#6 [3/4] COPY main.py ./main.py
#6 CACHED

#7 [2/4] WORKDIR /app
#7 CACHED

#8 [4/4] COPY service ./service
#8 CACHED

#9 exporting to image
#9 exporting layers done
#9 writing image sha256:0c5d367054a02f7cb6c5497eaff7c76a927460963a605883fc11b3e69bb14df6 done
#9 naming to docker.io/library/redline-gate-210ee1a139 done
#9 DONE 0.0s

$ docker network create --internal redline-net-20ecd059ef  (exit 0)
aa99a410f2c1b11d3f9d40e68d18b3e39c0c049f71fb9297c8991a3f3b085f1d


$ docker run -d --network redline-net-20ecd059ef --cpus 2 --memory 2g -e PORT=8080 redline-gate-210ee1a139  (exit 0)
addd9e312879728abb76bb082b0e7047c179dc6ef57f40cfddd30f8d7dadd6a1


$ /home/prashant/projects/band-work/result/.venv/bin/python -m pytest /tmp/redline-wt-kmos8mjy/stage-1/tests -q -p no:cacheprovider --junitxml=/home/prashant/projects/band-work/result/evidence/gates/s4/U3-g5-20261005T223134-9160.junit.xml  (exit 0)
........................................................................ [ 22%]
........................................................................ [ 45%]
........................................................................ [ 68%]
........................................................................ [ 91%]
..........................                                               [100%]
314 passed in 179.32s (0:02:59)


$ /home/prashant/projects/band-work/result/.venv/bin/python -m pytest /tmp/redline-wt-kmos8mjy/stage-2/tests -q -p no:cacheprovider --junitxml=/home/prashant/projects/band-work/result/evidence/gates/s4/U3-g5-20261005T223134-9160.junit.xml  (exit 0)
........................................................................ [ 14%]
........................................................................ [ 28%]
........................................................................ [ 43%]
........................................................................ [ 57%]
........................................................................ [ 72%]
........................................................................ [ 86%]
.................................................................        [100%]
497 passed in 269.63s (0:04:29)


$ /home/prashant/projects/band-work/result/.venv/bin/python -m pytest /tmp/redline-wt-kmos8mjy/stage-3/tests -q -p no:cacheprovider --junitxml=/home/prashant/projects/band-work/result/evidence/gates/s4/U3-g5-20261005T223134-9160.junit.xml  (exit 0)
........................................................................ [ 11%]
........................................................................ [ 23%]
........................................................................ [ 35%]
........................................................................ [ 46%]
........................................................................ [ 58%]
........................................................................ [ 70%]
........................................................................ [ 81%]
........................................................................ [ 93%]
........................................                                 [100%]
616 passed in 271.24s (0:04:31)


$ docker build --label redline-gate=1 -t redline-gate-db00d54dfc /tmp/redline-wt-kmos8mjy/stage-3  (exit 0)

#0 building with "default" instance using docker driver

#1 [internal] load build definition from Dockerfile
#1 transferring dockerfile: 176B done
#1 DONE 0.0s

#2 [internal] load metadata for docker.io/library/python:3.12-slim
#2 DONE 0.0s

#3 [internal] load .dockerignore
#3 transferring context: 2B done
#3 DONE 0.0s

#4 [1/4] FROM docker.io/library/python:3.12-slim
#4 DONE 0.0s

#5 [internal] load build context
#5 transferring context: 241.75kB done
#5 DONE 0.0s

#6 [2/4] WORKDIR /app
#6 CACHED

#7 [3/4] COPY main.py ./main.py
#7 CACHED

#8 [4/4] COPY service ./service
#8 CACHED

#9 exporting to image
#9 exporting layers done
#9 writing image sha256:5184a0148e4b224454679d97ea155381fa0523f1ebbb6a667194a6ed92b63c65 done
#9 naming to docker.io/library/redline-gate-db00d54dfc done
#9 DONE 0.0s

$ docker network create --internal redline-net-891a6972db  (exit 0)
b25c8649f8eec302ce87c7994d1317892e79ad2f7ff19b7ecd43c3d074a80396


$ docker run -d --network redline-net-891a6972db --cpus 2 --memory 2g -e PORT=8080 redline-gate-db00d54dfc  (exit 0)
13c8de223dc52de0aaf0a58710774b14a1fe679328fa72cf758c15e492f7d699


upgrade stage-3 -> stage-4: before={'balances': {'alice': 9769, 'bob': 5221, 'carol': 3100, 'dave': 6750, 'erin': 2020, 'frank': 1640}, 'identities': {'alice': ('u-alice', 'alice'), 'bob': ('u-bob', 'bob'), 'carol': ('u-carol', 'carol'), 'dave': ('u-dave', 'dave'), 'erin': ('u-erin', 'erin'), 'frank': ('u-frank', 'frank')}, 'wallets': {'alice': (9769, 1000, 8769), 'bob': (5221, 0, 5221), 'carol': (3100, 200, 2900), 'dave': (6750, 1050, 5700), 'erin': (2020, 0, 2020), 'frank': (1640, 0, 1640)}, 'requests': [('_ajjgfLllyaiYMwu2xzy2g', 'paid', 'Kk9wi-SKh6sqlS4pnonzOw'), ('b8hkcuVjd4f9X-2c6ACQXQ', 'pending', None), ('r-seed-1', 'pending', None), ('r-seed-2', 'pending', None), ('r-seed-3', 'declined', None), ('r-seed-4', 'cancelled', None), ('r-seed-5', 'paid', None), ('wu6Er_Ax2HmYEZIp_lVesg', 'paid', 'sp39Gna6Fy5uUbArC-R7wg')], 'authorizations': [('4xWe_-hQtNtf_Me-LlrLCw', 'voided', 0, 0, (), '2026-10-05T22:43:37.413238+00:00'), ('9BEhrsCcIBvJTOA5e4ns_Q', 'open', 0, 200, (), None), ('a-seed-captured', 'captured', 500, 0, (), None), ('a-seed-expired', 'expired', 0, 0, (), None), ('a-seed-open-in', 'open', 0, 800, (), None), ('a-seed-open-out', 'open', 0, 1000, (), None), ('a-seed-voided', 'voided', 0, 0, (), None), ('hhQCgXU3wqf29DDQLHBQbA', 'open', 150, 250, ('Nuk-xruglZKrZLbT5SaQlQ',), None)], 'settlement_id': 'GfbQi7gsMxI4t3vURLs96g', 'settlement_members': [('R2NK4j_JpJnbBoZSXQVDFQ', 10)], 'retry_identity': (200, {'payment_id': 'nSyic_ehpWXclK5EtLomeQ', 'from_user_id': 'u-alice', 'from_handle': 'alice', 'to_user_id': 'u-bob', 'to_handle': 'bob', 'amount': 111, 'currency': 'EUR', 'note': 'populate', 'visibility': 'public', 'request_id': None, 'created_at': '2026-10-05T22:43:37.357409+00:00', 'settlement_id': None, 'authorization_id': None}), 'capture_retry_identity': (200, {'payment_id': 'Nuk-xruglZKrZLbT5SaQlQ', 'from_user_id': 'u-dave', 'from_handle': 'dave', 'to_user_id': 'u-frank', 'to_handle': 'frank', 'amount': 150, 'currency': 'EUR', 'note': 'populate-partial', 'visibility': 'public', 'request_id': None, 'created_at': '2026-10-05T22:43:37.401676+00:00', 'settlement_id': None, 'authorization_id': 'hhQCgXU3wqf29DDQLHBQbA'}), 'revision_state': [('-uvQ-HF2v4VP2VQaJVQ9dA', ((1, 50), (2, 0))), ('p-seed-1', ((1, 500), (2, 600))), ('p-seed-2', ((1, 200), (2, 100)))], 'correction_retry_identity': (200, {'payment_id': '-uvQ-HF2v4VP2VQaJVQ9dA', 'revision': 2, 'amount': 0, 'effective_at': '2026-10-05T22:43:37.432798+00:00', 'recorded_at': '2026-10-05T22:43:37.436282+00:00', 'reason': 'populate-zero'}), 'statement_snapshot_page': None, 'statement_snapshot_status': "not_applicable: this side's export carries no statement_snapshots entry for the remembered token (R-4-070 retains only what the document carries)", 'refund_retry_identity': None, 'refund_state': None, 'batch_revision_state': None, 'batch_retry_identity': None, 'pre_batch_snapshot_page': None, 'pre_batch_snapshot_status': None} after={'balances': {'alice': 9769, 'bob': 5221, 'carol': 3100, 'dave': 6750, 'erin': 2020, 'frank': 1640}, 'identities': {'alice': ('u-alice', 'alice'), 'bob': ('u-bob', 'bob'), 'carol': ('u-carol', 'carol'), 'dave': ('u-dave', 'dave'), 'erin': ('u-erin', 'erin'), 'frank': ('u-frank', 'frank')}, 'wallets': {'alice': (9769, 1000, 8769), 'bob': (5221, 0, 5221), 'carol': (3100, 200, 2900), 'dave': (6750, 1050, 5700), 'erin': (2020, 0, 2020), 'frank': (1640, 0, 1640)}, 'requests': [('_ajjgfLllyaiYMwu2xzy2g', 'paid', 'Kk9wi-SKh6sqlS4pnonzOw'), ('b8hkcuVjd4f9X-2c6ACQXQ', 'pending', None), ('r-seed-1', 'pending', None), ('r-seed-2', 'pending', None), ('r-seed-3', 'declined', None), ('r-seed-4', 'cancelled', None), ('r-seed-5', 'paid', None), ('wu6Er_Ax2HmYEZIp_lVesg', 'paid', 'sp39Gna6Fy5uUbArC-R7wg')], 'authorizations': [('4xWe_-hQtNtf_Me-LlrLCw', 'voided', 0, 0, (), '2026-10-05T22:43:37.413238+00:00'), ('9BEhrsCcIBvJTOA5e4ns_Q', 'open', 0, 200, (), None), ('a-seed-captured', 'captured', 500, 0, (), None), ('a-seed-expired', 'expired', 0, 0, (), None), ('a-seed-open-in', 'open', 0, 800, (), None), ('a-seed-open-out', 'open', 0, 1000, (), None), ('a-seed-voided', 'voided', 0, 0, (), None), ('hhQCgXU3wqf29DDQLHBQbA', 'open', 150, 250, ('Nuk-xruglZKrZLbT5SaQlQ',), None)], 'settlement_id': 'GfbQi7gsMxI4t3vURLs96g', 'settlement_members': [('R2NK4j_JpJnbBoZSXQVDFQ', 10)], 'retry_identity': (200, {'payment_id': 'nSyic_ehpWXclK5EtLomeQ', 'from_user_id': 'u-alice', 'from_handle': 'alice', 'to_user_id': 'u-bob', 'to_handle': 'bob', 'amount': 111, 'currency': 'EUR', 'note': 'populate', 'visibility': 'public', 'request_id': None, 'created_at': '2026-10-05T22:43:37.357409+00:00', 'settlement_id': None, 'authorization_id': None}), 'capture_retry_identity': (200, {'payment_id': 'Nuk-xruglZKrZLbT5SaQlQ', 'from_user_id': 'u-dave', 'from_handle': 'dave', 'to_user_id': 'u-frank', 'to_handle': 'frank', 'amount': 150, 'currency': 'EUR', 'note': 'populate-partial', 'visibility': 'public', 'request_id': None, 'created_at': '2026-10-05T22:43:37.401676+00:00', 'settlement_id': None, 'authorization_id': 'hhQCgXU3wqf29DDQLHBQbA'}), 'revision_state': [('-uvQ-HF2v4VP2VQaJVQ9dA', ((1, 50), (2, 0))), ('p-seed-1', ((1, 500), (2, 600))), ('p-seed-2', ((1, 200), (2, 100)))], 'correction_retry_identity': (200, {'payment_id': '-uvQ-HF2v4VP2VQaJVQ9dA', 'revision': 2, 'amount': 0, 'effective_at': '2026-10-05T22:43:37.432798+00:00', 'recorded_at': '2026-10-05T22:43:37.436282+00:00', 'reason': 'populate-zero'}), 'statement_snapshot_page': None, 'statement_snapshot_status': "not_applicable: this side's export carries no statement_snapshots entry for the remembered token (R-4-070 retains only what the document carries)", 'refund_retry_identity': None, 'refund_state': None, 'batch_revision_state': None, 'batch_retry_identity': None, 'pre_batch_snapshot_page': None, 'pre_batch_snapshot_status': None}
--- service log (tail) ---


RESULT: PASS — 1427 earlier tests pass; upgrade from stage-3 ok
--- service log (tail) ---

