$ docker build --label redline-gate=1 -t redline-gate-be2b138ed5 /tmp/redline-wt-ygv82g1t/stage-3  (exit 0)

#0 building with "default" instance using docker driver

#1 [internal] load build definition from Dockerfile
#1 transferring dockerfile: 176B done
#1 DONE 0.0s

#2 [internal] load metadata for docker.io/library/python:3.12-slim
#2 DONE 0.0s

#3 [internal] load .dockerignore
#3 transferring context: 2B done
#3 DONE 0.0s

#4 [1/4] FROM docker.io/library/python:3.12-slim
#4 DONE 0.0s

#5 [internal] load build context
#5 transferring context: 214.72kB done
#5 DONE 0.0s

#6 [2/4] WORKDIR /app
#6 CACHED

#7 [3/4] COPY main.py ./main.py
#7 CACHED

#8 [4/4] COPY service ./service
#8 DONE 0.0s

#9 exporting to image
#9 exporting layers 0.0s done
#9 writing image sha256:c08dc06891c0e21bdacbe74cae54ee549e9052b752978038c5d899fe7ea221d3 done
#9 naming to docker.io/library/redline-gate-be2b138ed5 done
#9 DONE 0.1s

$ docker network create --internal redline-net-ff23300122  (exit 0)
5c3c698f52e99eccd70d89b986de5494d4ddea30a174da35acb89f88a84ef08d


$ docker run -d --network redline-net-ff23300122 --cpus 2 --memory 2g -e PORT=8080 redline-gate-be2b138ed5  (exit 0)
9e7891fe77406aadd448656927417a1756935d04e159267d644ef7712465a943



RESULT: PASS — built and healthy offline at http://192.168.64.2:8080/health
--- service log (tail) ---

