$ docker build --label redline-gate=1 -t redline-gate-037fa06a50 /tmp/redline-wt-3f3wkdfy/stage-3  (exit 0)

#0 building with "default" instance using docker driver

#1 [internal] load build definition from Dockerfile
#1 transferring dockerfile: 176B done
#1 DONE 0.0s

#2 [internal] load metadata for docker.io/library/python:3.12-slim
#2 DONE 0.0s

#3 [internal] load .dockerignore
#3 transferring context: 2B done
#3 DONE 0.0s

#4 [1/4] FROM docker.io/library/python:3.12-slim
#4 DONE 0.0s

#5 [internal] load build context
#5 transferring context: 214.55kB done
#5 DONE 0.0s

#6 [3/4] COPY main.py ./main.py
#6 CACHED

#7 [2/4] WORKDIR /app
#7 CACHED

#8 [4/4] COPY service ./service
#8 CACHED

#9 exporting to image
#9 exporting layers done
#9 writing image sha256:0e50851e00e716356cf6b545f19a24b01aac8229300425062eac597e2c16ec7f done
#9 naming to docker.io/library/redline-gate-037fa06a50 done
#9 DONE 0.0s

$ docker network create --internal redline-net-3202912312  (exit 0)
17c00fea286b1bf1bc05458a3497115f3877df5a4a2eed861b877084b19cb6eb


$ docker run -d --network redline-net-3202912312 --cpus 2 --memory 2g -e PORT=8080 redline-gate-037fa06a50  (exit 0)
81505040ff05662eec9fe7d58d01d58113c086ee1624a71ad94b7c09d00372e5



RESULT: PASS — built and healthy offline at http://192.168.96.2:8080/health
--- service log (tail) ---

