$ docker build --label redline-gate=1 -t redline-gate-d934f9bbf7 /tmp/redline-wt-d6vv2p_o/stage-3  (exit 0)

#0 building with "default" instance using docker driver

#1 [internal] load build definition from Dockerfile
#1 transferring dockerfile: 176B done
#1 DONE 0.0s

#2 [internal] load metadata for docker.io/library/python:3.12-slim
#2 DONE 0.0s

#3 [internal] load .dockerignore
#3 transferring context: 2B done
#3 DONE 0.0s

#4 [1/4] FROM docker.io/library/python:3.12-slim
#4 DONE 0.0s

#5 [internal] load build context
#5 transferring context: 241.75kB done
#5 DONE 0.0s

#6 [2/4] WORKDIR /app
#6 CACHED

#7 [3/4] COPY main.py ./main.py
#7 CACHED

#8 [4/4] COPY service ./service
#8 DONE 0.0s

#9 exporting to image
#9 exporting layers 0.0s done
#9 writing image sha256:5184a0148e4b224454679d97ea155381fa0523f1ebbb6a667194a6ed92b63c65 done
#9 naming to docker.io/library/redline-gate-d934f9bbf7 done
#9 DONE 0.1s

$ docker network create --internal redline-net-e673768c8a  (exit 0)
49932d7fc8a39f91aae14a4a5aa02d800dabfc169aebe66c5a360f124d699597


$ docker run -d --network redline-net-e673768c8a --cpus 2 --memory 2g -e PORT=8080 redline-gate-d934f9bbf7  (exit 0)
b2622621892a640e6639bebeed153364fd3627f2a8d9182d8b7b529fa94d09bd



RESULT: PASS — built and healthy offline at http://192.168.144.2:8080/health
--- service log (tail) ---

