$ docker build --label redline-gate=1 -t redline-gate-b5236c5817 /tmp/redline-wt-mtsogkek/stage-3  (exit 0)

#0 building with "default" instance using docker driver

#1 [internal] load build definition from Dockerfile
#1 transferring dockerfile: 176B done
#1 DONE 0.0s

#2 [internal] load metadata for docker.io/library/python:3.12-slim
#2 DONE 0.0s

#3 [internal] load .dockerignore
#3 transferring context: 2B done
#3 DONE 0.0s

#4 [1/4] FROM docker.io/library/python:3.12-slim
#4 DONE 0.0s

#5 [internal] load build context
#5 transferring context: 205.54kB done
#5 DONE 0.0s

#6 [2/4] WORKDIR /app
#6 CACHED

#7 [3/4] COPY main.py ./main.py
#7 CACHED

#8 [4/4] COPY service ./service
#8 DONE 0.0s

#9 exporting to image
#9 exporting layers 0.0s done
#9 writing image sha256:25498b0e691b8608e255fd08b3d3305963038599c69f99d62ef281d70055c0f8 done
#9 naming to docker.io/library/redline-gate-b5236c5817 done
#9 DONE 0.0s

$ docker network create --internal redline-net-94ee3a1b3a  (exit 0)
e14809d1e8ac64e0399eb20d45bb2b31f14f8465ba5f659fc8800e45f76ec165


$ docker run -d --network redline-net-94ee3a1b3a --cpus 2 --memory 2g -e PORT=8080 redline-gate-b5236c5817  (exit 0)
0cfccabca09a28a21adea1a5b60c96d163b0bdcce3f1e4f4d63c3c7ccf598a69



RESULT: PASS — built and healthy offline at http://192.168.16.2:8080/health
--- service log (tail) ---

