$ docker build --label redline-gate=1 -t redline-gate-a587cf10cc /tmp/redline-wt-dprw_2r7/stage-3  (exit 0)

#0 building with "default" instance using docker driver

#1 [internal] load build definition from Dockerfile
#1 transferring dockerfile: 176B done
#1 DONE 0.0s

#2 [internal] load metadata for docker.io/library/python:3.12-slim
#2 DONE 0.0s

#3 [internal] load .dockerignore
#3 transferring context: 2B done
#3 DONE 0.0s

#4 [1/4] FROM docker.io/library/python:3.12-slim
#4 DONE 0.0s

#5 [internal] load build context
#5 transferring context: 205.99kB done
#5 DONE 0.0s

#6 [3/4] COPY main.py ./main.py
#6 CACHED

#7 [2/4] WORKDIR /app
#7 CACHED

#8 [4/4] COPY service ./service
#8 CACHED

#9 exporting to image
#9 exporting layers done
#9 writing image sha256:edeced04163bfba7393be54f535872fad3ff82e47a13bd79e1197aeab37f6c75 done
#9 naming to docker.io/library/redline-gate-a587cf10cc done
#9 DONE 0.0s

$ docker network create --internal redline-net-f34a1cbe04  (exit 0)
5e022e268a529321c56f777d4b98abc7cc89282e39037785f0deece4b1e7d77d


$ docker run -d --network redline-net-f34a1cbe04 --cpus 2 --memory 2g -e PORT=8080 redline-gate-a587cf10cc  (exit 0)
2dc59b382ed6ef8f62420cce82d62382000e22fa30f520bd01d76f5b12489fbf



RESULT: PASS — built and healthy offline at http://192.168.64.2:8080/health
--- service log (tail) ---

