$ docker build --label redline-gate=1 -t redline-gate-932b244884 /tmp/redline-wt-c8sd2_4n/stage-3  (exit 0)

#0 building with "default" instance using docker driver

#1 [internal] load build definition from Dockerfile
#1 transferring dockerfile: 176B done
#1 DONE 0.0s

#2 [internal] load metadata for docker.io/library/python:3.12-slim
#2 DONE 0.0s

#3 [internal] load .dockerignore
#3 transferring context: 2B done
#3 DONE 0.0s

#4 [1/4] FROM docker.io/library/python:3.12-slim
#4 DONE 0.0s

#5 [internal] load build context
#5 transferring context: 204.94kB done
#5 DONE 0.0s

#6 [2/4] WORKDIR /app
#6 CACHED

#7 [3/4] COPY main.py ./main.py
#7 CACHED

#8 [4/4] COPY service ./service
#8 DONE 0.0s

#9 exporting to image
#9 exporting layers 0.0s done
#9 writing image sha256:c9357194a1b784c0d459b52de08c477fa16e888a82506af682e227b4f9377e0f done
#9 naming to docker.io/library/redline-gate-932b244884 done
#9 DONE 0.1s

$ docker network create --internal redline-net-de59e868c3  (exit 0)
0bb239b8a467c447dc4b332483e57fb9fcbb24b9950443ff6a33c55457c9068e


$ docker run -d --network redline-net-de59e868c3 --cpus 2 --memory 2g -e PORT=8080 redline-gate-932b244884  (exit 0)
61981e785d96c120cf102426edc702c9c09cdef782d1cf3bc97e02c86cbfc626



RESULT: PASS — built and healthy offline at http://172.31.0.2:8080/health
--- service log (tail) ---

