$ docker build --label redline-gate=1 -t redline-gate-57cf80f847 /tmp/redline-wt-_c7vi_dm/stage-3  (exit 0)

#0 building with "default" instance using docker driver

#1 [internal] load build definition from Dockerfile
#1 transferring dockerfile: 176B done
#1 DONE 0.0s

#2 [internal] load metadata for docker.io/library/python:3.12-slim
#2 DONE 0.0s

#3 [internal] load .dockerignore
#3 transferring context: 2B done
#3 DONE 0.0s

#4 [1/4] FROM docker.io/library/python:3.12-slim
#4 DONE 0.0s

#5 [internal] load build context
#5 transferring context: 232.75kB done
#5 DONE 0.0s

#6 [2/4] WORKDIR /app
#6 CACHED

#7 [3/4] COPY main.py ./main.py
#7 CACHED

#8 [4/4] COPY service ./service
#8 CACHED

#9 exporting to image
#9 exporting layers done
#9 writing image sha256:6b4fb003c2ffe8986909745a0ce1d165f19680a7beb765b3d3f0fc349621369a done
#9 naming to docker.io/library/redline-gate-57cf80f847 done
#9 DONE 0.0s

$ docker network create --internal redline-net-21a62929b7  (exit 0)
51c008146d8a6cd748edeeafb6f50afaf066263f363be8d7a84f942c453222b9


$ docker run -d --network redline-net-21a62929b7 --cpus 2 --memory 2g -e PORT=8080 redline-gate-57cf80f847  (exit 0)
2503972a4865378b12d229747d5b223af8d7309318de919a976b13be949d716f



RESULT: PASS — built and healthy offline at http://192.168.112.2:8080/health
--- service log (tail) ---

