$ docker build --label redline-gate=1 -t redline-gate-bf4f4183d1 /home/prashant/projects/band-work/result/stage-2  (exit 0)

#0 building with "default" instance using docker driver

#1 [internal] load build definition from Dockerfile
#1 transferring dockerfile: 176B done
#1 DONE 0.0s

#2 [internal] load metadata for docker.io/library/python:3.12-slim
#2 DONE 0.0s

#3 [internal] load .dockerignore
#3 transferring context: 2B done
#3 DONE 0.0s

#4 [1/4] FROM docker.io/library/python:3.12-slim
#4 DONE 0.0s

#5 [internal] load build context
#5 transferring context: 43.74kB done
#5 DONE 0.0s

#6 [2/4] WORKDIR /app
#6 CACHED

#7 [3/4] COPY main.py ./main.py
#7 CACHED

#8 [4/4] COPY service ./service
#8 DONE 0.0s

#9 exporting to image
#9 exporting layers
#9 exporting layers 0.0s done
#9 writing image sha256:d57ce1c1a4e274ec34015abc910838d83ab787ebf0449cffc880ad6a686e144f done
#9 naming to docker.io/library/redline-gate-bf4f4183d1 done
#9 DONE 0.0s

$ docker network create --internal redline-net-8c0b32b7fa  (exit 0)
49c207bc728fb1d0ed90aeffcc5e3701ffcc0dfc091b042d5c03a1262ad7e9fc


$ docker run -d --network redline-net-8c0b32b7fa --cpus 2 --memory 2g -e PORT=8080 redline-gate-bf4f4183d1  (exit 0)
1037108d5fb478c3297f2e9b2a865bc7906b03b000fbbecad7bc911f4b15096b



RESULT: PASS — built and healthy offline at http://172.27.0.2:8080/health
--- service log (tail) ---

