$ docker build --label redline-gate=1 -t redline-gate-de6f35b182 /tmp/redline-wt-fca568sg/stage-2  (exit 0)

#0 building with "default" instance using docker driver

#1 [internal] load build definition from Dockerfile
#1 transferring dockerfile: 176B done
#1 DONE 0.0s

#2 [internal] load metadata for docker.io/library/python:3.12-slim
#2 DONE 0.0s

#3 [internal] load .dockerignore
#3 transferring context: 2B done
#3 DONE 0.0s

#4 [1/4] FROM docker.io/library/python:3.12-slim
#4 DONE 0.0s

#5 [internal] load build context
#5 transferring context: 192.97kB done
#5 DONE 0.0s

#6 [2/4] WORKDIR /app
#6 CACHED

#7 [3/4] COPY main.py ./main.py
#7 CACHED

#8 [4/4] COPY service ./service
#8 DONE 0.0s

#9 exporting to image
#9 exporting layers 0.0s done
#9 writing image sha256:6c0ab46bd5f021219bedaae7b940212038a244f6e297e15d4aed8119c8e4b99a done
#9 naming to docker.io/library/redline-gate-de6f35b182 done
#9 DONE 0.1s

$ docker network create --internal redline-net-b13013e1a3  (exit 0)
ce7ecd04ef67d89b39e730a6eac7efab249d691adc9890d7240071eb19e5bbe8


$ docker run -d --network redline-net-b13013e1a3 --cpus 2 --memory 2g -e PORT=8080 redline-gate-de6f35b182  (exit 0)
bbe5ae35723cb9c39f2fa1c05fb65303ba4a4ae3ae18479848f4a520a344dd8e



RESULT: PASS — built and healthy offline at http://172.29.0.2:8080/health
--- service log (tail) ---

