$ docker build --label redline-gate=1 -t redline-gate-6b688b6fcc /tmp/redline-wt-kqyvunup/stage-2  (exit 0)

#0 building with "default" instance using docker driver

#1 [internal] load build definition from Dockerfile
#1 transferring dockerfile: 176B done
#1 DONE 0.0s

#2 [internal] load metadata for docker.io/library/python:3.12-slim
#2 DONE 0.0s

#3 [internal] load .dockerignore
#3 transferring context: 2B done
#3 DONE 0.0s

#4 [1/4] FROM docker.io/library/python:3.12-slim
#4 DONE 0.0s

#5 [internal] load build context
#5 transferring context: 191.06kB done
#5 DONE 0.0s

#6 [3/4] COPY main.py ./main.py
#6 CACHED

#7 [2/4] WORKDIR /app
#7 CACHED

#8 [4/4] COPY service ./service
#8 CACHED

#9 exporting to image
#9 exporting layers done
#9 writing image sha256:3273870e12e9068f799be5b63ed5650b21d1fbf4d7a57143e06af88e64b7a8ce done
#9 naming to docker.io/library/redline-gate-6b688b6fcc done
#9 DONE 0.0s

$ docker network create --internal redline-net-25169f9ae3  (exit 0)
5f5f6e9fb66c9a52b442e05c0d342619226435272d8ea93b35a0315b19ff3bee


$ docker run -d --network redline-net-25169f9ae3 --cpus 2 --memory 2g -e PORT=8080 redline-gate-6b688b6fcc  (exit 0)
40cf6c4400513e1a9828e121447ad60355e25b9f3a36b52aabbaf34288c064a1



RESULT: PASS — built and healthy offline at http://172.29.0.2:8080/health
--- service log (tail) ---

