$ /home/prashant/projects/band-work/result/.venv/bin/python -m pytest /tmp/redline-wt-8lbv_o_6/stage-2/tests -q -p no:cacheprovider --junitxml=/home/prashant/projects/band-work/result/evidence/gates/s2/N2-1-g2-20261004T195111-6b68.junit.xml  (exit 1)
er_and_closes
FAILED ../../../../../tmp/redline-wt-8lbv_o_6/stage-2/tests/test_ui_activity.py::test_activity_item_fields_for_a_seeded_public_payment
FAILED ../../../../../tmp/redline-wt-8lbv_o_6/stage-2/tests/test_ui_activity.py::test_activity_note_element_present_even_when_empty
FAILED ../../../../../tmp/redline-wt-8lbv_o_6/stage-2/tests/test_ui_activity.py::test_empty_activity_marker_when_nothing_visible
FAILED ../../../../../tmp/redline-wt-8lbv_o_6/stage-2/tests/test_ui_activity.py::test_activity_newest_first_in_dom
FAILED ../../../../../tmp/redline-wt-8lbv_o_6/stage-2/tests/test_ui_activity.py::test_parties_show_handles_not_internal_ids
FAILED ../../../../../tmp/redline-wt-8lbv_o_6/stage-2/tests/test_ui_auth.py::test_every_required_route_reachable
FAILED ../../../../../tmp/redline-wt-8lbv_o_6/stage-2/tests/test_ui_auth.py::test_requests_and_authorizations_shared_html_json
FAILED ../../../../../tmp/redline-wt-8lbv_o_6/stage-2/tests/test_ui_auth.py::test_no_external_network_request
FAILED ../../../../../tmp/redline-wt-8lbv_o_6/stage-2/tests/test_ui_auth.py::test_current_user_visible_on_every_screen
FAILED ../../../../../tmp/redline-wt-8lbv_o_6/stage-2/tests/test_ui_auth.py::test_signup_fields_and_flow
FAILED ../../../../../tmp/redline-wt-8lbv_o_6/stage-2/tests/test_ui_auth.py::test_login_fields_and_flow
FAILED ../../../../../tmp/redline-wt-8lbv_o_6/stage-2/tests/test_ui_auth.py::test_auth_error_present_only_when_there_is_one
FAILED ../../../../../tmp/redline-wt-8lbv_o_6/stage-2/tests/test_ui_auth.py::test_logout_button_present_and_signs_out
FAILED ../../../../../tmp/redline-wt-8lbv_o_6/stage-2/tests/test_ui_layout.py::test_primary_actions_are_real_buttons_with_text
FAILED ../../../../../tmp/redline-wt-8lbv_o_6/stage-2/tests/test_ui_layout.py::test_available_is_visually_the_headline_number
FAILED ../../../../../tmp/redline-wt-8lbv_o_6/stage-2/tests/test_ui_layout.py::test_available_and_held_are_visually_distinguishable
FAILED ../../../../../tmp/redline-wt-8lbv_o_6/stage-2/tests/test_ui_layout.py::test_no_horizontal_overflow_at_required_viewports
FAILED ../../../../../tmp/redline-wt-8lbv_o_6/stage-2/tests/test_ui_layout.py::test_no_undersized_controls_at_375
FAILED ../../../../../tmp/redline-wt-8lbv_o_6/stage-2/tests/test_ui_layout.py::test_every_input_has_a_visible_label
FAILED ../../../../../tmp/redline-wt-8lbv_o_6/stage-2/tests/test_ui_layout.py::test_empty_requests_and_authorizations_markers
FAILED ../../../../../tmp/redline-wt-8lbv_o_6/stage-2/tests/test_ui_layout.py::test_seeded_demo_user_sees_populated_first_screen
FAILED ../../../../../tmp/redline-wt-8lbv_o_6/stage-2/tests/test_ui_layout.py::test_ui_reflects_holds_immediately_after_reset
FAILED ../../../../../tmp/redline-wt-8lbv_o_6/stage-2/tests/test_ui_layout.py::test_refresh_button_updates_available_and_held
FAILED ../../../../../tmp/redline-wt-8lbv_o_6/stage-2/tests/test_ui_layout.py::test_latest_refresh_wins_even_out_of_order
FAILED ../../../../../tmp/redline-wt-8lbv_o_6/stage-2/tests/test_ui_requests_split_authz.py::test_request_form_testids
FAILED ../../../../../tmp/redline-wt-8lbv_o_6/stage-2/tests/test_ui_requests_split_authz.py::test_requests_screen_lists_and_testids
FAILED ../../../../../tmp/redline-wt-8lbv_o_6/stage-2/tests/test_ui_requests_split_authz.py::test_request_actions_present_only_on_correct_side_and_status
FAILED ../../../../../tmp/redline-wt-8lbv_o_6/stage-2/tests/test_ui_requests_split_authz.py::test_split_form_testids_and_preview
FAILED ../../../../../tmp/redline-wt-8lbv_o_6/stage-2/tests/test_ui_requests_split_authz.py::test_authorizations_screen_testids
FAILED ../../../../../tmp/redline-wt-8lbv_o_6/stage-2/tests/test_ui_requests_split_authz.py::test_authorization_captured_field_absent_unless_captured
FAILED ../../../../../tmp/redline-wt-8lbv_o_6/stage-2/tests/test_ui_requests_split_authz.py::test_capture_void_buttons_present_only_on_correct_side
FAILED ../../../../../tmp/redline-wt-8lbv_o_6/stage-2/tests/test_ui_requests_split_authz.py::test_request_cancelled_elsewhere_shows_error_and_removes_stale_pay_button
FAILED ../../../../../tmp/redline-wt-8lbv_o_6/stage-2/tests/test_ui_wallet_pay.py::test_formatted_amount_minor_units_rule
FAILED ../../../../../tmp/redline-wt-8lbv_o_6/stage-2/tests/test_ui_wallet_pay.py::test_wallet_testids
FAILED ../../../../../tmp/redline-wt-8lbv_o_6/stage-2/tests/test_ui_wallet_pay.py::test_wallet_held_absent_when_zero
FAILED ../../../../../tmp/redline-wt-8lbv_o_6/stage-2/tests/test_ui_wallet_pay.py::test_pay_form_testids_present
FAILED ../../../../../tmp/redline-wt-8lbv_o_6/stage-2/tests/test_ui_wallet_pay.py::test_decimal_input_submits_minor_units
FAILED ../../../../../tmp/redline-wt-8lbv_o_6/stage-2/tests/test_ui_wallet_pay.py::test_decimal_input_rejects_too_many_places_without_sending
FAILED ../../../../../tmp/redline-wt-8lbv_o_6/stage-2/tests/test_ui_wallet_pay.py::test_authorize_form_testids_present
FAILED ../../../../../tmp/redline-wt-8lbv_o_6/stage-2/tests/test_ui_wallet_pay.py::test_wallet_refresh_does_not_clear_pay_form
FAILED ../../../../../tmp/redline-wt-8lbv_o_6/stage-2/tests/test_ui_wallet_pay.py::test_pay_form_keeps_values_after_success
FAILED ../../../../../tmp/redline-wt-8lbv_o_6/stage-2/tests/test_ui_wallet_pay.py::test_resubmitting_unchanged_form_sends_no_second_payment
FAILED ../../../../../tmp/redline-wt-8lbv_o_6/stage-2/tests/test_ui_wallet_pay.py::test_changing_a_field_creates_a_new_payment
FAILED ../../../../../tmp/redline-wt-8lbv_o_6/stage-2/tests/test_ui_wallet_pay.py::test_action_refreshes_without_manual_reload
FAILED ../../../../../tmp/redline-wt-8lbv_o_6/stage-2/tests/test_ui_wallet_pay.py::test_refused_payment_shows_error_refreshes_preserves_inputs
FAILED ../../../../../tmp/redline-wt-8lbv_o_6/stage-2/tests/test_ui_wallet_pay.py::test_pay_uncertain_on_response_lost_after_commit
FAILED ../../../../../tmp/redline-wt-8lbv_o_6/stage-2/tests/test_upgrade_stage2.py::test_export_round_trips_authorization_fields
48 failed, 399 passed in 1540.66s (0:25:40)



RESULT: FAIL — 399 passed, 48 failed, 0 errors, 0 skipped
