$ docker build --label redline-gate=1 -t redline-gate-bf4f4183d1 /home/prashant/projects/band-work/result/stage-2  (exit 0)

#0 building with "default" instance using docker driver

#1 [internal] load build definition from Dockerfile
#1 transferring dockerfile: 176B done
#1 DONE 0.0s

#2 [internal] load metadata for docker.io/library/python:3.12-slim
#2 DONE 0.0s

#3 [internal] load .dockerignore
#3 transferring context: 2B done
#3 DONE 0.0s

#4 [1/4] FROM docker.io/library/python:3.12-slim
#4 DONE 0.0s

#5 [internal] load build context
#5 transferring context: 128.58kB done
#5 DONE 0.0s

#6 [2/4] WORKDIR /app
#6 CACHED

#7 [3/4] COPY main.py ./main.py
#7 CACHED

#8 [4/4] COPY service ./service
#8 DONE 0.0s

#9 exporting to image
#9 exporting layers
#9 exporting layers 0.0s done
#9 writing image sha256:18a86dba3578e266d4e367766c35495dd42e2c41596d7d30eddc8f23707d8fb5 done
#9 naming to docker.io/library/redline-gate-bf4f4183d1 done
#9 DONE 0.1s

$ docker network create --internal redline-net-b18ccb8900  (exit 0)
84b23566cbcd1c5f49b1902639f8d38758da825db258e8337513fa260b8b78a9


$ docker run -d --network redline-net-b18ccb8900 --cpus 2 --memory 2g -e PORT=8080 redline-gate-bf4f4183d1  (exit 0)
a5d43341579e1ba693a050a8e2bbc15532e9a28a67ab6da7bda30379c643077e



RESULT: PASS — built and healthy offline at http://172.27.0.2:8080/health
--- service log (tail) ---

