$ /home/prashant/projects/band-work/result/.venv/bin/python -m pytest /home/prashant/projects/band-work/result/stage-2/tests -q -p no:cacheprovider --junitxml=/home/prashant/projects/band-work/result/evidence/gates/s2/N2-1-fix-debug-g2-20261004T192420-99bf.junit.xml  (exit 1)
tests/test_authorizations.py::test_capturing_exact_remainder_closes_even_with_final_false
FAILED stage-2/tests/test_authorizations.py::test_capture_exceeds_remainder_not_original_amount
FAILED stage-2/tests/test_authorizations.py::test_capture_default_amount_never_triggers_exceeds
FAILED stage-2/tests/test_authorizations.py::test_captured_amount_cumulative_payment_ids_in_order_remaining_zero_when_closed
FAILED stage-2/tests/test_authorizations.py::test_capture_errors_and_precedence
FAILED stage-2/tests/test_authorizations.py::test_capture_voided_is_not_open
FAILED stage-2/tests/test_authorizations.py::test_capture_never_fails_for_funds_even_at_zero_available
FAILED stage-2/tests/test_authorizations.py::test_void_requires_payer_no_key
FAILED stage-2/tests/test_authorizations.py::test_void_response_and_release
FAILED stage-2/tests/test_authorizations.py::test_void_already_voided_is_200_idempotent
FAILED stage-2/tests/test_authorizations.py::test_void_captured_or_expired_is_409_not_open
FAILED stage-2/tests/test_authorizations.py::test_void_on_partial_capture_releases_only_remainder_preserves_captures
FAILED stage-2/tests/test_authorizations.py::test_status_filter - assert False
FAILED stage-2/tests/test_concurrency2.py::test_two_concurrent_full_captures_different_keys_exactly_one_wins
FAILED stage-2/tests/test_concurrency2.py::test_capture_racing_void_exactly_one_winner_hold_released_once
FAILED stage-2/tests/test_expiry.py::test_expiry_of_partial_capture_releases_only_remainder
FAILED stage-2/tests/test_expiry.py::test_capture_at_exactly_expires_at_is_409_expired
FAILED stage-2/tests/test_expiry.py::test_void_on_an_expired_authorization_is_409_not_open
FAILED stage-2/tests/test_ui_activity.py::test_activity_item_fields_for_a_seeded_public_payment
FAILED stage-2/tests/test_ui_activity.py::test_activity_note_element_present_even_when_empty
FAILED stage-2/tests/test_ui_activity.py::test_empty_activity_marker_when_nothing_visible
FAILED stage-2/tests/test_ui_activity.py::test_activity_newest_first_in_dom
FAILED stage-2/tests/test_ui_activity.py::test_parties_show_handles_not_internal_ids
FAILED stage-2/tests/test_ui_auth.py::test_every_required_route_reachable - p...
FAILED stage-2/tests/test_ui_auth.py::test_requests_and_authorizations_shared_html_json
FAILED stage-2/tests/test_ui_auth.py::test_no_external_network_request - play...
FAILED stage-2/tests/test_ui_auth.py::test_current_user_visible_on_every_screen
FAILED stage-2/tests/test_ui_auth.py::test_signup_fields_and_flow - Assertion...
FAILED stage-2/tests/test_ui_auth.py::test_login_fields_and_flow - AssertionE...
FAILED stage-2/tests/test_ui_auth.py::test_auth_error_present_only_when_there_is_one
FAILED stage-2/tests/test_ui_auth.py::test_logout_button_present_and_signs_out
FAILED stage-2/tests/test_ui_layout.py::test_primary_actions_are_real_buttons_with_text
FAILED stage-2/tests/test_ui_layout.py::test_available_is_visually_the_headline_number
FAILED stage-2/tests/test_ui_layout.py::test_available_and_held_are_visually_distinguishable
FAILED stage-2/tests/test_ui_layout.py::test_no_horizontal_overflow_at_required_viewports
FAILED stage-2/tests/test_ui_layout.py::test_no_undersized_controls_at_375 - ...
FAILED stage-2/tests/test_ui_layout.py::test_every_input_has_a_visible_label
FAILED stage-2/tests/test_ui_layout.py::test_empty_requests_and_authorizations_markers
FAILED stage-2/tests/test_ui_layout.py::test_seeded_demo_user_sees_populated_first_screen
FAILED stage-2/tests/test_ui_layout.py::test_ui_reflects_holds_immediately_after_reset
FAILED stage-2/tests/test_ui_layout.py::test_refresh_button_updates_available_and_held
FAILED stage-2/tests/test_ui_layout.py::test_latest_refresh_wins_even_out_of_order
FAILED stage-2/tests/test_ui_requests_split_authz.py::test_request_form_testids
FAILED stage-2/tests/test_ui_requests_split_authz.py::test_requests_screen_lists_and_testids
FAILED stage-2/tests/test_ui_requests_split_authz.py::test_request_actions_present_only_on_correct_side_and_status
FAILED stage-2/tests/test_ui_requests_split_authz.py::test_split_form_testids_and_preview
FAILED stage-2/tests/test_ui_requests_split_authz.py::test_authorizations_screen_testids
FAILED stage-2/tests/test_ui_requests_split_authz.py::test_authorization_captured_field_absent_unless_captured
FAILED stage-2/tests/test_ui_requests_split_authz.py::test_capture_void_buttons_present_only_on_correct_side
FAILED stage-2/tests/test_ui_requests_split_authz.py::test_request_cancelled_elsewhere_shows_error_and_removes_stale_pay_button
FAILED stage-2/tests/test_ui_wallet_pay.py::test_formatted_amount_minor_units_rule
FAILED stage-2/tests/test_ui_wallet_pay.py::test_wallet_testids - playwright....
FAILED stage-2/tests/test_ui_wallet_pay.py::test_wallet_held_absent_when_zero
FAILED stage-2/tests/test_ui_wallet_pay.py::test_pay_form_testids_present - p...
FAILED stage-2/tests/test_ui_wallet_pay.py::test_decimal_input_submits_minor_units
FAILED stage-2/tests/test_ui_wallet_pay.py::test_decimal_input_rejects_too_many_places_without_sending
FAILED stage-2/tests/test_ui_wallet_pay.py::test_authorize_form_testids_present
FAILED stage-2/tests/test_ui_wallet_pay.py::test_wallet_refresh_does_not_clear_pay_form
FAILED stage-2/tests/test_ui_wallet_pay.py::test_pay_form_keeps_values_after_success
FAILED stage-2/tests/test_ui_wallet_pay.py::test_resubmitting_unchanged_form_sends_no_second_payment
FAILED stage-2/tests/test_ui_wallet_pay.py::test_changing_a_field_creates_a_new_payment
FAILED stage-2/tests/test_ui_wallet_pay.py::test_action_refreshes_without_manual_reload
FAILED stage-2/tests/test_ui_wallet_pay.py::test_refused_payment_shows_error_refreshes_preserves_inputs
FAILED stage-2/tests/test_ui_wallet_pay.py::test_pay_uncertain_on_response_lost_after_commit
FAILED stage-2/tests/test_upgrade_stage2.py::test_export_round_trips_authorization_fields
FAILED stage-2/tests/test_wallet_holds.py::test_seven_idempotent_write_paths_require_key
75 failed, 372 passed in 1540.43s (0:25:40)



RESULT: FAIL — 372 passed, 75 failed, 0 errors, 0 skipped
