$ docker build --label redline-gate=1 -t redline-gate-debce885d6 /tmp/redline-wt-k61bk4mz/stage-2  (exit 0)

#0 building with "default" instance using docker driver

#1 [internal] load build definition from Dockerfile
#1 transferring dockerfile: 176B done
#1 DONE 0.0s

#2 [internal] load metadata for docker.io/library/python:3.12-slim
#2 DONE 0.0s

#3 [internal] load .dockerignore
#3 transferring context: 2B done
#3 DONE 0.0s

#4 [1/4] FROM docker.io/library/python:3.12-slim
#4 DONE 0.0s

#5 [internal] load build context
#5 transferring context: 103.07kB done
#5 DONE 0.0s

#6 [2/4] WORKDIR /app
#6 CACHED

#7 [3/4] COPY main.py ./main.py
#7 CACHED

#8 [4/4] COPY service ./service
#8 DONE 0.0s

#9 exporting to image
#9 exporting layers 0.0s done
#9 writing image sha256:56f3b7e72b8429bc6aa799a4bff795020f5fd13d102555eeaf2ac70ca105b369 done
#9 naming to docker.io/library/redline-gate-debce885d6
#9 naming to docker.io/library/redline-gate-debce885d6 done
#9 DONE 0.0s

$ docker network create --internal redline-net-172b564259  (exit 0)
8981e0945d3a0b51547a55ac5ca10454817367ca57051cf2c2ff65de74e574cb


$ docker run -d --network redline-net-172b564259 --cpus 2 --memory 2g -e PORT=8080 redline-gate-debce885d6  (exit 0)
c2c9eb9caadaaaa717f7ccd7d4de395ced8c93ad8202b4627cd4e5d0ecdd9f7d



RESULT: PASS — built and healthy offline at http://172.28.0.2:8080/health
--- service log (tail) ---

