$ docker build --label redline-gate=1 -t redline-gate-bf4f4183d1 /home/prashant/projects/band-work/result/stage-2  (exit 0)

#0 building with "default" instance using docker driver

#1 [internal] load build definition from Dockerfile
#1 transferring dockerfile: 176B done
#1 DONE 0.0s

#2 [internal] load metadata for docker.io/library/python:3.12-slim
#2 DONE 0.0s

#3 [internal] load .dockerignore
#3 transferring context: 2B done
#3 DONE 0.0s

#4 [1/4] FROM docker.io/library/python:3.12-slim
#4 DONE 0.0s

#5 [internal] load build context
#5 transferring context: 232.09kB done
#5 DONE 0.0s

#6 [2/4] WORKDIR /app
#6 CACHED

#7 [3/4] COPY main.py ./main.py
#7 CACHED

#8 [4/4] COPY service ./service
#8 DONE 0.0s

#9 exporting to image
#9 exporting layers 0.0s done
#9 writing image sha256:b84da9084bb5eb2238ea61972f9c4554935e23a7cdf627e657bb8ce8b211cca5 done
#9 naming to docker.io/library/redline-gate-bf4f4183d1 done
#9 DONE 0.0s

$ docker network create --internal redline-net-0bf30b73e5  (exit 0)
ceecef1cccc3c9ab261b16f80f9b8b69515edf10e3bac71881276d5508c9d8b1


$ docker run -d --network redline-net-0bf30b73e5 --cpus 2 --memory 2g -e PORT=8080 redline-gate-bf4f4183d1  (exit 0)
bfa6863648586c232d1178c2e15b5ab607354aa6ef4f392736fc5b39666a2773



RESULT: PASS — built and healthy offline at http://172.28.0.2:8080/health
--- service log (tail) ---

