$ docker build --label redline-gate=1 -t redline-gate-01ed10577c /tmp/redline-wt-tct6fox5/stage-2  (exit 0)

#0 building with "default" instance using docker driver

#1 [internal] load build definition from Dockerfile
#1 transferring dockerfile: 176B done
#1 DONE 0.0s

#2 [internal] load metadata for docker.io/library/python:3.12-slim
#2 DONE 0.0s

#3 [internal] load .dockerignore
#3 transferring context: 2B done
#3 DONE 0.0s

#4 [1/4] FROM docker.io/library/python:3.12-slim
#4 DONE 0.0s

#5 [internal] load build context
#5 transferring context: 111.30kB done
#5 DONE 0.0s

#6 [2/4] WORKDIR /app
#6 CACHED

#7 [3/4] COPY main.py ./main.py
#7 CACHED

#8 [4/4] COPY service ./service
#8 CACHED

#9 exporting to image
#9 exporting layers done
#9 writing image sha256:31a9322eb2c81f8c4f781220be14188983fbd2b4fbe6ff78b886ac85de6fadbf done
#9 naming to docker.io/library/redline-gate-01ed10577c done
#9 DONE 0.0s

$ docker network create --internal redline-net-b0e97276ab  (exit 0)
9ade8c9a1f1259cfec247069e32786ccbbdf577c500029fd06707fa0d4c3638d


$ docker run -d --network redline-net-b0e97276ab --cpus 2 --memory 2g -e PORT=8080 redline-gate-01ed10577c  (exit 0)
fd76290d2409643bb386c158d16570a2a764f2b7f7f28658825e9b5705f32bb2


$ /home/prashant/projects/band-work/result/.venv/bin/python -m pytest /tmp/redline-wt-tct6fox5/stage-1/tests -q -p no:cacheprovider --junitxml=/home/prashant/projects/band-work/result/evidence/gates/s2/N2-4-g5-20261004T205427-c36f.junit.xml  (exit 0)
........................................................................ [ 22%]
........................................................................ [ 45%]
........................................................................ [ 68%]
........................................................................ [ 91%]
..........................                                               [100%]
314 passed in 178.07s (0:02:58)


$ docker build --label redline-gate=1 -t redline-gate-9d31a9046a /tmp/redline-wt-tct6fox5/stage-1  (exit 0)

#0 building with "default" instance using docker driver

#1 [internal] load build definition from Dockerfile
#1 transferring dockerfile: 176B done
#1 DONE 0.0s

#2 [internal] load metadata for docker.io/library/python:3.12-slim
#2 DONE 0.0s

#3 [internal] load .dockerignore
#3 transferring context: 2B done
#3 DONE 0.0s

#4 [1/4] FROM docker.io/library/python:3.12-slim
#4 DONE 0.0s

#5 [internal] load build context
#5 transferring context: 85.82kB done
#5 DONE 0.0s

#6 [2/4] WORKDIR /app
#6 CACHED

#7 [3/4] COPY main.py ./main.py
#7 CACHED

#8 [4/4] COPY service ./service
#8 CACHED

#9 exporting to image
#9 exporting layers done
#9 writing image sha256:c705bbc19829da55d08d0e7825a47876ea179dc94ac43cdede3f1e40bd2a847b done
#9 naming to docker.io/library/redline-gate-9d31a9046a done
#9 DONE 0.0s

$ docker network create --internal redline-net-0296d4bce6  (exit 0)
89b754a98adb6becb9d08fdab27146d746b019d9b12871b1962b9a31a77f3251


$ docker run -d --network redline-net-0296d4bce6 --cpus 2 --memory 2g -e PORT=8080 redline-gate-9d31a9046a  (exit 0)
dcc156c3e851a4a323c1c3dfb6df594ca0ba636ebe1478e3b1667e7dc59e3d89


--- service log (tail) ---


RESULT: FAIL — upgrade check failed: AssertionError: {"error": {"code": "not_found", "message": "no such endpoint: POST /authorizations"}}
--- service log (tail) ---

