$ docker build --label redline-gate=1 -t redline-gate-fdb56f9f3e /tmp/redline-wt-mesdgdt_/stage-2  (exit 0)

#0 building with "default" instance using docker driver

#1 [internal] load build definition from Dockerfile
#1 transferring dockerfile: 176B done
#1 DONE 0.0s

#2 [internal] load metadata for docker.io/library/python:3.12-slim
#2 DONE 0.0s

#3 [internal] load .dockerignore
#3 transferring context: 2B done
#3 DONE 0.0s

#4 [1/4] FROM docker.io/library/python:3.12-slim
#4 DONE 0.0s

#5 [internal] load build context
#5 transferring context: 139.66kB done
#5 DONE 0.0s

#6 [2/4] WORKDIR /app
#6 CACHED

#7 [3/4] COPY main.py ./main.py
#7 CACHED

#8 [4/4] COPY service ./service
#8 DONE 0.0s

#9 exporting to image
#9 exporting layers 0.0s done
#9 writing image sha256:b0a12bc5e46f39d58fa65ed345a84fb8d3f37bc2a927c58a8ae4fced930a339b done
#9 naming to docker.io/library/redline-gate-fdb56f9f3e done
#9 DONE 0.0s

$ docker network create --internal redline-net-c020d6ae08  (exit 0)
55d3663919751ff5b7c3fdeebd27d5fd226a2a3603d7544d1b8a87b85e28207e


$ docker run -d --network redline-net-c020d6ae08 --cpus 2 --memory 2g -e PORT=8080 redline-gate-fdb56f9f3e  (exit 0)
236ccec0329f26c70a973f6343e60ff1765427008f98732ef646194ec007fe97



RESULT: PASS — built and healthy offline at http://172.30.0.2:8080/health
--- service log (tail) ---

