$ docker build --label redline-gate=1 -t redline-gate-b2882a7258 /tmp/redline-wt-x79j0sts/stage-2  (exit 0)

#0 building with "default" instance using docker driver

#1 [internal] load build definition from Dockerfile
#1 transferring dockerfile: 176B done
#1 DONE 0.0s

#2 [internal] load metadata for docker.io/library/python:3.12-slim
#2 DONE 0.0s

#3 [internal] load .dockerignore
#3 transferring context: 2B done
#3 DONE 0.0s

#4 [1/4] FROM docker.io/library/python:3.12-slim
#4 DONE 0.0s

#5 [internal] load build context
#5 transferring context: 139.66kB done
#5 DONE 0.0s

#6 [3/4] COPY main.py ./main.py
#6 CACHED

#7 [2/4] WORKDIR /app
#7 CACHED

#8 [4/4] COPY service ./service
#8 CACHED

#9 exporting to image
#9 exporting layers done
#9 writing image sha256:b0a12bc5e46f39d58fa65ed345a84fb8d3f37bc2a927c58a8ae4fced930a339b done
#9 naming to docker.io/library/redline-gate-b2882a7258 done
#9 DONE 0.0s

$ docker network create --internal redline-net-a1658c7104  (exit 0)
3d5b73b5aa381c43831bb5641517807b72c2b7c6778a3ebd5aa8ed9f7cd71438


$ docker run -d --network redline-net-a1658c7104 --cpus 2 --memory 2g -e PORT=8080 redline-gate-b2882a7258  (exit 0)
141ba7538dedd2468c12c3ac9ff73111b955ea7de623f3326c40233f9b7629d9



RESULT: PASS — built and healthy offline at http://172.29.0.2:8080/health
--- service log (tail) ---

