$ docker build --label redline-gate=1 -t redline-gate-507afb0272 /tmp/redline-wt-4b4ykwt3/stage-2  (exit 0)

#0 building with "default" instance using docker driver

#1 [internal] load build definition from Dockerfile
#1 transferring dockerfile: 176B done
#1 DONE 0.0s

#2 [internal] load metadata for docker.io/library/python:3.12-slim
#2 DONE 0.0s

#3 [internal] load .dockerignore
#3 transferring context: 2B done
#3 DONE 0.0s

#4 [1/4] FROM docker.io/library/python:3.12-slim
#4 DONE 0.0s

#5 [internal] load build context
#5 transferring context: 149.82kB done
#5 DONE 0.0s

#6 [3/4] COPY main.py ./main.py
#6 CACHED

#7 [2/4] WORKDIR /app
#7 CACHED

#8 [4/4] COPY service ./service
#8 CACHED

#9 exporting to image
#9 exporting layers done
#9 writing image sha256:58bcd1ef326924d6e4501d2ee45a4d31ba252ca19999709d3b5f867231b1b27c done
#9 naming to docker.io/library/redline-gate-507afb0272 done
#9 DONE 0.0s

$ docker network create --internal redline-net-db2ce407d5  (exit 0)
66e77471c59ce70888994d7c1deb28dd663f7cc925ea2660467fa923dadea6d3


$ docker run -d --network redline-net-db2ce407d5 --cpus 2 --memory 2g -e PORT=8080 redline-gate-507afb0272  (exit 0)
5242d793eaab74f0fbdaa999c125c11931aa60f64cd69164b8e53d681c230874



RESULT: PASS — built and healthy offline at http://172.29.0.2:8080/health
--- service log (tail) ---

