$ docker build --label redline-gate=1 -t redline-gate-cb6a125d1c /tmp/redline-wt-2laqnnem/stage-2  (exit 0)

#0 building with "default" instance using docker driver

#1 [internal] load build definition from Dockerfile
#1 transferring dockerfile: 176B done
#1 DONE 0.0s

#2 [internal] load metadata for docker.io/library/python:3.12-slim
#2 DONE 0.0s

#3 [internal] load .dockerignore
#3 transferring context: 2B done
#3 DONE 0.0s

#4 [1/4] FROM docker.io/library/python:3.12-slim
#4 DONE 0.0s

#5 [internal] load build context
#5 transferring context: 111.30kB done
#5 DONE 0.0s

#6 [2/4] WORKDIR /app
#6 CACHED

#7 [3/4] COPY main.py ./main.py
#7 CACHED

#8 [4/4] COPY service ./service
#8 CACHED

#9 exporting to image
#9 exporting layers done
#9 writing image sha256:31a9322eb2c81f8c4f781220be14188983fbd2b4fbe6ff78b886ac85de6fadbf done
#9 naming to docker.io/library/redline-gate-cb6a125d1c done
#9 DONE 0.0s

$ docker network create --internal redline-net-8a4ec3cc70  (exit 0)
8034da867aa777526ba6ebbf39b58901ef2ca1825a3f8782d278154d578829d9


$ docker run -d --network redline-net-8a4ec3cc70 --cpus 2 --memory 2g -e PORT=8080 redline-gate-cb6a125d1c  (exit 0)
c87d63ca5d5d71650e643e06838b91a5b3ee9ddf0180cf2e6456a28d9ee9383e


$ /home/prashant/projects/band-work/result/.venv/bin/python -m pytest /tmp/redline-wt-2laqnnem/stage-1/tests -q -p no:cacheprovider --junitxml=/home/prashant/projects/band-work/result/evidence/gates/s2/N2-4-g5-20261004T210302-a41b.junit.xml  (exit 0)
........................................................................ [ 22%]
........................................................................ [ 45%]
........................................................................ [ 68%]
........................................................................ [ 91%]
..........................                                               [100%]
314 passed in 180.91s (0:03:00)


$ docker build --label redline-gate=1 -t redline-gate-0b68f11353 /tmp/redline-wt-2laqnnem/stage-1  (exit 0)

#0 building with "default" instance using docker driver

#1 [internal] load build definition from Dockerfile
#1 transferring dockerfile: 176B done
#1 DONE 0.0s

#2 [internal] load metadata for docker.io/library/python:3.12-slim
#2 DONE 0.0s

#3 [internal] load .dockerignore
#3 transferring context: 2B done
#3 DONE 0.0s

#4 [1/4] FROM docker.io/library/python:3.12-slim
#4 DONE 0.0s

#5 [internal] load build context
#5 transferring context: 85.82kB done
#5 DONE 0.0s

#6 [3/4] COPY main.py ./main.py
#6 CACHED

#7 [2/4] WORKDIR /app
#7 CACHED

#8 [4/4] COPY service ./service
#8 CACHED

#9 exporting to image
#9 exporting layers done
#9 writing image sha256:c705bbc19829da55d08d0e7825a47876ea179dc94ac43cdede3f1e40bd2a847b done
#9 naming to docker.io/library/redline-gate-0b68f11353 done
#9 DONE 0.0s

$ docker network create --internal redline-net-0356262733  (exit 0)
3adbfa325cb9e1c455328ca786974cd4516cb8ce4754bdfbf4acd3f62f34d005


$ docker run -d --network redline-net-0356262733 --cpus 2 --memory 2g -e PORT=8080 redline-gate-0b68f11353  (exit 0)
dd1d5b7cc34e64c20b53c95b20f56634af739ea8212fd8f079cabfccae895945


upgrade stage-1 -> stage-2: before={'balances': {'alice': 9869, 'bob': 5121, 'carol': 3000, 'dave': 7000, 'erin': 2020, 'frank': 1490}, 'identities': {'alice': ('u-alice', 'alice'), 'bob': ('u-bob', 'bob'), 'carol': ('u-carol', 'carol'), 'dave': ('u-dave', 'dave'), 'erin': ('u-erin', 'erin'), 'frank': ('u-frank', 'frank')}, 'wallets': {'alice': (9869, 0, 9869), 'bob': (5121, 0, 5121), 'carol': (3000, 0, 3000), 'dave': (7000, 0, 7000), 'erin': (2020, 0, 2020), 'frank': (1490, 0, 1490)}, 'requests': [('1h2deob2I4sg7xsbqlQ8Xw', 'paid', 'vtLBukr48OXfyUQKn3Nbgw'), ('f96Likg1HLpHbCNppqDSLg', 'pending', None), ('iYKYuCvtM1l60gysKJBzIA', 'paid', 'ZB0FDZBxLqTTSPBt0f6Vlw'), ('r-seed-1', 'pending', None), ('r-seed-2', 'pending', None), ('r-seed-3', 'declined', None), ('r-seed-4', 'cancelled', None), ('r-seed-5', 'paid', None)], 'authorizations': [], 'settlement_id': 'BmP8tPV3bb6BxBzKn7AGrw', 'settlement_members': [('uxCanQ9fTD69oAIMOwWkwQ', 10)], 'retry_identity': (200, {'payment_id': 'UpZBtHV_v0MeVne7snTczA', 'from_user_id': 'u-alice', 'from_handle': 'alice', 'to_user_id': 'u-bob', 'to_handle': 'bob', 'amount': 111, 'currency': 'EUR', 'note': 'populate', 'visibility': 'public', 'request_id': None, 'created_at': '2026-10-04T21:06:06+00:00', 'settlement_id': None}), 'capture_retry_identity': None} after={'balances': {'alice': 9869, 'bob': 5121, 'carol': 3000, 'dave': 7000, 'erin': 2020, 'frank': 1490}, 'identities': {'alice': ('u-alice', 'alice'), 'bob': ('u-bob', 'bob'), 'carol': ('u-carol', 'carol'), 'dave': ('u-dave', 'dave'), 'erin': ('u-erin', 'erin'), 'frank': ('u-frank', 'frank')}, 'wallets': {'alice': (9869, 0, 9869), 'bob': (5121, 0, 5121), 'carol': (3000, 0, 3000), 'dave': (7000, 0, 7000), 'erin': (2020, 0, 2020), 'frank': (1490, 0, 1490)}, 'requests': [('1h2deob2I4sg7xsbqlQ8Xw', 'paid', 'vtLBukr48OXfyUQKn3Nbgw'), ('f96Likg1HLpHbCNppqDSLg', 'pending', None), ('iYKYuCvtM1l60gysKJBzIA', 'paid', 'ZB0FDZBxLqTTSPBt0f6Vlw'), ('r-seed-1', 'pending', None), ('r-seed-2', 'pending', None), ('r-seed-3', 'declined', None), ('r-seed-4', 'cancelled', None), ('r-seed-5', 'paid', None)], 'authorizations': [], 'settlement_id': 'BmP8tPV3bb6BxBzKn7AGrw', 'settlement_members': [('uxCanQ9fTD69oAIMOwWkwQ', 10)], 'retry_identity': (200, {'payment_id': 'UpZBtHV_v0MeVne7snTczA', 'from_user_id': 'u-alice', 'from_handle': 'alice', 'to_user_id': 'u-bob', 'to_handle': 'bob', 'amount': 111, 'currency': 'EUR', 'note': 'populate', 'visibility': 'public', 'request_id': None, 'created_at': '2026-10-04T21:06:06+00:00', 'settlement_id': None}), 'capture_retry_identity': None}
--- service log (tail) ---


RESULT: PASS — 314 earlier tests pass; upgrade from stage-1 ok
--- service log (tail) ---

