$ docker build --label redline-gate=1 -t redline-gate-4c2adc3a1f /tmp/redline-wt-iyzp9t06/stage-2  (exit 0)

#0 building with "default" instance using docker driver

#1 [internal] load build definition from Dockerfile
#1 transferring dockerfile: 176B done
#1 DONE 0.0s

#2 [internal] load metadata for docker.io/library/python:3.12-slim
#2 DONE 0.0s

#3 [internal] load .dockerignore
#3 transferring context: 2B done
#3 DONE 0.0s

#4 [1/4] FROM docker.io/library/python:3.12-slim
#4 DONE 0.0s

#5 [internal] load build context
#5 transferring context: 171.44kB done
#5 DONE 0.0s

#6 [2/4] WORKDIR /app
#6 CACHED

#7 [3/4] COPY main.py ./main.py
#7 CACHED

#8 [4/4] COPY service ./service
#8 CACHED

#9 exporting to image
#9 exporting layers done
#9 writing image sha256:b099964b41d70686e400fd8981a436e464805f201bf7bcf4b8b1bbb6bfb105b6 done
#9 naming to docker.io/library/redline-gate-4c2adc3a1f done
#9 DONE 0.0s

$ docker network create --internal redline-net-6a1a860c6c  (exit 0)
54274a9f611c1aabcb8028629885804c99eade3e53a3df75bc7b5e2b66320519


$ docker run -d --network redline-net-6a1a860c6c --cpus 2 --memory 2g -e PORT=8080 redline-gate-4c2adc3a1f  (exit 0)
40b448fc063b48ace27693edf22b08fdff2edbf3664cf1985b6170fd3ec90253



RESULT: PASS — built and healthy offline at http://172.29.0.2:8080/health
--- service log (tail) ---

