$ docker build --label redline-gate=1 -t redline-gate-077ee1da62 /tmp/redline-wt-uhh05l4l/stage-2  (exit 0)

#0 building with "default" instance using docker driver

#1 [internal] load build definition from Dockerfile
#1 transferring dockerfile: 176B done
#1 DONE 0.0s

#2 [internal] load metadata for docker.io/library/python:3.12-slim
#2 DONE 0.0s

#3 [internal] load .dockerignore
#3 transferring context: 2B done
#3 DONE 0.0s

#4 [1/4] FROM docker.io/library/python:3.12-slim
#4 DONE 0.0s

#5 [internal] load build context
#5 transferring context: 151.76kB done
#5 DONE 0.0s

#6 [3/4] COPY main.py ./main.py
#6 CACHED

#7 [2/4] WORKDIR /app
#7 CACHED

#8 [4/4] COPY service ./service
#8 CACHED

#9 exporting to image
#9 exporting layers done
#9 writing image sha256:9b279c516891ad6d54b4df5231e12454e47bd57efdc4a4c48645db0b303218f1 done
#9 naming to docker.io/library/redline-gate-077ee1da62 done
#9 DONE 0.0s

$ docker network create --internal redline-net-758d9adc37  (exit 0)
d5ebc26842bfe761168b6b07b3bc6a21cb4002beeaa6ae7cea4bbc426f89d8b0


$ docker run -d --network redline-net-758d9adc37 --cpus 2 --memory 2g -e PORT=8080 redline-gate-077ee1da62  (exit 0)
073c76e0cd1b2c92e70bc1c7ee65807c6dfffa15fc91579f9f922370fa1cfc26



RESULT: PASS — built and healthy offline at http://172.29.0.2:8080/health
--- service log (tail) ---

