$ docker build --label redline-gate=1 -t redline-gate-e9dbfb30fb /tmp/redline-wt-mpwkxng4/stage-2  (exit 0)

#0 building with "default" instance using docker driver

#1 [internal] load build definition from Dockerfile
#1 transferring dockerfile: 176B done
#1 DONE 0.0s

#2 [internal] load metadata for docker.io/library/python:3.12-slim
#2 DONE 0.0s

#3 [internal] load .dockerignore
#3 transferring context: 2B done
#3 DONE 0.0s

#4 [1/4] FROM docker.io/library/python:3.12-slim
#4 DONE 0.0s

#5 [internal] load build context
#5 transferring context: 151.97kB done
#5 DONE 0.0s

#6 [2/4] WORKDIR /app
#6 CACHED

#7 [3/4] COPY main.py ./main.py
#7 CACHED

#8 [4/4] COPY service ./service
#8 CACHED

#9 exporting to image
#9 exporting layers done
#9 writing image sha256:dbec1d33c7dd52035040af33574ddbed2eddc4ac6bcd082db820472accea7f5d done
#9 naming to docker.io/library/redline-gate-e9dbfb30fb done
#9 DONE 0.0s

$ docker network create --internal redline-net-0e3c259f1b  (exit 0)
9ad7ecd77e06a7f45402ebee3b82f146e267f6c02f6fceceac1344e9f1c6e9ff


$ docker run -d --network redline-net-0e3c259f1b --cpus 2 --memory 2g -e PORT=8080 redline-gate-e9dbfb30fb  (exit 0)
a8fa4cff108c8ff153f9911febd805545fea09cbe85e7133d7619f97ec602fec


$ /home/prashant/projects/band-work/result/.venv/bin/python -m pytest /tmp/redline-wt-mpwkxng4/stage-1/tests -q -p no:cacheprovider --junitxml=/home/prashant/projects/band-work/result/evidence/gates/s2/N2-5B-g5-20261004T225757-f61a.junit.xml  (exit 0)
........................................................................ [ 22%]
........................................................................ [ 45%]
........................................................................ [ 68%]
........................................................................ [ 91%]
..........................                                               [100%]
314 passed in 180.92s (0:03:00)


$ docker build --label redline-gate=1 -t redline-gate-af274f8991 /tmp/redline-wt-mpwkxng4/stage-1  (exit 0)

#0 building with "default" instance using docker driver

#1 [internal] load build definition from Dockerfile
#1 transferring dockerfile: 176B done
#1 DONE 0.0s

#2 [internal] load metadata for docker.io/library/python:3.12-slim
#2 DONE 0.0s

#3 [internal] load .dockerignore
#3 transferring context: 2B done
#3 DONE 0.0s

#4 [1/4] FROM docker.io/library/python:3.12-slim
#4 DONE 0.0s

#5 [internal] load build context
#5 transferring context: 85.82kB done
#5 DONE 0.0s

#6 [2/4] WORKDIR /app
#6 CACHED

#7 [3/4] COPY main.py ./main.py
#7 CACHED

#8 [4/4] COPY service ./service
#8 CACHED

#9 exporting to image
#9 exporting layers done
#9 writing image sha256:c705bbc19829da55d08d0e7825a47876ea179dc94ac43cdede3f1e40bd2a847b done
#9 naming to docker.io/library/redline-gate-af274f8991 done
#9 DONE 0.0s

$ docker network create --internal redline-net-e790a32786  (exit 0)
43e34fe3e82b31baa90d78ea80773e42a592b3d507b0d8644a1bea9b7a4376ee


$ docker run -d --network redline-net-e790a32786 --cpus 2 --memory 2g -e PORT=8080 redline-gate-af274f8991  (exit 0)
348e1432d200ed1b58b5cd850e361c0e21e6bcc1395a2d0503132944ab716a54


upgrade stage-1 -> stage-2: before={'balances': {'alice': 9869, 'bob': 5121, 'carol': 3000, 'dave': 7000, 'erin': 2020, 'frank': 1490}, 'identities': {'alice': ('u-alice', 'alice'), 'bob': ('u-bob', 'bob'), 'carol': ('u-carol', 'carol'), 'dave': ('u-dave', 'dave'), 'erin': ('u-erin', 'erin'), 'frank': ('u-frank', 'frank')}, 'wallets': {'alice': (9869, 0, 9869), 'bob': (5121, 0, 5121), 'carol': (3000, 0, 3000), 'dave': (7000, 0, 7000), 'erin': (2020, 0, 2020), 'frank': (1490, 0, 1490)}, 'requests': [('FxjlXRowKRWiIiaDkLKMOA', 'pending', None), ('jfycc1tKgLRBNJoCoj-vaw', 'paid', 'ATUqFz_esquDYy4_w4_JCQ'), ('nWuczWiGklzpQOibTcmMfw', 'paid', 'BjibCISNROTrFRPkmRcW1Q'), ('r-seed-1', 'pending', None), ('r-seed-2', 'pending', None), ('r-seed-3', 'declined', None), ('r-seed-4', 'cancelled', None), ('r-seed-5', 'paid', None)], 'authorizations': [], 'settlement_id': 'WXcjO9rk1btS-83BDPLVYA', 'settlement_members': [('AKJzkcQfYQqdT-QtKeqOjA', 10)], 'retry_identity': (200, {'payment_id': 'cMpvjIjE6aI06eeYN3S5BQ', 'from_user_id': 'u-alice', 'from_handle': 'alice', 'to_user_id': 'u-bob', 'to_handle': 'bob', 'amount': 111, 'currency': 'EUR', 'note': 'populate', 'visibility': 'public', 'request_id': None, 'created_at': '2026-10-04T23:01:00+00:00', 'settlement_id': None}), 'capture_retry_identity': None} after={'balances': {'alice': 9869, 'bob': 5121, 'carol': 3000, 'dave': 7000, 'erin': 2020, 'frank': 1490}, 'identities': {'alice': ('u-alice', 'alice'), 'bob': ('u-bob', 'bob'), 'carol': ('u-carol', 'carol'), 'dave': ('u-dave', 'dave'), 'erin': ('u-erin', 'erin'), 'frank': ('u-frank', 'frank')}, 'wallets': {'alice': (9869, 0, 9869), 'bob': (5121, 0, 5121), 'carol': (3000, 0, 3000), 'dave': (7000, 0, 7000), 'erin': (2020, 0, 2020), 'frank': (1490, 0, 1490)}, 'requests': [('FxjlXRowKRWiIiaDkLKMOA', 'pending', None), ('jfycc1tKgLRBNJoCoj-vaw', 'paid', 'ATUqFz_esquDYy4_w4_JCQ'), ('nWuczWiGklzpQOibTcmMfw', 'paid', 'BjibCISNROTrFRPkmRcW1Q'), ('r-seed-1', 'pending', None), ('r-seed-2', 'pending', None), ('r-seed-3', 'declined', None), ('r-seed-4', 'cancelled', None), ('r-seed-5', 'paid', None)], 'authorizations': [], 'settlement_id': 'WXcjO9rk1btS-83BDPLVYA', 'settlement_members': [('AKJzkcQfYQqdT-QtKeqOjA', 10)], 'retry_identity': (200, {'payment_id': 'cMpvjIjE6aI06eeYN3S5BQ', 'from_user_id': 'u-alice', 'from_handle': 'alice', 'to_user_id': 'u-bob', 'to_handle': 'bob', 'amount': 111, 'currency': 'EUR', 'note': 'populate', 'visibility': 'public', 'request_id': None, 'created_at': '2026-10-04T23:01:00+00:00', 'settlement_id': None}), 'capture_retry_identity': None}
--- service log (tail) ---


RESULT: PASS — 314 earlier tests pass; upgrade from stage-1 ok
--- service log (tail) ---

