$ docker build --label redline-gate=1 -t redline-gate-56f888e4c4 /tmp/redline-wt-6c_843qm/stage-2  (exit 0)

#0 building with "default" instance using docker driver

#1 [internal] load build definition from Dockerfile
#1 transferring dockerfile: 176B done
#1 DONE 0.0s

#2 [internal] load metadata for docker.io/library/python:3.12-slim
#2 DONE 0.0s

#3 [internal] load .dockerignore
#3 transferring context: 2B done
#3 DONE 0.0s

#4 [1/4] FROM docker.io/library/python:3.12-slim
#4 DONE 0.0s

#5 [internal] load build context
#5 transferring context: 171.44kB done
#5 DONE 0.0s

#6 [2/4] WORKDIR /app
#6 CACHED

#7 [3/4] COPY main.py ./main.py
#7 CACHED

#8 [4/4] COPY service ./service
#8 DONE 0.0s

#9 exporting to image
#9 exporting layers 0.0s done
#9 writing image sha256:b099964b41d70686e400fd8981a436e464805f201bf7bcf4b8b1bbb6bfb105b6 done
#9 naming to docker.io/library/redline-gate-56f888e4c4 done
#9 DONE 0.0s

$ docker network create --internal redline-net-528e53f439  (exit 0)
bf7bc6b46320283d95a1539909664701e6d6fa590ecff6df7df343a4458ff29b


$ docker run -d --network redline-net-528e53f439 --cpus 2 --memory 2g -e PORT=8080 redline-gate-56f888e4c4  (exit 0)
ce44dc657fd00a036194a6f64525f6d55dfef2bc2956281adb6c4f95644858ff



RESULT: PASS — built and healthy offline at http://172.29.0.2:8080/health
--- service log (tail) ---

