$ docker build --label redline-gate=1 -t redline-gate-e9dbfb30fb /tmp/redline-wt-mpwkxng4/stage-2  (exit 0)

#0 building with "default" instance using docker driver

#1 [internal] load build definition from Dockerfile
#1 transferring dockerfile: 176B done
#1 DONE 0.0s

#2 [internal] load metadata for docker.io/library/python:3.12-slim
#2 DONE 0.0s

#3 [internal] load .dockerignore
#3 transferring context: 2B done
#3 DONE 0.0s

#4 [1/4] FROM docker.io/library/python:3.12-slim
#4 DONE 0.0s

#5 [internal] load build context
#5 transferring context: 151.97kB done
#5 DONE 0.0s

#6 [3/4] COPY main.py ./main.py
#6 CACHED

#7 [2/4] WORKDIR /app
#7 CACHED

#8 [4/4] COPY service ./service
#8 CACHED

#9 exporting to image
#9 exporting layers done
#9 writing image sha256:dbec1d33c7dd52035040af33574ddbed2eddc4ac6bcd082db820472accea7f5d done
#9 naming to docker.io/library/redline-gate-e9dbfb30fb done
#9 DONE 0.0s

$ docker network create --internal redline-net-51b843d707  (exit 0)
a75fb7264e961b681d74730938939a6cce46664400832c508c9bff86a730dfde


$ docker run -d --network redline-net-51b843d707 --cpus 2 --memory 2g -e PORT=8080 redline-gate-e9dbfb30fb  (exit 0)
d48ad3fc74425a56b3500caeee798e9eb5cc3e5190aacc26ad7e5f5aa0d5b9e1



RESULT: PASS — built and healthy offline at http://172.29.0.2:8080/health
--- service log (tail) ---

