$ docker build --label redline-gate=1 -t redline-gate-26f4ae6a91 /tmp/redline-wt-zaa8lf4f/stage-2  (exit 0)

#0 building with "default" instance using docker driver

#1 [internal] load build definition from Dockerfile
#1 transferring dockerfile: 176B done
#1 DONE 0.0s

#2 [internal] load metadata for docker.io/library/python:3.12-slim
#2 DONE 0.0s

#3 [internal] load .dockerignore
#3 transferring context: 2B done
#3 DONE 0.0s

#4 [1/4] FROM docker.io/library/python:3.12-slim
#4 DONE 0.0s

#5 [internal] load build context
#5 transferring context: 135.53kB done
#5 DONE 0.0s

#6 [2/4] WORKDIR /app
#6 CACHED

#7 [3/4] COPY main.py ./main.py
#7 CACHED

#8 [4/4] COPY service ./service
#8 CACHED

#9 exporting to image
#9 exporting layers done
#9 writing image sha256:cdfbc4e629fd1727bd7c33cef012bc2b4597a016de21e2c56165150bd6b98e87 done
#9 naming to docker.io/library/redline-gate-26f4ae6a91 done
#9 DONE 0.0s

$ docker network create --internal redline-net-2f7e35114f  (exit 0)
238dadb418b6c42d915c6246999bd07f898d6c7a20fddf2f74ee98f741823517


$ docker run -d --network redline-net-2f7e35114f --cpus 2 --memory 2g -e PORT=8080 redline-gate-26f4ae6a91  (exit 0)
433f4ee5cfb4ab91d73c5829e9125943f5709e6c09efa74cfd8d387fd1d06894



RESULT: PASS — built and healthy offline at http://172.27.0.2:8080/health
--- service log (tail) ---

