$ docker build --label redline-gate=1 -t redline-gate-8e7bba71f4 /tmp/redline-wt-kidw3qbv/stage-2  (exit 0)

#0 building with "default" instance using docker driver

#1 [internal] load build definition from Dockerfile
#1 transferring dockerfile: 176B done
#1 DONE 0.0s

#2 [internal] load metadata for docker.io/library/python:3.12-slim
#2 DONE 0.0s

#3 [internal] load .dockerignore
#3 transferring context: 2B done
#3 DONE 0.0s

#4 [1/4] FROM docker.io/library/python:3.12-slim
#4 DONE 0.0s

#5 [internal] load build context
#5 transferring context: 151.76kB done
#5 DONE 0.0s

#6 [2/4] WORKDIR /app
#6 CACHED

#7 [3/4] COPY main.py ./main.py
#7 CACHED

#8 [4/4] COPY service ./service
#8 DONE 0.0s

#9 exporting to image
#9 exporting layers 0.0s done
#9 writing image sha256:9b279c516891ad6d54b4df5231e12454e47bd57efdc4a4c48645db0b303218f1 done
#9 naming to docker.io/library/redline-gate-8e7bba71f4 done
#9 DONE 0.0s

$ docker network create --internal redline-net-4b25c234b2  (exit 0)
2324cd6b84b91e700e675c13b605addc2b881d5376635c318c30acb01ee98f14


$ docker run -d --network redline-net-4b25c234b2 --cpus 2 --memory 2g -e PORT=8080 redline-gate-8e7bba71f4  (exit 0)
49599500edf5d6454d585b45d76100f836ff513f97469a7893cf74e91c4283d6



RESULT: PASS — built and healthy offline at http://172.31.0.2:8080/health
--- service log (tail) ---

