$ docker build --label redline-gate=1 -t redline-gate-f41b0b1950 /tmp/redline-wt-6ko08s3i/stage-2  (exit 0)

#0 building with "default" instance using docker driver

#1 [internal] load build definition from Dockerfile
#1 transferring dockerfile: 176B done
#1 DONE 0.0s

#2 [internal] load metadata for docker.io/library/python:3.12-slim
#2 DONE 0.0s

#3 [internal] load .dockerignore
#3 transferring context: 2B done
#3 DONE 0.0s

#4 [1/4] FROM docker.io/library/python:3.12-slim
#4 DONE 0.0s

#5 [internal] load build context
#5 transferring context: 135.53kB done
#5 DONE 0.0s

#6 [2/4] WORKDIR /app
#6 CACHED

#7 [3/4] COPY main.py ./main.py
#7 CACHED

#8 [4/4] COPY service ./service
#8 DONE 0.0s

#9 exporting to image
#9 exporting layers 0.0s done
#9 writing image sha256:cdfbc4e629fd1727bd7c33cef012bc2b4597a016de21e2c56165150bd6b98e87 done
#9 naming to docker.io/library/redline-gate-f41b0b1950 done
#9 DONE 0.1s

$ docker network create --internal redline-net-ac6515bb9b  (exit 0)
5a97b3134ac8e61189d20c3bcbdc4c1d4df046dc4be8300b43fae88ad77ce6b6


$ docker run -d --network redline-net-ac6515bb9b --cpus 2 --memory 2g -e PORT=8080 redline-gate-f41b0b1950  (exit 0)
35af1256087663a8dd4b9f5f3f2e9b41b8ab87e95407925dbcb18986f69830b0



RESULT: PASS — built and healthy offline at http://172.29.0.2:8080/health
--- service log (tail) ---

