$ docker build --label redline-gate=1 -t redline-gate-f80f4302bb /tmp/redline-wt-5zgjjniv/stage-2  (exit 0)

#0 building with "default" instance using docker driver

#1 [internal] load build definition from Dockerfile
#1 transferring dockerfile: 176B done
#1 DONE 0.0s

#2 [internal] load metadata for docker.io/library/python:3.12-slim
#2 DONE 0.0s

#3 [internal] load .dockerignore
#3 transferring context: 2B done
#3 DONE 0.0s

#4 [1/4] FROM docker.io/library/python:3.12-slim
#4 DONE 0.0s

#5 [internal] load build context
#5 transferring context: 191.06kB done
#5 DONE 0.0s

#6 [2/4] WORKDIR /app
#6 CACHED

#7 [3/4] COPY main.py ./main.py
#7 CACHED

#8 [4/4] COPY service ./service
#8 DONE 0.0s

#9 exporting to image
#9 exporting layers 0.0s done
#9 writing image sha256:3273870e12e9068f799be5b63ed5650b21d1fbf4d7a57143e06af88e64b7a8ce done
#9 naming to docker.io/library/redline-gate-f80f4302bb done
#9 DONE 0.0s

$ docker network create --internal redline-net-423a25d8ff  (exit 0)
da30b76f63fb26f38a4834facda7f11ee3fe48160c858f05b36401c354b1956b


$ docker run -d --network redline-net-423a25d8ff --cpus 2 --memory 2g -e PORT=8080 redline-gate-f80f4302bb  (exit 0)
bb372df849ad565d20e1857393550eb891a4fe0e155d7a4a3a7491b3eeff2dd5



RESULT: PASS — built and healthy offline at http://172.29.0.2:8080/health
--- service log (tail) ---

