$ docker build --label redline-gate=1 -t redline-gate-bbc230d556 /tmp/redline-wt-qtfjlmys/stage-2  (exit 0)

#0 building with "default" instance using docker driver

#1 [internal] load build definition from Dockerfile
#1 transferring dockerfile: 176B done
#1 DONE 0.0s

#2 [internal] load metadata for docker.io/library/python:3.12-slim
#2 DONE 0.0s

#3 [internal] load .dockerignore
#3 transferring context: 2B done
#3 DONE 0.0s

#4 [1/4] FROM docker.io/library/python:3.12-slim
#4 DONE 0.0s

#5 [internal] load build context
#5 transferring context: 190.96kB done
#5 DONE 0.0s

#6 [2/4] WORKDIR /app
#6 CACHED

#7 [3/4] COPY main.py ./main.py
#7 CACHED

#8 [4/4] COPY service ./service
#8 DONE 0.0s

#9 exporting to image
#9 exporting layers 0.0s done
#9 writing image sha256:2158010c8a611a83b91e285e2c3413ea7c75665326dede9558e059ffe99ebdb3 done
#9 naming to docker.io/library/redline-gate-bbc230d556 done
#9 DONE 0.0s

$ docker network create --internal redline-net-1ea2776d9b  (exit 0)
6ca0469cefe62de1f8693a44fd288335ff394f71aceec433d9f4048f74e23491


$ docker run -d --network redline-net-1ea2776d9b --cpus 2 --memory 2g -e PORT=8080 redline-gate-bbc230d556  (exit 0)
057cd18606096672f324bac28773707f1b094123855ff09d2ccb36145a79f26b



RESULT: PASS — built and healthy offline at http://172.29.0.2:8080/health
--- service log (tail) ---

