$ docker build --label redline-gate=1 -t redline-gate-ed32e21ebd /tmp/redline-wt-kvz4m1st/stage-2  (exit 0)

#0 building with "default" instance using docker driver

#1 [internal] load build definition from Dockerfile
#1 transferring dockerfile: 176B done
#1 DONE 0.0s

#2 [internal] load metadata for docker.io/library/python:3.12-slim
#2 DONE 0.0s

#3 [internal] load .dockerignore
#3 transferring context: 2B done
#3 DONE 0.0s

#4 [1/4] FROM docker.io/library/python:3.12-slim
#4 DONE 0.0s

#5 [internal] load build context
#5 transferring context: 171.15kB done
#5 DONE 0.0s

#6 [2/4] WORKDIR /app
#6 CACHED

#7 [3/4] COPY main.py ./main.py
#7 CACHED

#8 [4/4] COPY service ./service
#8 DONE 0.0s

#9 exporting to image
#9 exporting layers 0.0s done
#9 writing image sha256:7682e3e9b2071854ab48761ecbbd9c76dbf8cc7f96140161da13e34b09a05514 done
#9 naming to docker.io/library/redline-gate-ed32e21ebd done
#9 DONE 0.0s

$ docker network create --internal redline-net-1936c29284  (exit 0)
6d1ef55a073b3cacf763a5e5f5837892fc0ab30d188cde839ec53273f868e46b


$ docker run -d --network redline-net-1936c29284 --cpus 2 --memory 2g -e PORT=8080 redline-gate-ed32e21ebd  (exit 0)
43e5d6e8c20a8de0bc21792cc52f043e1f7ba6cea57e9dd04d4d18427ea6e2da



RESULT: PASS — built and healthy offline at http://172.31.0.2:8080/health
--- service log (tail) ---

