$ docker build --label redline-gate=1 -t redline-gate-778d424796 /tmp/redline-wt-ogcqcymi/stage-2  (exit 0)

#0 building with "default" instance using docker driver

#1 [internal] load build definition from Dockerfile
#1 transferring dockerfile: 176B done
#1 DONE 0.0s

#2 [internal] load metadata for docker.io/library/python:3.12-slim
#2 DONE 0.0s

#3 [internal] load .dockerignore
#3 transferring context: 2B done
#3 DONE 0.0s

#4 [1/4] FROM docker.io/library/python:3.12-slim
#4 DONE 0.0s

#5 [internal] load build context
#5 transferring context: 171.15kB done
#5 DONE 0.0s

#6 [2/4] WORKDIR /app
#6 CACHED

#7 [3/4] COPY main.py ./main.py
#7 CACHED

#8 [4/4] COPY service ./service
#8 CACHED

#9 exporting to image
#9 exporting layers done
#9 writing image sha256:3d9af43535e42362bdfec84e59b94c04d738a0eef7995821a4af27a25a2ac39c done
#9 naming to docker.io/library/redline-gate-778d424796 done
#9 DONE 0.0s

$ docker network create --internal redline-net-5c82b9e970  (exit 0)
7f6a6b72389e873a36826e14070c704830ae4c65bdf1b3405ac23af06c0c1921


$ docker run -d --network redline-net-5c82b9e970 --cpus 2 --memory 2g -e PORT=8080 redline-gate-778d424796  (exit 0)
9b0bdbb045a829ec995fa93397d6d1565182e709858bf0ab582f3bf5691fa2d9



RESULT: PASS — built and healthy offline at http://172.30.0.2:8080/health
--- service log (tail) ---

