$ docker build --label redline-gate=1 -t redline-gate-d39cd4aec0 /tmp/redline-wt-kxygu0rm/stage-2  (exit 0)

#0 building with "default" instance using docker driver

#1 [internal] load build definition from Dockerfile
#1 transferring dockerfile: 176B done
#1 DONE 0.0s

#2 [internal] load metadata for docker.io/library/python:3.12-slim
#2 DONE 0.0s

#3 [internal] load .dockerignore
#3 transferring context: 2B done
#3 DONE 0.0s

#4 [1/4] FROM docker.io/library/python:3.12-slim
#4 DONE 0.0s

#5 [internal] load build context
#5 transferring context: 171.15kB done
#5 DONE 0.0s

#6 [2/4] WORKDIR /app
#6 CACHED

#7 [3/4] COPY main.py ./main.py
#7 CACHED

#8 [4/4] COPY service ./service
#8 DONE 0.0s

#9 exporting to image
#9 exporting layers 0.0s done
#9 writing image sha256:3d9af43535e42362bdfec84e59b94c04d738a0eef7995821a4af27a25a2ac39c done
#9 naming to docker.io/library/redline-gate-d39cd4aec0 done
#9 DONE 0.0s

$ docker network create --internal redline-net-c57d95a8c4  (exit 0)
5dce3d46d482a359ecc4a82205b2b442397994268229df10156bb720a9df9c5f


$ docker run -d --network redline-net-c57d95a8c4 --cpus 2 --memory 2g -e PORT=8080 redline-gate-d39cd4aec0  (exit 0)
f7befd73e1b6f3b265924746cde7af4107c48589d221d9e02c35310741410d1c



RESULT: PASS — built and healthy offline at http://172.30.0.2:8080/health
--- service log (tail) ---

