$ docker build --label redline-gate=1 -t redline-gate-83d912ba31 /tmp/redline-wt-st2jhhsp/stage-2  (exit 0)

#0 building with "default" instance using docker driver

#1 [internal] load build definition from Dockerfile
#1 transferring dockerfile: 176B done
#1 DONE 0.0s

#2 [internal] load metadata for docker.io/library/python:3.12-slim
#2 DONE 0.0s

#3 [internal] load .dockerignore
#3 transferring context: 2B done
#3 DONE 0.0s

#4 [1/4] FROM docker.io/library/python:3.12-slim
#4 DONE 0.0s

#5 [internal] load build context
#5 transferring context: 111.30kB done
#5 DONE 0.0s

#6 [3/4] COPY main.py ./main.py
#6 CACHED

#7 [2/4] WORKDIR /app
#7 CACHED

#8 [4/4] COPY service ./service
#8 CACHED

#9 exporting to image
#9 exporting layers done
#9 writing image sha256:31a9322eb2c81f8c4f781220be14188983fbd2b4fbe6ff78b886ac85de6fadbf done
#9 naming to docker.io/library/redline-gate-83d912ba31 done
#9 DONE 0.0s

$ docker network create --internal redline-net-9a8cf27ce4  (exit 0)
33c54b65aa5bd79da279d753fbe97c475e6c203150284014c9e7855a1d9ee36c


$ docker run -d --network redline-net-9a8cf27ce4 --cpus 2 --memory 2g -e PORT=8080 redline-gate-83d912ba31  (exit 0)
af5366ad7e3665b6cc528dc49e75362111c022941750926f475fd7634c979525


$ /home/prashant/projects/band-work/result/.venv/bin/python -m pytest /tmp/redline-wt-st2jhhsp/stage-1/tests -q -p no:cacheprovider --junitxml=/home/prashant/projects/band-work/result/evidence/gates/s2/N2-T2-g5-20261004T210734-a242.junit.xml  (exit 0)
........................................................................ [ 22%]
........................................................................ [ 45%]
........................................................................ [ 68%]
........................................................................ [ 91%]
..........................                                               [100%]
314 passed in 179.73s (0:02:59)


$ docker build --label redline-gate=1 -t redline-gate-05ce9120bb /tmp/redline-wt-st2jhhsp/stage-1  (exit 0)

#0 building with "default" instance using docker driver

#1 [internal] load build definition from Dockerfile
#1 transferring dockerfile: 176B done
#1 DONE 0.0s

#2 [internal] load metadata for docker.io/library/python:3.12-slim
#2 DONE 0.0s

#3 [internal] load .dockerignore
#3 transferring context: 2B done
#3 DONE 0.0s

#4 [1/4] FROM docker.io/library/python:3.12-slim
#4 DONE 0.0s

#5 [internal] load build context
#5 transferring context: 85.82kB done
#5 DONE 0.0s

#6 [2/4] WORKDIR /app
#6 CACHED

#7 [3/4] COPY main.py ./main.py
#7 CACHED

#8 [4/4] COPY service ./service
#8 CACHED

#9 exporting to image
#9 exporting layers done
#9 writing image sha256:c705bbc19829da55d08d0e7825a47876ea179dc94ac43cdede3f1e40bd2a847b done
#9 naming to docker.io/library/redline-gate-05ce9120bb done
#9 DONE 0.0s

$ docker network create --internal redline-net-8f700f1793  (exit 0)
267a5cd81a05c1824641de6b114e6549435e846a8f5de82cdb7dd304c8691c30


$ docker run -d --network redline-net-8f700f1793 --cpus 2 --memory 2g -e PORT=8080 redline-gate-05ce9120bb  (exit 0)
7b3368005edde417252ebc9fa404b1a7a0a385912285a4829721209b3e9b67f2


upgrade stage-1 -> stage-2: before={'balances': {'alice': 9869, 'bob': 5121, 'carol': 3000, 'dave': 7000, 'erin': 2020, 'frank': 1490}, 'identities': {'alice': ('u-alice', 'alice'), 'bob': ('u-bob', 'bob'), 'carol': ('u-carol', 'carol'), 'dave': ('u-dave', 'dave'), 'erin': ('u-erin', 'erin'), 'frank': ('u-frank', 'frank')}, 'wallets': {'alice': (9869, 0, 9869), 'bob': (5121, 0, 5121), 'carol': (3000, 0, 3000), 'dave': (7000, 0, 7000), 'erin': (2020, 0, 2020), 'frank': (1490, 0, 1490)}, 'requests': [('30S2bLtyqdRzWk0vnrQc9A', 'paid', 'm0iJlolKgIIdnLjxej1kYw'), ('68Sihk1rqdc4JzVoEjS_yg', 'pending', None), ('r-seed-1', 'pending', None), ('r-seed-2', 'pending', None), ('r-seed-3', 'declined', None), ('r-seed-4', 'cancelled', None), ('r-seed-5', 'paid', None), ('w6vcVWkHmoQunxgM8wfaFg', 'paid', 'V5_LAl31Lj_onR7YzvRLGg')], 'authorizations': [], 'settlement_id': 'V__QaOc8p2wBk7e38WAz-Q', 'settlement_members': [('hX2CyXenmP3Hmf6BzVBbQw', 10)], 'retry_identity': (200, {'payment_id': 'HGQfxYcaih8FVK4Qpg0Y1g', 'from_user_id': 'u-alice', 'from_handle': 'alice', 'to_user_id': 'u-bob', 'to_handle': 'bob', 'amount': 111, 'currency': 'EUR', 'note': 'populate', 'visibility': 'public', 'request_id': None, 'created_at': '2026-10-04T21:10:36+00:00', 'settlement_id': None}), 'capture_retry_identity': None} after={'balances': {'alice': 9869, 'bob': 5121, 'carol': 3000, 'dave': 7000, 'erin': 2020, 'frank': 1490}, 'identities': {'alice': ('u-alice', 'alice'), 'bob': ('u-bob', 'bob'), 'carol': ('u-carol', 'carol'), 'dave': ('u-dave', 'dave'), 'erin': ('u-erin', 'erin'), 'frank': ('u-frank', 'frank')}, 'wallets': {'alice': (9869, 0, 9869), 'bob': (5121, 0, 5121), 'carol': (3000, 0, 3000), 'dave': (7000, 0, 7000), 'erin': (2020, 0, 2020), 'frank': (1490, 0, 1490)}, 'requests': [('30S2bLtyqdRzWk0vnrQc9A', 'paid', 'm0iJlolKgIIdnLjxej1kYw'), ('68Sihk1rqdc4JzVoEjS_yg', 'pending', None), ('r-seed-1', 'pending', None), ('r-seed-2', 'pending', None), ('r-seed-3', 'declined', None), ('r-seed-4', 'cancelled', None), ('r-seed-5', 'paid', None), ('w6vcVWkHmoQunxgM8wfaFg', 'paid', 'V5_LAl31Lj_onR7YzvRLGg')], 'authorizations': [], 'settlement_id': 'V__QaOc8p2wBk7e38WAz-Q', 'settlement_members': [('hX2CyXenmP3Hmf6BzVBbQw', 10)], 'retry_identity': (200, {'payment_id': 'HGQfxYcaih8FVK4Qpg0Y1g', 'from_user_id': 'u-alice', 'from_handle': 'alice', 'to_user_id': 'u-bob', 'to_handle': 'bob', 'amount': 111, 'currency': 'EUR', 'note': 'populate', 'visibility': 'public', 'request_id': None, 'created_at': '2026-10-04T21:10:36+00:00', 'settlement_id': None}), 'capture_retry_identity': None}
--- service log (tail) ---


RESULT: PASS — 314 earlier tests pass; upgrade from stage-1 ok
--- service log (tail) ---

